Component: ARM Compiler 5.06 update 7 (build 960) Tool: armlink [4d3601]

==============================================================================

Section Cross References

    startup_stm32f103xb.o(RESET) refers to startup_stm32f103xb.o(STACK) for __initial_sp
    startup_stm32f103xb.o(RESET) refers to startup_stm32f103xb.o(.text) for Reset_Handler
    startup_stm32f103xb.o(RESET) refers to stm32f1xx_it.o(i.NMI_Handler) for NMI_Handler
    startup_stm32f103xb.o(RESET) refers to stm32f1xx_it.o(i.HardFault_Handler) for HardFault_Handler
    startup_stm32f103xb.o(RESET) refers to stm32f1xx_it.o(i.MemManage_Handler) for MemManage_Handler
    startup_stm32f103xb.o(RESET) refers to stm32f1xx_it.o(i.BusFault_Handler) for BusFault_Handler
    startup_stm32f103xb.o(RESET) refers to stm32f1xx_it.o(i.UsageFault_Handler) for UsageFault_Handler
    startup_stm32f103xb.o(RESET) refers to port_1.o(.emb_text) for SVC_Handler
    startup_stm32f103xb.o(RESET) refers to stm32f1xx_it.o(i.DebugMon_Handler) for DebugMon_Handler
    startup_stm32f103xb.o(RESET) refers to cmsis_os2.o(i.SysTick_Handler) for SysTick_Handler
    startup_stm32f103xb.o(RESET) refers to stm32f1xx_it.o(i.TIM1_CC_IRQHandler) for TIM1_CC_IRQHandler
    startup_stm32f103xb.o(RESET) refers to porttimer.o(i.TIM3_IRQHandler) for TIM3_IRQHandler
    startup_stm32f103xb.o(RESET) refers to stm32f1xx_it.o(i.TIM4_IRQHandler) for TIM4_IRQHandler
    startup_stm32f103xb.o(RESET) refers to portserial.o(i.USART2_IRQHandler) for USART2_IRQHandler
    startup_stm32f103xb.o(.text) refers to system_stm32f1xx.o(i.SystemInit) for SystemInit
    startup_stm32f103xb.o(.text) refers to entry.o(.ARM.Collect$$$$00000000) for __main
    main.o(i.HAL_TIM_PeriodElapsedCallback) refers to stm32f1xx_hal.o(i.HAL_IncTick) for HAL_IncTick
    main.o(i.SystemClock_Config) refers to memseta.o(.text) for __aeabi_memclr4
    main.o(i.SystemClock_Config) refers to stm32f1xx_hal_rcc.o(i.HAL_RCC_OscConfig) for HAL_RCC_OscConfig
    main.o(i.SystemClock_Config) refers to main.o(i.Error_Handler) for Error_Handler
    main.o(i.SystemClock_Config) refers to stm32f1xx_hal_rcc.o(i.HAL_RCC_ClockConfig) for HAL_RCC_ClockConfig
    main.o(i.main) refers to stm32f1xx_hal.o(i.HAL_Init) for HAL_Init
    main.o(i.main) refers to main.o(i.SystemClock_Config) for SystemClock_Config
    main.o(i.main) refers to gpio.o(i.MX_GPIO_Init) for MX_GPIO_Init
    main.o(i.main) refers to i2c.o(i.MX_I2C2_Init) for MX_I2C2_Init
    main.o(i.main) refers to usart.o(i.MX_USART1_UART_Init) for MX_USART1_UART_Init
    main.o(i.main) refers to tim.o(i.MX_TIM1_Init) for MX_TIM1_Init
    main.o(i.main) refers to tim.o(i.MX_TIM3_Init) for MX_TIM3_Init
    main.o(i.main) refers to usart.o(i.MX_USART2_UART_Init) for MX_USART2_UART_Init
    main.o(i.main) refers to cmsis_os2.o(i.osKernelInitialize) for osKernelInitialize
    main.o(i.main) refers to freertos.o(i.MX_FREERTOS_Init) for MX_FREERTOS_Init
    main.o(i.main) refers to cmsis_os2.o(i.osKernelStart) for osKernelStart
    gpio.o(i.MX_GPIO_Init) refers to stm32f1xx_hal_gpio.o(i.HAL_GPIO_WritePin) for HAL_GPIO_WritePin
    gpio.o(i.MX_GPIO_Init) refers to stm32f1xx_hal_gpio.o(i.HAL_GPIO_Init) for HAL_GPIO_Init
    freertos.o(i.MX_FREERTOS_Init) refers to cmsis_os2.o(i.osMutexNew) for osMutexNew
    freertos.o(i.MX_FREERTOS_Init) refers to cmsis_os2.o(i.osThreadNew) for osThreadNew
    freertos.o(i.MX_FREERTOS_Init) refers to freertos.o(.constdata) for i2cMutex_attributes
    freertos.o(i.MX_FREERTOS_Init) refers to freertos.o(.data) for i2cMutexHandle
    freertos.o(i.MX_FREERTOS_Init) refers to app_key.o(i.StartKeyTask) for StartKeyTask
    freertos.o(i.MX_FREERTOS_Init) refers to app_display.o(i.StartDisplayTask) for StartDisplayTask
    freertos.o(i.MX_FREERTOS_Init) refers to app_modbus_run.o(i.StartModbusTask) for StartModbusTask
    freertos.o(i.StartDisplayTask) refers to cmsis_os2.o(i.osDelay) for osDelay
    freertos.o(i.StartKeyTask) refers to cmsis_os2.o(i.osDelay) for osDelay
    freertos.o(i.StartModbusTask) refers to cmsis_os2.o(i.osDelay) for osDelay
    freertos.o(.constdata) refers to freertos.o(.conststring) for .conststring
    i2c.o(i.HAL_I2C_MspDeInit) refers to stm32f1xx_hal_gpio.o(i.HAL_GPIO_DeInit) for HAL_GPIO_DeInit
    i2c.o(i.HAL_I2C_MspInit) refers to stm32f1xx_hal_gpio.o(i.HAL_GPIO_Init) for HAL_GPIO_Init
    i2c.o(i.MX_I2C2_Init) refers to stm32f1xx_hal_i2c.o(i.HAL_I2C_Init) for HAL_I2C_Init
    i2c.o(i.MX_I2C2_Init) refers to main.o(i.Error_Handler) for Error_Handler
    i2c.o(i.MX_I2C2_Init) refers to i2c.o(.bss) for hi2c2
    tim.o(i.HAL_TIM_Base_MspDeInit) refers to stm32f1xx_hal_cortex.o(i.HAL_NVIC_DisableIRQ) for HAL_NVIC_DisableIRQ
    tim.o(i.HAL_TIM_Base_MspInit) refers to stm32f1xx_hal_cortex.o(i.HAL_NVIC_SetPriority) for HAL_NVIC_SetPriority
    tim.o(i.HAL_TIM_Base_MspInit) refers to stm32f1xx_hal_cortex.o(i.HAL_NVIC_EnableIRQ) for HAL_NVIC_EnableIRQ
[...]
    xPendingReadyList                        0x20000e20   Data          20  tasks.o(.bss)
    xTasksWaitingTermination                 0x20000e34   Data          20  tasks.o(.bss)
    xSuspendedTaskList                       0x20000e48   Data          20  tasks.o(.bss)
    .bss                                     0x20000e5c   Section      280  timers.o(.bss)
    xActiveTimerList1                        0x20000e5c   Data          20  timers.o(.bss)
    xActiveTimerList2                        0x20000e70   Data          20  timers.o(.bss)
    xStaticTimerQueue                        0x20000e84   Data          80  timers.o(.bss)
    ucStaticTimerQueueStorage                0x20000ed4   Data         160  timers.o(.bss)
    .bss                                     0x20000f74   Section     1720  cmsis_os2.o(.bss)
    Idle_TCB                                 0x20000f74   Data          92  cmsis_os2.o(.bss)
    Idle_Stack                               0x20000fd0   Data         512  cmsis_os2.o(.bss)
    Timer_TCB                                0x200011d0   Data          92  cmsis_os2.o(.bss)
    Timer_Stack                              0x2000122c   Data        1024  cmsis_os2.o(.bss)
    .bss                                     0x2000162c   Section     6144  heap_4.o(.bss)
    ucHeap                                   0x2000162c   Data        6144  heap_4.o(.bss)
    STACK                                    0x20002e30   Section     1024  startup_stm32f103xb.o(STACK)

    Global Symbols

    Symbol Name                              Value     Ov Type        Size  Object(Section)

    BuildAttributes$$THM_ISAv4$P$D$K$B$S$PE$A:L22UL41UL21$X:L11$S22US41US21$IEEE1$IW$USESV6$~STKCKD$USESV7$~SHL$OTIME$ROPI$IEEEJ$EBA8$MICROLIB$REQ8$PRES8$EABIv2 0x00000000   Number         0  anon$$obj.o ABSOLUTE
    __ARM_use_no_argv                        0x00000000   Number         0  main.o ABSOLUTE
    _printf_a                                0x00000000   Number         0  stubs.o ABSOLUTE
    _printf_c                                0x00000000   Number         0  stubs.o ABSOLUTE
    _printf_charcount                        0x00000000   Number         0  stubs.o ABSOLUTE
    _printf_d                                0x00000000   Number         0  stubs.o ABSOLUTE
    _printf_e                                0x00000000   Number         0  stubs.o ABSOLUTE
    _printf_f                                0x00000000   Number         0  stubs.o ABSOLUTE
    _printf_flags                            0x00000000   Number         0  stubs.o ABSOLUTE
    _printf_fp_dec                           0x00000000   Number         0  stubs.o ABSOLUTE
    _printf_fp_hex                           0x00000000   Number         0  stubs.o ABSOLUTE
    _printf_g                                0x00000000   Number         0  stubs.o ABSOLUTE
    _printf_i                                0x00000000   Number         0  stubs.o ABSOLUTE
    _printf_int_dec                          0x00000000   Number         0  stubs.o ABSOLUTE
    _printf_l                                0x00000000   Number         0  stubs.o ABSOLUTE
    _printf_lc                               0x00000000   Number         0  stubs.o ABSOLUTE
    _printf_ll                               0x00000000   Number         0  stubs.o ABSOLUTE
    _printf_lld                              0x00000000   Number         0  stubs.o ABSOLUTE
    _printf_lli                              0x00000000   Number         0  stubs.o ABSOLUTE
    _printf_llo                              0x00000000   Number         0  stubs.o ABSOLUTE
    _printf_llu                              0x00000000   Number         0  stubs.o ABSOLUTE
    _printf_llx                              0x00000000   Number         0  stubs.o ABSOLUTE
    _printf_longlong_dec                     0x00000000   Number         0  stubs.o ABSOLUTE
    _printf_longlong_hex                     0x00000000   Number         0  stubs.o ABSOLUTE
    _printf_longlong_oct                     0x00000000   Number         0  stubs.o ABSOLUTE
    _printf_ls                               0x00000000   Number         0  stubs.o ABSOLUTE
    _printf_mbtowc                           0x00000000   Number         0  stubs.o ABSOLUTE
    _printf_n                                0x00000000   Number         0  stubs.o ABSOLUTE
    _printf_o                                0x00000000   Number         0  stubs.o ABSOLUTE
    _printf_p                                0x00000000   Number         0  stubs.o ABSOLUTE
    _printf_percent                          0x00000000   Number         0  stubs.o ABSOLUTE
    _printf_pre_padding                      0x00000000   Number         0  stubs.o ABSOLUTE
    _printf_return_value                     0x00000000   Number         0  stubs.o ABSOLUTE
    _printf_s                                0x00000000   Number         0  stubs.o ABSOLUTE
    _printf_sizespec                         0x00000000   Number         0  stubs.o ABSOLUTE
    _printf_str                              0x00000000   Number         0  stubs.o ABSOLUTE
    _printf_truncate_signed                  0x00000000   Number         0  stubs.o ABSOLUTE
    _printf_truncate_unsigned                0x00000000   Number         0  stubs.o ABSOLUTE
    _printf_u                                0x00000000   Number         0  stubs.o ABSOLUTE
    _printf_wc                               0x00000000   Number         0  stubs.o ABSOLUTE
    _printf_wctomb                           0x00000000   Number         0  stubs.o ABSOLUTE
    _printf_widthprec                        0x00000000   Number         0  stubs.o ABSOLUTE
    _printf_x                                0x00000000   Number         0  stubs.o ABSOLUTE
    __arm_fini_                               - Undefined Weak Reference
    __cpp_initialize__aeabi_                  - Undefined Weak Reference
    __cxa_finalize                            - Undefined Weak Reference
    _clock_init                               - Undefined Weak Reference
    _microlib_exit                            - Undefined Weak Reference
    __Vectors_Size                           0x000000ec   Number         0  startup_stm32f103xb.o ABSOLUTE
    __Vectors                                0x08000000   Data           4  startup_stm32f103xb.o(RESET)
    __Vectors_End                            0x080000ec   Data           0  startup_stm32f103xb.o(RESET)
    __main                                   0x080000ed   Thumb Code     0  entry.o(.ARM.Collect$$$$00000000)
    _main_stk                                0x080000ed   Thumb Code     0  entry2.o(.ARM.Collect$$$$00000001)
    _main_scatterload                        0x080000f1   Thumb Code     0  entry5.o(.ARM.Collect$$$$00000004)
    __main_after_scatterload                 0x080000f5   Thumb Code     0  entry5.o(.ARM.Collect$$$$00000004)
    _main_clock                              0x080000f5   Thumb Code     0  entry7b.o(.ARM.Collect$$$$00000008)
    _main_cpp_init                           0x080000f5   Thumb Code     0  entry8b.o(.ARM.Collect$$$$0000000A)
    _main_init                               0x080000f5   Thumb Code     0  entry9a.o(.ARM.Collect$$$$0000000B)
    __rt_lib_shutdown_fini                   0x080000fd   Thumb Code     0  entry12b.o(.ARM.Collect$$$$0000000E)
    __rt_final_cpp                           0x08000101   Thumb Code     0  entry10a.o(.ARM.Collect$$$$0000000F)
    __rt_final_exit                          0x08000101   Thumb Code     0  entry11a.o(.ARM.Collect$$$$00000011)
    SVC_Handler                              0x08000105   Thumb Code    32  port_1.o(.emb_text)
    __asm___6_port_c_39a90d8d__prvStartFirstTask 0x08000129   Thumb Code    28  port_1.o(.emb_text)
    PendSV_Handler                           0x08000149   Thumb Code    72  port_1.o(.emb_text)
    vPortGetIPSR                             0x08000195   Thumb Code     6  port_1.o(.emb_text)
    Reset_Handler                            0x0800019d   Thumb Code     8  startup_stm32f103xb.o(.text)
    ADC1_2_IRQHandler                        0x080001b7   Thumb Code     0  startup_stm32f103xb.o(.text)
    CAN1_RX1_IRQHandler                      0x080001b7   Thumb Code     0  startup_stm32f103xb.o(.text)
    CAN1_SCE_IRQHandler                      0x080001b7   Thumb Code     0  startup_stm32f103xb.o(.text)
    DMA1_Channel1_IRQHandler                 0x080001b7   Thumb Code     0  startup_stm32f103xb.o(.text)
    DMA1_Channel2_IRQHandler                 0x080001b7   Thumb Code     0  startup_stm32f103xb.o(.text)
    DMA1_Channel3_IRQHandler                 0x080001b7   Thumb Code     0  startup_stm32f103xb.o(.text)
    DMA1_Channel4_IRQHandler                 0x080001b7   Thumb Code     0  startup_stm32f103xb.o(.text)
    DMA1_Channel5_IRQHandler                 0x080001b7   Thumb Code     0  startup_stm32f103xb.o(.text)
    DMA1_Channel6_IRQHandler                 0x080001b7   Thumb Code     0  startup_stm32f103xb.o(.text)
    DMA1_Channel7_IRQHandler                 0x080001b7   Thumb Code     0  startup_stm32f103xb.o(.text)
    EXTI0_IRQHandler                         0x080001b7   Thumb Code     0  startup_stm32f103xb.o(.text)
    EXTI15_10_IRQHandler                     0x080001b7   Thumb Code     0  startup_stm32f103xb.o(.text)
    EXTI1_IRQHandler                         0x080001b7   Thumb Code     0  startup_stm32f103xb.o(.text)
    EXTI2_IRQHandler                         0x080001b7   Thumb Code     0  startup_stm32f103xb.o(.text)
    EXTI3_IRQHandler                         0x080001b7   Thumb Code     0  startup_stm32f103xb.o(.text)
    EXTI4_IRQHandler                         0x080001b7   Thumb Code     0  startup_stm32f103xb.o(.text)
    EXTI9_5_IRQHandler                       0x080001b7   Thumb Code     0  startup_stm32f103xb.o(.text)
    FLASH_IRQHandler                         0x080001b7   Thumb Code     0  startup_stm32f103xb.o(.text)
    I2C1_ER_IRQHandler                       0x080001b7   Thumb Code     0  startup_stm32f103xb.o(.text)
    I2C1_EV_IRQHandler                       0x080001b7   Thumb Code     0  startup_stm32f103xb.o(.text)
    I2C2_ER_IRQHandler                       0x080001b7   Thumb Code     0  startup_stm32f103xb.o(.text)
    I2C2_EV_IRQHandler                       0x080001b7   Thumb Code     0  startup_stm32f103xb.o(.text)
    PVD_IRQHandler                           0x080001b7   Thumb Code     0  startup_stm32f103xb.o(.text)
    RCC_IRQHandler                           0x080001b7   Thumb Code     0  startup_stm32f103xb.o(.text)
    RTC_Alarm_IRQHandler                     0x080001b7   Thumb Code     0  startup_stm32f103xb.o(.text)
    RTC_IRQHandler                           0x080001b7   Thumb Code     0  startup_stm32f103xb.o(.text)
    SPI1_IRQHandler                          0x080001b7   Thumb Code     0  startup_stm32f103xb.o(.text)
    SPI2_IRQHandler                          0x080001b7   Thumb Code     0  startup_stm32f103xb.o(.text)
    TAMPER_IRQHandler                        0x080001b7   Thumb Code     0  startup_stm32f103xb.o(.text)
    TIM1_BRK_IRQHandler                      0x080001b7   Thumb Code     0  startup_stm32f103xb.o(.text)
    TIM1_TRG_COM_IRQHandler                  0x080001b7   Thumb Code     0  startup_stm32f103xb.o(.text)
    TIM1_UP_IRQHandler                       0x080001b7   Thumb Code     0  startup_stm32f103xb.o(.text)
    TIM2_IRQHandler                          0x080001b7   Thumb Code     0  startup_stm32f103xb.o(.text)
    USART1_IRQHandler                        0x080001b7   Thumb Code     0  startup_stm32f103xb.o(.text)
    USART3_IRQHandler                        0x080001b7   Thumb Code     0  startup_stm32f103xb.o(.text)
    USBWakeUp_IRQHandler                     0x080001b7   Thumb Code     0  startup_stm32f103xb.o(.text)
    USB_HP_CAN1_TX_IRQHandler                0x080001b7   Thumb Code     0  startup_stm32f103xb.o(.text)
    USB_LP_CAN1_RX0_IRQHandler               0x080001b7   Thumb Code     0  startup_stm32f103xb.o(.text)
    WWDG_IRQHandler                          0x080001b7   Thumb Code     0  startup_stm32f103xb.o(.text)
    __aeabi_llsr                             0x080001c1   Thumb Code    32  llushr.o(.text)
    _ll_ushift_r                             0x080001c1   Thumb Code     0  llushr.o(.text)
    __aeabi_memcpy                           0x080001e1   Thumb Code    36  memcpya.o(.text)
    __aeabi_memcpy4                          0x080001e1   Thumb Code     0  memcpya.o(.text)
    __aeabi_memcpy8                          0x080001e1   Thumb Code     0  memcpya.o(.text)
    __aeabi_memset                           0x08000205   Thumb Code    14  memseta.o(.text)
    __aeabi_memset4                          0x08000205   Thumb Code     0  memseta.o(.text)
    __aeabi_memset8                          0x08000205   Thumb Code     0  memseta.o(.text)
    __aeabi_memclr                           0x08000213   Thumb Code     4  memseta.o(.text)
    __aeabi_memclr4                          0x08000213   Thumb Code     0  memseta.o(.text)
    __aeabi_memclr8                          0x08000213   Thumb Code     0  memseta.o(.text)
    memset                                   0x08000217   Thumb Code    18  memseta.o(.text)
    strrchr                                  0x08000229   Thumb Code    22  strrchr.o(.text)
    __aeabi_fadd                             0x0800023f   Thumb Code   164  fadd.o(.text)
    __aeabi_fsub                             0x080002e3   Thumb Code     6  fadd.o(.text)
    __aeabi_frsub                            0x080002e9   Thumb Code     6  fadd.o(.text)
    __aeabi_fmul                             0x080002ef   Thumb Code   100  fmul.o(.text)
    __aeabi_fdiv                             0x08000353   Thumb Code   124  fdiv.o(.text)
    __aeabi_dadd                             0x080003cf   Thumb Code   322  dadd.o(.text)
    __aeabi_dsub                             0x08000511   Thumb Code     6  dadd.o(.text)
    __aeabi_drsub                            0x08000517   Thumb Code     6  dadd.o(.text)
    __aeabi_dmul                             0x0800051d   Thumb Code   228  dmul.o(.text)
    __aeabi_ddiv                             0x08000601   Thumb Code   222  ddiv.o(.text)
    __aeabi_ui2d                             0x080006df   Thumb Code    26  dfltui.o(.text)
    __aeabi_f2uiz                            0x080006f9   Thumb Code    40  ffixui.o(.text)
    __aeabi_d2uiz                            0x08000721   Thumb Code    50  dfixui.o(.text)
    __aeabi_f2d                              0x08000753   Thumb Code    38  f2d.o(.text)
    __aeabi_d2f                              0x08000779   Thumb Code    56  d2f.o(.text)
    __aeabi_cfcmpeq                          0x080007b1   Thumb Code     0  cfcmple.o(.text)
    __aeabi_cfcmple                          0x080007b1   Thumb Code    20  cfcmple.o(.text)
    __aeabi_cfrcmple                         0x080007c5   Thumb Code    20  cfrcmple.o(.text)
    __aeabi_uidiv                            0x080007d9   Thumb Code     0  uidiv.o(.text)
    __aeabi_uidivmod                         0x080007d9   Thumb Code    44  uidiv.o(.text)
    __aeabi_llsl                             0x08000805   Thumb Code    30  llshl.o(.text)
    _ll_shift_l                              0x08000805   Thumb Code     0  llshl.o(.text)
    __aeabi_lasr                             0x08000823   Thumb Code    36  llsshr.o(.text)
    _ll_sshift_r                             0x08000823   Thumb Code     0  llsshr.o(.text)
    __I$use$fp                               0x08000847   Thumb Code     0  iusefp.o(.text)
    _float_round                             0x08000847   Thumb Code    18  fepilogue.o(.text)
    _float_epilogue                          0x08000859   Thumb Code    92  fepilogue.o(.text)
    _double_round                            0x080008b5   Thumb Code    30  depilogue.o(.text)
    _double_epilogue                         0x080008d3   Thumb Code   156  depilogue.o(.text)
    _dsqrt                                   0x0800096f   Thumb Code   162  dsqrt.o(.text)
    __scatterload                            0x08000a11   Thumb Code    28  init.o(.text)
    __scatterload_rt2                        0x08000a11   Thumb Code     0  init.o(.text)
    __decompress                             0x08000a35   Thumb Code     0  __dczerorl2.o(.text)
    __decompress1                            0x08000a35   Thumb Code    86  __dczerorl2.o(.text)
    App_ID_Init                              0x08000a8d   Thumb Code    84  storage_svc.o(i.App_ID_Init)
    App_KeyFunction                          0x08000aed   Thumb Code   300  app_key.o(i.App_KeyFunction)
    App_Modbus_Run                           0x08000c2d   Thumb Code   110  app_modbus_run.o(i.App_Modbus_Run)
    App_OLED_Init                            0x08000cb1   Thumb Code     8  app_state.o(i.App_OLED_Init)
    App_OLED_Show                            0x08000cb9   Thumb Code   210  app_state.o(i.App_OLED_Show)
    BusFault_Handler                         0x08000da5   Thumb Code     4  stm32f1xx_it.o(i.BusFault_Handler)
    DebugMon_Handler                         0x08000da9   Thumb Code     2  stm32f1xx_it.o(i.DebugMon_Handler)
    Error_Handler                            0x08000dab   Thumb Code     6  main.o(i.Error_Handler)
    HAL_DMA_Abort                            0x08000db1   Thumb Code    86  stm32f1xx_hal_dma.o(i.HAL_DMA_Abort)
    HAL_DMA_Abort_IT                         0x08000e09   Thumb Code   172  stm32f1xx_hal_dma.o(i.HAL_DMA_Abort_IT)
    HAL_Delay                                0x08000eb9   Thumb Code    36  stm32f1xx_hal.o(i.HAL_Delay)
    HAL_GPIO_Init                            0x08000ee1   Thumb Code   766  stm32f1xx_hal_gpio.o(i.HAL_GPIO_Init)
    HAL_GPIO_ReadPin                         0x08001201   Thumb Code    16  stm32f1xx_hal_gpio.o(i.HAL_GPIO_ReadPin)
    HAL_GPIO_WritePin                        0x08001211   Thumb Code    12  stm32f1xx_hal_gpio.o(i.HAL_GPIO_WritePin)
    HAL_GetTick                              0x0800121d   Thumb Code     6  stm32f1xx_hal.o(i.HAL_GetTick)
    HAL_I2C_Init                             0x08001229   Thumb Code   446  stm32f1xx_hal_i2c.o(i.HAL_I2C_Init)
    HAL_I2C_Master_Transmit                  0x080013f9   Thumb Code   360  stm32f1xx_hal_i2c.o(i.HAL_I2C_Master_Transmit)
    HAL_I2C_Mem_Read                         0x08001569   Thumb Code   868  stm32f1xx_hal_i2c.o(i.HAL_I2C_Mem_Read)
    HAL_I2C_Mem_Write                        0x080018dd   Thumb Code   348  stm32f1xx_hal_i2c.o(i.HAL_I2C_Mem_Write)
    HAL_I2C_MspInit                          0x08001a41   Thumb Code   106  i2c.o(i.HAL_I2C_MspInit)
    HAL_IncTick                              0x08001ab9   Thumb Code    16  stm32f1xx_hal.o(i.HAL_IncTick)
    HAL_Init                                 0x08001ad1   Thumb Code    34  stm32f1xx_hal.o(i.HAL_Init)
    HAL_InitTick                             0x08001af9   Thumb Code   158  stm32f1xx_hal_timebase_tim.o(i.HAL_InitTick)
    HAL_MspInit                              0x08001bad   Thumb Code    86  stm32f1xx_hal_msp.o(i.HAL_MspInit)
    HAL_NVIC_EnableIRQ                       0x08001c0d   Thumb Code    32  stm32f1xx_hal_cortex.o(i.HAL_NVIC_EnableIRQ)
    HAL_NVIC_SetPriority                     0x08001c2d   Thumb Code   124  stm32f1xx_hal_cortex.o(i.HAL_NVIC_SetPriority)
    HAL_NVIC_SetPriorityGrouping             0x08001ca9   Thumb Code    32  stm32f1xx_hal_cortex.o(i.HAL_NVIC_SetPriorityGrouping)
    HAL_RCC_ClockConfig                      0x08001cd1   Thumb Code   376  stm32f1xx_hal_rcc.o(i.HAL_RCC_ClockConfig)
    HAL_RCC_GetClockConfig                   0x08001e5d   Thumb Code    58  stm32f1xx_hal_rcc.o(i.HAL_RCC_GetClockConfig)
    HAL_RCC_GetHCLKFreq                      0x08001ea1   Thumb Code     6  stm32f1xx_hal_rcc.o(i.HAL_RCC_GetHCLKFreq)
    HAL_RCC_GetPCLK1Freq                     0x08001ead   Thumb Code    22  stm32f1xx_hal_rcc.o(i.HAL_RCC_GetPCLK1Freq)
    HAL_RCC_GetPCLK2Freq                     0x08001ecd   Thumb Code    22  stm32f1xx_hal_rcc.o(i.HAL_RCC_GetPCLK2Freq)
    HAL_RCC_GetSysClockFreq                  0x08001eed   Thumb Code    92  stm32f1xx_hal_rcc.o(i.HAL_RCC_GetSysClockFreq)
    HAL_RCC_OscConfig                        0x08001f5d   Thumb Code  1114  stm32f1xx_hal_rcc.o(i.HAL_RCC_OscConfig)
    HAL_TIMEx_BreakCallback                  0x080023c1   Thumb Code     2  stm32f1xx_hal_tim_ex.o(i.HAL_TIMEx_BreakCallback)
    HAL_TIMEx_CommutCallback                 0x080023c3   Thumb Code     2  stm32f1xx_hal_tim_ex.o(i.HAL_TIMEx_CommutCallback)
    HAL_TIMEx_ConfigBreakDeadTime            0x080023c5   Thumb Code   116  stm32f1xx_hal_tim_ex.o(i.HAL_TIMEx_ConfigBreakDeadTime)
    HAL_TIMEx_MasterConfigSynchronization    0x08002439   Thumb Code   118  stm32f1xx_hal_tim_ex.o(i.HAL_TIMEx_MasterConfigSynchronization)
    HAL_TIM_Base_Init                        0x080024bd   Thumb Code   102  stm32f1xx_hal_tim.o(i.HAL_TIM_Base_Init)
    HAL_TIM_Base_MspInit                     0x08002525   Thumb Code   112  tim.o(i.HAL_TIM_Base_MspInit)
    HAL_TIM_Base_Start_IT                    0x080025a1   Thumb Code   106  stm32f1xx_hal_tim.o(i.HAL_TIM_Base_Start_IT)
    HAL_TIM_Base_Stop_IT                     0x08002619   Thumb Code    62  stm32f1xx_hal_tim.o(i.HAL_TIM_Base_Stop_IT)
    HAL_TIM_ConfigClockSource                0x08002657   Thumb Code   268  stm32f1xx_hal_tim.o(i.HAL_TIM_ConfigClockSource)
    HAL_TIM_IC_CaptureCallback               0x08002763   Thumb Code     2  stm32f1xx_hal_tim.o(i.HAL_TIM_IC_CaptureCallback)
    HAL_TIM_IRQHandler                       0x08002765   Thumb Code   364  stm32f1xx_hal_tim.o(i.HAL_TIM_IRQHandler)
    HAL_TIM_MspPostInit                      0x080028d1   Thumb Code    74  tim.o(i.HAL_TIM_MspPostInit)
    HAL_TIM_OC_ConfigChannel                 0x08002929   Thumb Code   112  stm32f1xx_hal_tim.o(i.HAL_TIM_OC_ConfigChannel)
    HAL_TIM_OC_DelayElapsedCallback          0x08002999   Thumb Code   138  stepper.o(i.HAL_TIM_OC_DelayElapsedCallback)
    HAL_TIM_OC_Init                          0x08002a3d   Thumb Code   102  stm32f1xx_hal_tim.o(i.HAL_TIM_OC_Init)
    HAL_TIM_OC_MspInit                       0x08002aa3   Thumb Code     2  stm32f1xx_hal_tim.o(i.HAL_TIM_OC_MspInit)
    HAL_TIM_OC_Start_IT                      0x08002aa5   Thumb Code   280  stm32f1xx_hal_tim.o(i.HAL_TIM_OC_Start_IT)
    HAL_TIM_OC_Stop_IT                       0x08002bc9   Thumb Code   236  stm32f1xx_hal_tim.o(i.HAL_TIM_OC_Stop_IT)
    HAL_TIM_PWM_PulseFinishedCallback        0x08002cb9   Thumb Code     2  stm32f1xx_hal_tim.o(i.HAL_TIM_PWM_PulseFinishedCallback)
    HAL_TIM_PeriodElapsedCallback            0x08002cbd   Thumb Code    18  main.o(i.HAL_TIM_PeriodElapsedCallback)
    HAL_TIM_TriggerCallback                  0x08002cd5   Thumb Code     2  stm32f1xx_hal_tim.o(i.HAL_TIM_TriggerCallback)
    HAL_UARTEx_RxEventCallback               0x08002cd7   Thumb Code     2  stm32f1xx_hal_uart.o(i.HAL_UARTEx_RxEventCallback)
    HAL_UART_ErrorCallback                   0x08002cd9   Thumb Code     2  stm32f1xx_hal_uart.o(i.HAL_UART_ErrorCallback)
    HAL_UART_IRQHandler                      0x08002cdd   Thumb Code   736  stm32f1xx_hal_uart.o(i.HAL_UART_IRQHandler)
    HAL_UART_Init                            0x08002fc1   Thumb Code   118  stm32f1xx_hal_uart.o(i.HAL_UART_Init)
    HAL_UART_MspInit                         0x08003039   Thumb Code   240  usart.o(i.HAL_UART_MspInit)
    HAL_UART_RxCpltCallback                  0x08003139   Thumb Code     2  stm32f1xx_hal_uart.o(i.HAL_UART_RxCpltCallback)
    HAL_UART_Transmit                        0x0800313b   Thumb Code   190  stm32f1xx_hal_uart.o(i.HAL_UART_Transmit)
    HAL_UART_TxCpltCallback                  0x080031f9   Thumb Code     2  stm32f1xx_hal_uart.o(i.HAL_UART_TxCpltCallback)
    HardFault_Handler                        0x080031fb   Thumb Code     4  stm32f1xx_it.o(i.HardFault_Handler)
    Inf_OLED_Clear                           0x0800384d   Thumb Code    42  int_oled.o(i.Inf_OLED_Clear)
    Inf_OLED_DrawPoint                       0x0800387d   Thumb Code   114  int_oled.o(i.Inf_OLED_DrawPoint)
    Inf_OLED_Init                            0x080038f5   Thumb Code   240  int_oled.o(i.Inf_OLED_Init)
    Inf_OLED_Pow                             0x080039e5   Thumb Code    22  int_oled.o(i.Inf_OLED_Pow)
    Inf_OLED_Refresh                         0x080039fd   Thumb Code    70  int_oled.o(i.Inf_OLED_Refresh)
    Inf_OLED_ShowChar                        0x08003a49   Thumb Code   300  int_oled.o(i.Inf_OLED_ShowChar)
    Inf_OLED_ShowChinese                     0x08003b85   Thumb Code   186  int_oled.o(i.Inf_OLED_ShowChinese)
    Inf_OLED_ShowNum                         0x08003c45   Thumb Code   140  int_oled.o(i.Inf_OLED_ShowNum)
    Inf_OLED_ShowString                      0x08003cd1   Thumb Code    74  int_oled.o(i.Inf_OLED_ShowString)
    Inf_OLED_WR_Byte                         0x08003d1d   Thumb Code    40  int_oled.o(i.Inf_OLED_WR_Byte)
    Key_Scan                                 0x08003d49   Thumb Code    84  key.o(i.Key_Scan)
    MX_FREERTOS_Init                         0x08003da9   Thumb Code    66  freertos.o(i.MX_FREERTOS_Init)
    MX_GPIO_Init                             0x08003e1d   Thumb Code   238  gpio.o(i.MX_GPIO_Init)
    MX_I2C2_Init                             0x08003f19   Thumb Code    48  i2c.o(i.MX_I2C2_Init)
    MX_TIM1_Init                             0x08003f55   Thumb Code   206  tim.o(i.MX_TIM1_Init)
    MX_TIM3_Init                             0x0800402d   Thumb Code   100  tim.o(i.MX_TIM3_Init)
    MX_USART1_UART_Init                      0x08004099   Thumb Code    46  usart.o(i.MX_USART1_UART_Init)
    MX_USART2_UART_Init                      0x080040d1   Thumb Code    46  usart.o(i.MX_USART2_UART_Init)
    MemManage_Handler                        0x08004109   Thumb Code     4  stm32f1xx_it.o(i.MemManage_Handler)
    NMI_Handler                              0x0800410d   Thumb Code     4  stm32f1xx_it.o(i.NMI_Handler)
    StartDisplayTask                         0x08004139   Thumb Code    38  app_display.o(i.StartDisplayTask)
    StartKeyTask                             0x08004165   Thumb Code    14  app_key.o(i.StartKeyTask)
    StartModbusTask                          0x08004175   Thumb Code    48  app_modbus_run.o(i.StartModbusTask)
    Stepper_CalculateNextStep                0x080041a9   Thumb Code   404  stepper.o(i.Stepper_CalculateNextStep)
    Stepper_Config                           0x08004349   Thumb Code   344  stepper.o(i.Stepper_Config)
    Stepper_Start                            0x080044b5   Thumb Code    44  stepper.o(i.Stepper_Start)
    Stepper_Stop                             0x080044f5   Thumb Code    18  stepper.o(i.Stepper_Stop)
    SysTick_Handler                          0x08004511   Thumb Code    22  cmsis_os2.o(i.SysTick_Handler)
    SystemClock_Config                       0x08004527   Thumb Code   102  main.o(i.SystemClock_Config)
    SystemInit                               0x0800458d   Thumb Code     2  system_stm32f1xx.o(i.SystemInit)
    TIM1_CC_IRQHandler                       0x08004591   Thumb Code    10  stm32f1xx_it.o(i.TIM1_CC_IRQHandler)
    TIM3_IRQHandler                          0x080045a1   Thumb Code    36  porttimer.o(i.TIM3_IRQHandler)
    TIM4_IRQHandler                          0x080045c9   Thumb Code    10  stm32f1xx_it.o(i.TIM4_IRQHandler)
    TIM_Base_SetConfig                       0x080045d9   Thumb Code   120  stm32f1xx_hal_tim.o(i.TIM_Base_SetConfig)
    TIM_CCxChannelCmd                        0x0800465d   Thumb Code    34  stm32f1xx_hal_tim.o(i.TIM_CCxChannelCmd)
    TIM_ETR_SetConfig                        0x0800467f   Thumb Code    22  stm32f1xx_hal_tim.o(i.TIM_ETR_SetConfig)
    TIM_OC2_SetConfig                        0x08004709   Thumb Code   100  stm32f1xx_hal_tim.o(i.TIM_OC2_SetConfig)
    USART2_IRQHandler                        0x08004bf5   Thumb Code    62  portserial.o(i.USART2_IRQHandler)
    UsageFault_Handler                       0x08004c39   Thumb Code     4  stm32f1xx_it.o(i.UsageFault_Handler)
    W24C02_ReadByte                          0x08004c3d   Thumb Code    38  w24c02.o(i.W24C02_ReadByte)
    W24C02_WriteByte                         0x08004c69   Thumb Code    42  w24c02.o(i.W24C02_WriteByte)
    __0printf$3                              0x08004c99   Thumb Code    22  printf3.o(i.__0printf$3)
    __1printf$3                              0x08004c99   Thumb Code     0  printf3.o(i.__0printf$3)
    __2printf                                0x08004c99   Thumb Code     0  printf3.o(i.__0printf$3)
    __scatterload_copy                       0x08004cf7   Thumb Code    14  handlers.o(i.__scatterload_copy)
    __scatterload_null                       0x08004d05   Thumb Code     2  handlers.o(i.__scatterload_null)
    __scatterload_zeroinit                   0x08004d07   Thumb Code    14  handlers.o(i.__scatterload_zeroinit)
    __set_errno                              0x08004d15   Thumb Code     6  errno.o(i.__set_errno)
    eMBASCIIInit                             0x08004ed9   Thumb Code    60  mbascii.o(i.eMBASCIIInit)
    eMBASCIIReceive                          0x08004f19   Thumb Code    68  mbascii.o(i.eMBASCIIReceive)
    eMBASCIISend                             0x08004f65   Thumb Code   102  mbascii.o(i.eMBASCIISend)
    eMBASCIIStart                            0x08004fe1   Thumb Code    22  mbascii.o(i.eMBASCIIStart)
    eMBASCIIStop                             0x08004ffd   Thumb Code    16  mbascii.o(i.eMBASCIIStop)
    eMBEnable                                0x0800500d   Thumb Code    32  mb.o(i.eMBEnable)
    eMBFuncReadCoils                         0x08005035   Thumb Code   174  mbfunccoils.o(i.eMBFuncReadCoils)
    eMBFuncReadDiscreteInputs                0x080050e3   Thumb Code   172  mbfuncdisc.o(i.eMBFuncReadDiscreteInputs)
    eMBFuncReadHoldingRegister               0x0800518f   Thumb Code   140  mbfuncholding.o(i.eMBFuncReadHoldingRegister)
    eMBFuncReadInputRegister                 0x0800521b   Thumb Code   140  mbfuncinput.o(i.eMBFuncReadInputRegister)
    eMBFuncReadWriteMultipleHoldingRegister  0x080052a7   Thumb Code   212  mbfuncholding.o(i.eMBFuncReadWriteMultipleHoldingRegister)
    eMBFuncReportSlaveID                     0x0800537d   Thumb Code    30  mbfuncother.o(i.eMBFuncReportSlaveID)
    eMBFuncWriteCoil                         0x080053a5   Thumb Code   112  mbfunccoils.o(i.eMBFuncWriteCoil)
    eMBFuncWriteHoldingRegister              0x08005415   Thumb Code    66  mbfuncholding.o(i.eMBFuncWriteHoldingRegister)
    eMBFuncWriteMultipleCoils                0x08005457   Thumb Code   144  mbfunccoils.o(i.eMBFuncWriteMultipleCoils)
    eMBFuncWriteMultipleHoldingRegister      0x080054e7   Thumb Code   110  mbfuncholding.o(i.eMBFuncWriteMultipleHoldingRegister)
    eMBInit                                  0x08005555   Thumb Code   222  mb.o(i.eMBInit)
    eMBPoll                                  0x08005699   Thumb Code   268  mb.o(i.eMBPoll)
    eMBRTUInit                               0x080057d1   Thumb Code    76  mbrtu.o(i.eMBRTUInit)
    eMBRTUReceive                            0x08005821   Thumb Code    70  mbrtu.o(i.eMBRTUReceive)
    eMBRTUSend                               0x08005871   Thumb Code   116  mbrtu.o(i.eMBRTUSend)
    eMBRTUStart                              0x080058f9   Thumb Code    22  mbrtu.o(i.eMBRTUStart)
    eMBRTUStop                               0x08005915   Thumb Code    16  mbrtu.o(i.eMBRTUStop)
    eMBRegCoilsCB                            0x08005925   Thumb Code   310  port.o(i.eMBRegCoilsCB)
    eMBRegDiscreteCB                         0x08005a99   Thumb Code   136  port.o(i.eMBRegDiscreteCB)
    eMBRegHoldingCB                          0x08005b25   Thumb Code   116  port.o(i.eMBRegHoldingCB)
    eMBRegInputCB                            0x08005bad   Thumb Code    60  port.o(i.eMBRegInputCB)
    fputc                                    0x08005bed   Thumb Code    22  com_debug.o(i.fputc)
    main                                     0x08005c59   Thumb Code    48  main.o(i.main)
    osDelay                                  0x08005c89   Thumb Code    30  cmsis_os2.o(i.osDelay)
    osKernelInitialize                       0x08005ca9   Thumb Code    38  cmsis_os2.o(i.osKernelInitialize)
    osKernelStart                            0x08005cd5   Thumb Code    82  cmsis_os2.o(i.osKernelStart)
    osMutexAcquire                           0x08005d35   Thumb Code    98  cmsis_os2.o(i.osMutexAcquire)
    osMutexNew                               0x08005d97   Thumb Code   178  cmsis_os2.o(i.osMutexNew)
    osMutexRelease                           0x08005e49   Thumb Code    78  cmsis_os2.o(i.osMutexRelease)
    osThreadNew                              0x08005e97   Thumb Code   184  cmsis_os2.o(i.osThreadNew)
    prveMBError2Exception                    0x080069a9   Thumb Code    34  mbutils.o(i.prveMBError2Exception)
    pvPortMalloc                             0x08006a65   Thumb Code   306  heap_4.o(i.pvPortMalloc)
    pvTaskIncrementMutexHeldCount            0x08006bb1   Thumb Code    26  tasks.o(i.pvTaskIncrementMutexHeldCount)
    pxPortInitialiseStack                    0x08006bd1   Thumb Code    30  port_1.o(i.pxPortInitialiseStack)
    sqrt                                     0x08006bf5   Thumb Code    76  sqrt.o(i.sqrt)
    usMBCRC16                                0x08006c41   Thumb Code    48  mbcrc.o(i.usMBCRC16)
    uxListRemove                             0x08006c79   Thumb Code    40  list.o(i.uxListRemove)
    vApplicationGetIdleTaskMemory            0x08006ca1   Thumb Code    14  cmsis_os2.o(i.vApplicationGetIdleTaskMemory)
    vApplicationGetTimerTaskMemory           0x08006cb9   Thumb Code    16  cmsis_os2.o(i.vApplicationGetTimerTaskMemory)
    vListInitialise                          0x08006cd1   Thumb Code    26  list.o(i.vListInitialise)
    vListInitialiseItem                      0x08006ceb   Thumb Code     6  list.o(i.vListInitialiseItem)
    vListInsert                              0x08006cf1   Thumb Code    52  list.o(i.vListInsert)
    vListInsertEnd                           0x08006d25   Thumb Code    24  list.o(i.vListInsertEnd)
    vMBPortSerialEnable                      0x08006d3d   Thumb Code    74  portserial.o(i.vMBPortSerialEnable)
    vMBPortTimersDisable                     0x08006d8d   Thumb Code    10  porttimer.o(i.vMBPortTimersDisable)
    vMBPortTimersEnable                      0x08006d9d   Thumb Code    28  porttimer.o(i.vMBPortTimersEnable)
    vPortEnterCritical                       0x08006dbd   Thumb Code    76  port_1.o(i.vPortEnterCritical)
    vPortExitCritical                        0x08006e11   Thumb Code    56  port_1.o(i.vPortExitCritical)
    vPortFree                                0x08006e4d   Thumb Code   150  heap_4.o(i.vPortFree)
    vPortSetupTimerInterrupt                 0x08006ef1   Thumb Code    36  port_1.o(i.vPortSetupTimerInterrupt)
    vPortValidateInterruptPriority           0x08006f19   Thumb Code   106  port_1.o(i.vPortValidateInterruptPriority)
    vQueueAddToRegistry                      0x08006f91   Thumb Code    38  queue.o(i.vQueueAddToRegistry)
    vQueueWaitForMessageRestricted           0x08006fbd   Thumb Code    74  queue.o(i.vQueueWaitForMessageRestricted)
    vTaskDelay                               0x08007009   Thumb Code    82  tasks.o(i.vTaskDelay)
    vTaskInternalSetTimeOutState             0x08007065   Thumb Code    14  tasks.o(i.vTaskInternalSetTimeOutState)
    vTaskMissedYield                         0x0800707d   Thumb Code     8  tasks.o(i.vTaskMissedYield)
    vTaskPlaceOnEventList                    0x08007089   Thumb Code    52  tasks.o(i.vTaskPlaceOnEventList)
    vTaskPlaceOnEventListRestricted          0x080070c1   Thumb Code    60  tasks.o(i.vTaskPlaceOnEventListRestricted)
    vTaskPriorityDisinheritAfterTimeout      0x08007101   Thumb Code   194  tasks.o(i.vTaskPriorityDisinheritAfterTimeout)
    vTaskStartScheduler                      0x080071d1   Thumb Code   156  tasks.o(i.vTaskStartScheduler)
    vTaskSuspendAll                          0x08007289   Thumb Code    12  tasks.o(i.vTaskSuspendAll)
    vTaskSwitchContext                       0x08007299   Thumb Code   122  tasks.o(i.vTaskSwitchContext)
    xMBASCIIReceiveFSM                       0x08007329   Thumb Code   276  mbascii.o(i.xMBASCIIReceiveFSM)
    xMBASCIITimerT1SExpired                  0x08007451   Thumb Code    38  mbascii.o(i.xMBASCIITimerT1SExpired)
    xMBASCIITransmitFSM                      0x0800747d   Thumb Code   220  mbascii.o(i.xMBASCIITransmitFSM)
    xMBPortEventGet                          0x0800756d   Thumb Code    26  portevent.o(i.xMBPortEventGet)
    xMBPortEventInit                         0x08007591   Thumb Code    10  portevent.o(i.xMBPortEventInit)
    xMBPortEventPost                         0x080075a1   Thumb Code    16  portevent.o(i.xMBPortEventPost)
    xMBPortSerialGetByte                     0x080075b9   Thumb Code    12  portserial.o(i.xMBPortSerialGetByte)
    xMBPortSerialInit                        0x080075c9   Thumb Code     8  portserial.o(i.xMBPortSerialInit)
    xMBPortSerialPutByte                     0x080075d1   Thumb Code    10  portserial.o(i.xMBPortSerialPutByte)
    xMBPortTimersInit                        0x080075e1   Thumb Code     6  porttimer.o(i.xMBPortTimersInit)
    xMBRTUReceiveFSM                         0x080075e9   Thumb Code   122  mbrtu.o(i.xMBRTUReceiveFSM)
    xMBRTUTimerT35Expired                    0x08007671   Thumb Code    60  mbrtu.o(i.xMBRTUTimerT35Expired)
    xMBRTUTransmitFSM                        0x080076b1   Thumb Code    94  mbrtu.o(i.xMBRTUTransmitFSM)
    xPortStartScheduler                      0x0800771d   Thumb Code   228  port_1.o(i.xPortStartScheduler)
    xPortSysTickHandler                      0x08007815   Thumb Code    46  port_1.o(i.xPortSysTickHandler)
    xQueueCreateMutex                        0x08007849   Thumb Code    34  queue.o(i.xQueueCreateMutex)
    xQueueCreateMutexStatic                  0x0800786b   Thumb Code    42  queue.o(i.xQueueCreateMutexStatic)
    xQueueGenericCreate                      0x08007895   Thumb Code    90  queue.o(i.xQueueGenericCreate)
    xQueueGenericCreateStatic                0x080078ef   Thumb Code   224  queue.o(i.xQueueGenericCreateStatic)
    xQueueGenericReset                       0x080079d1   Thumb Code   146  queue.o(i.xQueueGenericReset)
    xQueueGenericSend                        0x08007a69   Thumb Code   420  queue.o(i.xQueueGenericSend)
    xQueueGenericSendFromISR                 0x08007c11   Thumb Code   252  queue.o(i.xQueueGenericSendFromISR)
    xQueueGiveMutexRecursive                 0x08007d0d   Thumb Code    72  queue.o(i.xQueueGiveMutexRecursive)
    xQueueReceive                            0x08007d55   Thumb Code   356  queue.o(i.xQueueReceive)
    xQueueSemaphoreTake                      0x08007ebd   Thumb Code   434  queue.o(i.xQueueSemaphoreTake)
    xQueueTakeMutexRecursive                 0x08008075   Thumb Code    78  queue.o(i.xQueueTakeMutexRecursive)
    xTaskCheckForTimeOut                     0x080080c5   Thumb Code   132  tasks.o(i.xTaskCheckForTimeOut)
    xTaskCreate                              0x08008151   Thumb Code   100  tasks.o(i.xTaskCreate)
    xTaskCreateStatic                        0x080081b5   Thumb Code   186  tasks.o(i.xTaskCreateStatic)
    xTaskGetCurrentTaskHandle                0x08008271   Thumb Code     6  tasks.o(i.xTaskGetCurrentTaskHandle)
    xTaskGetSchedulerState                   0x0800827d   Thumb Code    24  tasks.o(i.xTaskGetSchedulerState)
    xTaskGetTickCount                        0x0800829d   Thumb Code     6  tasks.o(i.xTaskGetTickCount)
    xTaskIncrementTick                       0x080082a9   Thumb Code   280  tasks.o(i.xTaskIncrementTick)
    xTaskPriorityDisinherit                  0x080083ed   Thumb Code   152  tasks.o(i.xTaskPriorityDisinherit)
    xTaskPriorityInherit                     0x08008491   Thumb Code   150  tasks.o(i.xTaskPriorityInherit)
    xTaskRemoveFromEventList                 0x08008535   Thumb Code   126  tasks.o(i.xTaskRemoveFromEventList)
    xTaskResumeAll                           0x080085cd   Thumb Code   222  tasks.o(i.xTaskResumeAll)
    xTimerCreateTimerTask                    0x080086d1   Thumb Code   100  timers.o(i.xTimerCreateTimerTask)
    xTimerGenericCommand                     0x08008749   Thumb Code   128  timers.o(i.xTimerGenericCommand)
    Key_Task_attributes                      0x080087cc   Data          36  freertos.o(.constdata)
    Display_Task_attributes                  0x080087f0   Data          36  freertos.o(.constdata)
    Modbus_Task_attributes                   0x08008814   Data          36  freertos.o(.constdata)
    i2cMutex_attributes                      0x08008838   Data          16  freertos.o(.constdata)
    AHBPrescTable                            0x0800885a   Data          16  system_stm32f1xx.o(.constdata)
    APBPrescTable                            0x0800886a   Data           8  system_stm32f1xx.o(.constdata)
    asc2_0806                                0x08008872   Data         552  int_oled.o(.constdata)
    asc2_1206                                0x08008a9a   Data        1140  int_oled.o(.constdata)
    asc2_1608                                0x08008f0e   Data        1520  int_oled.o(.constdata)
    asc2_2412                                0x080094fe   Data        3420  int_oled.o(.constdata)
    Hzk1                                     0x0800a25a   Data         224  int_oled.o(.constdata)
    Region$$Table$$Base                      0x0800a570   Number         0  anon$$obj.o(Region$$Table)
    Region$$Table$$Limit                     0x0800a590   Number         0  anon$$obj.o(Region$$Table)
    I2C_Mutex                                0x20000000   Data           4  freertos.o(.data)
    Key_TaskHandle                           0x20000004   Data           4  freertos.o(.data)
    Display_TaskHandle                       0x20000008   Data           4  freertos.o(.data)
    Modbus_TaskHandle                        0x2000000c   Data           4  freertos.o(.data)
    i2cMutexHandle                           0x20000010   Data           4  freertos.o(.data)
    uwTick                                   0x20000014   Data           4  stm32f1xx_hal.o(.data)
    uwTickPrio                               0x20000018   Data           4  stm32f1xx_hal.o(.data)
    uwTickFreq                               0x2000001c   Data           1  stm32f1xx_hal.o(.data)
    SystemCoreClock                          0x20000020   Data           4  system_stm32f1xx.o(.data)
    step_interval                            0x20000024   Data           4  stepper.o(.data)
    step_remainder                           0x20000028   Data           4  stepper.o(.data)
    stepper_motor                            0x2000002c   Data          36  stepper.o(.data)
    double_flag                              0x20000050   Data           1  stepper.o(.data)
    pxMBFrameCBByteReceived                  0x2000006c   Data           4  mb.o(.data)
    pxMBFrameCBTransmitterEmpty              0x20000070   Data           4  mb.o(.data)
    pxMBPortCBTimerExpired                   0x20000074   Data           4  mb.o(.data)
    pxMBFrameCBReceiveFSMCur                 0x20000078   Data           4  mb.o(.data)
    pxMBFrameCBTransmitFSMCur                0x2000007c   Data           4  mb.o(.data)
    REG_HOLD_BUF                             0x2000010a   Data          20  port.o(.data)
    REG_COILS_BUF                            0x2000011e   Data          10  port.o(.data)
    REG_DISC_BUF                             0x20000128   Data          10  port.o(.data)
    key_state                                0x20000158   Data           1  key.o(.data)
    display_flag                             0x2000015d   Data           1  app_state.o(.data)
    set_circle                               0x2000015e   Data           1  app_state.o(.data)
    machine_ID                               0x2000015f   Data           1  storage_svc.o(.data)
    pxCurrentTCB                             0x20000160   Data           4  tasks.o(.data)
    __stdout                                 0x200001e0   Data           4  stdout.o(.data)
    hi2c2                                    0x200001e8   Data          84  i2c.o(.bss)
    htim1                                    0x2000023c   Data          72  tim.o(.bss)
    htim3                                    0x20000284   Data          72  tim.o(.bss)
    huart1                                   0x200002cc   Data          72  usart.o(.bss)
    huart2                                   0x20000314   Data          72  usart.o(.bss)
    htim4                                    0x2000035c   Data          72  stm32f1xx_hal_timebase_tim.o(.bss)
    OLED_GRAM                                0x200003a4   Data        1152  int_oled.o(.bss)
    REG_INPUT_BUF                            0x20000824   Data          20  port.o(.bss)
    ucRTUBuf                                 0x20000838   Data         256  mbrtu.o(.bss)
    xQueueRegistry                           0x20000958   Data          64  queue.o(.bss)
    __initial_sp                             0x20003230   Data           0  startup_stm32f103xb.o(STACK)



==============================================================================

Memory Map of the image

  Image Entry point : 0x080000ed

  Load Region LR_IROM1 (Base: 0x08000000, Size: 0x0000a778, Max: 0x00010000, ABSOLUTE, COMPRESSED[0x0000a600])

    Execution Region ER_IROM1 (Exec base: 0x08000000, Load base: 0x08000000, Size: 0x0000a590, Max: 0x00010000, ABSOLUTE)

    Exec Addr    Load Addr    Size         Type   Attr      Idx    E Section Name        Object

    0x08000000   0x08000000   0x000000ec   Data   RO            3    RESET               startup_stm32f103xb.o
    0x080000ec   0x080000ec   0x00000000   Code   RO         6384  * .ARM.Collect$$$$00000000  mc_w.l(entry.o)
    0x080000ec   0x080000ec   0x00000004   Code   RO         6686    .ARM.Collect$$$$00000001  mc_w.l(entry2.o)
    0x080000f0   0x080000f0   0x00000004   Code   RO         6689    .ARM.Collect$$$$00000004  mc_w.l(entry5.o)
    0x080000f4   0x080000f4   0x00000000   Code   RO         6691    .ARM.Collect$$$$00000008  mc_w.l(entry7b.o)
    0x080000f4   0x080000f4   0x00000000   Code   RO         6693    .ARM.Collect$$$$0000000A  mc_w.l(entry8b.o)
    0x080000f4   0x080000f4   0x00000008   Code   RO         6694    .ARM.Collect$$$$0000000B  mc_w.l(entry9a.o)
    0x080000fc   0x080000fc   0x00000004   Code   RO         6701    .ARM.Collect$$$$0000000E  mc_w.l(entry12b.o)
    0x08000100   0x08000100   0x00000000   Code   RO         6696    .ARM.Collect$$$$0000000F  mc_w.l(entry10a.o)
    0x08000100   0x08000100   0x00000000   Code   RO         6698    .ARM.Collect$$$$00000011  mc_w.l(entry11a.o)
    0x08000100   0x08000100   0x00000004   Code   RO         6687    .ARM.Collect$$$$00002712  mc_w.l(entry2.o)
    0x08000104   0x08000104   0x00000096   Code   RO         6299    .emb_text           port_1.o
    0x0800019a   0x0800019a   0x00000002   PAD
    0x0800019c   0x0800019c   0x00000024   Code   RO            4    .text               startup_stm32f103xb.o
    0x080001c0   0x080001c0   0x00000020   Code   RO         6387    .text               mc_w.l(llushr.o)
    0x080001e0   0x080001e0   0x00000024   Code   RO         6389    .text               mc_w.l(memcpya.o)
    0x08000204   0x08000204   0x00000024   Code   RO         6393    .text               mc_w.l(memseta.o)
    0x08000228   0x08000228   0x00000016   Code   RO         6395    .text               mc_w.l(strrchr.o)
    0x0800023e   0x0800023e   0x000000b0   Code   RO         6660    .text               mf_w.l(fadd.o)
    0x080002ee   0x080002ee   0x00000064   Code   RO         6662    .text               mf_w.l(fmul.o)
    0x08000352   0x08000352   0x0000007c   Code   RO         6664    .text               mf_w.l(fdiv.o)
    0x080003ce   0x080003ce   0x0000014e   Code   RO         6666    .text               mf_w.l(dadd.o)
    0x0800051c   0x0800051c   0x000000e4   Code   RO         6668    .text               mf_w.l(dmul.o)
    0x08000600   0x08000600   0x000000de   Code   RO         6670    .text               mf_w.l(ddiv.o)
    0x080006de   0x080006de   0x0000001a   Code   RO         6672    .text               mf_w.l(dfltui.o)
    0x080006f8   0x080006f8   0x00000028   Code   RO         6674    .text               mf_w.l(ffixui.o)
    0x08000720   0x08000720   0x00000032   Code   RO         6676    .text               mf_w.l(dfixui.o)
    0x08000752   0x08000752   0x00000026   Code   RO         6678    .text               mf_w.l(f2d.o)
    0x08000778   0x08000778   0x00000038   Code   RO         6680    .text               mf_w.l(d2f.o)
    0x080007b0   0x080007b0   0x00000014   Code   RO         6682    .text               mf_w.l(cfcmple.o)
    0x080007c4   0x080007c4   0x00000014   Code   RO         6684    .text               mf_w.l(cfrcmple.o)
    0x080007d8   0x080007d8   0x0000002c   Code   RO         6703    .text               mc_w.l(uidiv.o)
    0x08000804   0x08000804   0x0000001e   Code   RO         6707    .text               mc_w.l(llshl.o)
    0x08000822   0x08000822   0x00000024   Code   RO         6709    .text               mc_w.l(llsshr.o)
    0x08000846   0x08000846   0x00000000   Code   RO         6718    .text               mc_w.l(iusefp.o)
    0x08000846   0x08000846   0x0000006e   Code   RO         6719    .text               mf_w.l(fepilogue.o)
    0x080008b4   0x080008b4   0x000000ba   Code   RO         6721    .text               mf_w.l(depilogue.o)
    0x0800096e   0x0800096e   0x000000a2   Code   RO         6723    .text               mf_w.l(dsqrt.o)
    0x08000a10   0x08000a10   0x00000024   Code   RO         6731    .text               mc_w.l(init.o)
    0x08000a34   0x08000a34   0x00000056   Code   RO         6741    .text               mc_w.l(__dczerorl2.o)
    0x08000a8a   0x08000a8a   0x00000002   PAD
    0x08000a8c   0x08000a8c   0x00000060   Code   RO         4546    i.App_ID_Init       storage_svc.o
    0x08000aec   0x08000aec   0x00000140   Code   RO         3808    i.App_KeyFunction   app_key.o
    0x08000c2c   0x08000c2c   0x00000084   Code   RO         3863    i.App_Modbus_Run    app_modbus_run.o
    0x08000cb0   0x08000cb0   0x00000008   Code   RO         4506    i.App_OLED_Init     app_state.o
    0x08000cb8   0x08000cb8   0x000000ec   Code   RO         4507    i.App_OLED_Show     app_state.o
    0x08000da4   0x08000da4   0x00000004   Code   RO          421    i.BusFault_Handler  stm32f1xx_it.o
    0x08000da8   0x08000da8   0x00000002   Code   RO          422    i.DebugMon_Handler  stm32f1xx_it.o
    0x08000daa   0x08000daa   0x00000006   Code   RO           13    i.Error_Handler     main.o
    0x08000db0   0x08000db0   0x00000056   Code   RO         1973    i.HAL_DMA_Abort     stm32f1xx_hal_dma.o
    0x08000e06   0x08000e06   0x00000002   PAD
    0x08000e08   0x08000e08   0x000000b0   Code   RO         1974    i.HAL_DMA_Abort_IT  stm32f1xx_hal_dma.o
    0x08000eb8   0x08000eb8   0x00000028   Code   RO         1594    i.HAL_Delay         stm32f1xx_hal.o
    0x08000ee0   0x08000ee0   0x00000320   Code   RO         1909    i.HAL_GPIO_Init     stm32f1xx_hal_gpio.o
    0x08001200   0x08001200   0x00000010   Code   RO         1911    i.HAL_GPIO_ReadPin  stm32f1xx_hal_gpio.o
    0x08001210   0x08001210   0x0000000c   Code   RO         1913    i.HAL_GPIO_WritePin  stm32f1xx_hal_gpio.o
    0x0800121c   0x0800121c   0x0000000c   Code   RO         1598    i.HAL_GetTick       stm32f1xx_hal.o
    0x08001228   0x08001228   0x000001d0   Code   RO         2606    i.HAL_I2C_Init      stm32f1xx_hal_i2c.o
    0x080013f8   0x080013f8   0x00000170   Code   RO         2619    i.HAL_I2C_Master_Transmit  stm32f1xx_hal_i2c.o
    0x08001568   0x08001568   0x00000374   Code   RO         2624    i.HAL_I2C_Mem_Read  stm32f1xx_hal_i2c.o
    0x080018dc   0x080018dc   0x00000164   Code   RO         2627    i.HAL_I2C_Mem_Write  stm32f1xx_hal_i2c.o
    0x08001a40   0x08001a40   0x00000078   Code   RO          278    i.HAL_I2C_MspInit   i2c.o
    0x08001ab8   0x08001ab8   0x00000018   Code   RO         1604    i.HAL_IncTick       stm32f1xx_hal.o
    0x08001ad0   0x08001ad0   0x00000028   Code   RO         1605    i.HAL_Init          stm32f1xx_hal.o
    0x08001af8   0x08001af8   0x000000b4   Code   RO          528    i.HAL_InitTick      stm32f1xx_hal_timebase_tim.o
    0x08001bac   0x08001bac   0x00000060   Code   RO          504    i.HAL_MspInit       stm32f1xx_hal_msp.o
    0x08001c0c   0x08001c0c   0x00000020   Code   RO         2069    i.HAL_NVIC_EnableIRQ  stm32f1xx_hal_cortex.o
    0x08001c2c   0x08001c2c   0x0000007c   Code   RO         2075    i.HAL_NVIC_SetPriority  stm32f1xx_hal_cortex.o
    0x08001ca8   0x08001ca8   0x00000028   Code   RO         2076    i.HAL_NVIC_SetPriorityGrouping  stm32f1xx_hal_cortex.o
    0x08001cd0   0x08001cd0   0x0000018c   Code   RO         1762    i.HAL_RCC_ClockConfig  stm32f1xx_hal_rcc.o
    0x08001e5c   0x08001e5c   0x00000044   Code   RO         1766    i.HAL_RCC_GetClockConfig  stm32f1xx_hal_rcc.o
    0x08001ea0   0x08001ea0   0x0000000c   Code   RO         1767    i.HAL_RCC_GetHCLKFreq  stm32f1xx_hal_rcc.o
    0x08001eac   0x08001eac   0x00000020   Code   RO         1769    i.HAL_RCC_GetPCLK1Freq  stm32f1xx_hal_rcc.o
    0x08001ecc   0x08001ecc   0x00000020   Code   RO         1770    i.HAL_RCC_GetPCLK2Freq  stm32f1xx_hal_rcc.o
    0x08001eec   0x08001eec   0x00000070   Code   RO         1771    i.HAL_RCC_GetSysClockFreq  stm32f1xx_hal_rcc.o
    0x08001f5c   0x08001f5c   0x00000464   Code   RO         1774    i.HAL_RCC_OscConfig  stm32f1xx_hal_rcc.o
    0x080023c0   0x080023c0   0x00000002   Code   RO         1320    i.HAL_TIMEx_BreakCallback  stm32f1xx_hal_tim_ex.o
    0x080023c2   0x080023c2   0x00000002   Code   RO         1321    i.HAL_TIMEx_CommutCallback  stm32f1xx_hal_tim_ex.o
    0x080023c4   0x080023c4   0x00000074   Code   RO         1323    i.HAL_TIMEx_ConfigBreakDeadTime  stm32f1xx_hal_tim_ex.o
    0x08002438   0x08002438   0x00000084   Code   RO         1339    i.HAL_TIMEx_MasterConfigSynchronization  stm32f1xx_hal_tim_ex.o
    0x080024bc   0x080024bc   0x00000066   Code   RO          605    i.HAL_TIM_Base_Init  stm32f1xx_hal_tim.o
    0x08002522   0x08002522   0x00000002   PAD
    0x08002524   0x08002524   0x0000007c   Code   RO          320    i.HAL_TIM_Base_MspInit  tim.o
    0x080025a0   0x080025a0   0x00000078   Code   RO          610    i.HAL_TIM_Base_Start_IT  stm32f1xx_hal_tim.o
    0x08002618   0x08002618   0x0000003e   Code   RO          613    i.HAL_TIM_Base_Stop_IT  stm32f1xx_hal_tim.o
    0x08002656   0x08002656   0x0000010c   Code   RO          614    i.HAL_TIM_ConfigClockSource  stm32f1xx_hal_tim.o
    0x08002762   0x08002762   0x00000002   Code   RO          639    i.HAL_TIM_IC_CaptureCallback  stm32f1xx_hal_tim.o
    0x08002764   0x08002764   0x0000016c   Code   RO          653    i.HAL_TIM_IRQHandler  stm32f1xx_hal_tim.o
    0x080028d0   0x080028d0   0x00000058   Code   RO          321    i.HAL_TIM_MspPostInit  tim.o
    0x08002928   0x08002928   0x00000070   Code   RO          654    i.HAL_TIM_OC_ConfigChannel  stm32f1xx_hal_tim.o
    0x08002998   0x08002998   0x000000a4   Code   RO         3699    i.HAL_TIM_OC_DelayElapsedCallback  stepper.o
    0x08002a3c   0x08002a3c   0x00000066   Code   RO          658    i.HAL_TIM_OC_Init   stm32f1xx_hal_tim.o
    0x08002aa2   0x08002aa2   0x00000002   Code   RO          660    i.HAL_TIM_OC_MspInit  stm32f1xx_hal_tim.o
    0x08002aa4   0x08002aa4   0x00000124   Code   RO          663    i.HAL_TIM_OC_Start_IT  stm32f1xx_hal_tim.o
    0x08002bc8   0x08002bc8   0x000000f0   Code   RO          666    i.HAL_TIM_OC_Stop_IT  stm32f1xx_hal_tim.o
    0x08002cb8   0x08002cb8   0x00000002   Code   RO          683    i.HAL_TIM_PWM_PulseFinishedCallback  stm32f1xx_hal_tim.o
    0x08002cba   0x08002cba   0x00000002   PAD
    0x08002cbc   0x08002cbc   0x00000018   Code   RO           14    i.HAL_TIM_PeriodElapsedCallback  main.o
    0x08002cd4   0x08002cd4   0x00000002   Code   RO          696    i.HAL_TIM_TriggerCallback  stm32f1xx_hal_tim.o
    0x08002cd6   0x08002cd6   0x00000002   Code   RO         3084    i.HAL_UARTEx_RxEventCallback  stm32f1xx_hal_uart.o
    0x08002cd8   0x08002cd8   0x00000002   Code   RO         3098    i.HAL_UART_ErrorCallback  stm32f1xx_hal_uart.o
    0x08002cda   0x08002cda   0x00000002   PAD
    0x08002cdc   0x08002cdc   0x000002e4   Code   RO         3101    i.HAL_UART_IRQHandler  stm32f1xx_hal_uart.o
    0x08002fc0   0x08002fc0   0x00000076   Code   RO         3102    i.HAL_UART_Init     stm32f1xx_hal_uart.o
    0x08003036   0x08003036   0x00000002   PAD
    0x08003038   0x08003038   0x00000100   Code   RO          374    i.HAL_UART_MspInit  usart.o
    0x08003138   0x08003138   0x00000002   Code   RO         3108    i.HAL_UART_RxCpltCallback  stm32f1xx_hal_uart.o
    0x0800313a   0x0800313a   0x000000be   Code   RO         3110    i.HAL_UART_Transmit  stm32f1xx_hal_uart.o
    0x080031f8   0x080031f8   0x00000002   Code   RO         3113    i.HAL_UART_TxCpltCallback  stm32f1xx_hal_uart.o
    0x080031fa   0x080031fa   0x00000004   Code   RO          423    i.HardFault_Handler  stm32f1xx_it.o
    0x080031fe   0x080031fe   0x0000003e   Code   RO         2650    i.I2C_IsAcknowledgeFailed  stm32f1xx_hal_i2c.o
    0x0800323c   0x0800323c   0x000000c0   Code   RO         2654    i.I2C_MasterRequestWrite  stm32f1xx_hal_i2c.o
    0x080032fc   0x080032fc   0x00000160   Code   RO         2661    i.I2C_RequestMemoryRead  stm32f1xx_hal_i2c.o
    0x0800345c   0x0800345c   0x000000e0   Code   RO         2662    i.I2C_RequestMemoryWrite  stm32f1xx_hal_i2c.o
    0x0800353c   0x0800353c   0x00000066   Code   RO         2670    i.I2C_WaitOnBTFFlagUntilTimeout  stm32f1xx_hal_i2c.o
    0x080035a2   0x080035a2   0x000000be   Code   RO         2671    i.I2C_WaitOnFlagUntilTimeout  stm32f1xx_hal_i2c.o
    0x08003660   0x08003660   0x000000fa   Code   RO         2672    i.I2C_WaitOnMasterAddressFlagUntilTimeout  stm32f1xx_hal_i2c.o
    0x0800375a   0x0800375a   0x0000008a   Code   RO         2673    i.I2C_WaitOnRXNEFlagUntilTimeout  stm32f1xx_hal_i2c.o
    0x080037e4   0x080037e4   0x00000066   Code   RO         2676    i.I2C_WaitOnTXEFlagUntilTimeout  stm32f1xx_hal_i2c.o
    0x0800384a   0x0800384a   0x00000002   PAD
    0x0800384c   0x0800384c   0x00000030   Code   RO         3515    i.Inf_OLED_Clear    int_oled.o
    0x0800387c   0x0800387c   0x00000078   Code   RO         3522    i.Inf_OLED_DrawPoint  int_oled.o
    0x080038f4   0x080038f4   0x000000f0   Code   RO         3523    i.Inf_OLED_Init     int_oled.o
    0x080039e4   0x080039e4   0x00000016   Code   RO         3524    i.Inf_OLED_Pow      int_oled.o
    0x080039fa   0x080039fa   0x00000002   PAD
    0x080039fc   0x080039fc   0x0000004c   Code   RO         3525    i.Inf_OLED_Refresh  int_oled.o
    0x08003a48   0x08003a48   0x0000013c   Code   RO         3527    i.Inf_OLED_ShowChar  int_oled.o
    0x08003b84   0x08003b84   0x000000c0   Code   RO         3528    i.Inf_OLED_ShowChinese  int_oled.o
    0x08003c44   0x08003c44   0x0000008c   Code   RO         3529    i.Inf_OLED_ShowNum  int_oled.o
    0x08003cd0   0x08003cd0   0x0000004a   Code   RO         3531    i.Inf_OLED_ShowString  int_oled.o
    0x08003d1a   0x08003d1a   0x00000002   PAD
    0x08003d1c   0x08003d1c   0x0000002c   Code   RO         3532    i.Inf_OLED_WR_Byte  int_oled.o
    0x08003d48   0x08003d48   0x00000060   Code   RO         4471    i.Key_Scan          key.o
    0x08003da8   0x08003da8   0x00000074   Code   RO          219    i.MX_FREERTOS_Init  freertos.o
    0x08003e1c   0x08003e1c   0x000000fc   Code   RO          195    i.MX_GPIO_Init      gpio.o
    0x08003f18   0x08003f18   0x0000003c   Code   RO          279    i.MX_I2C2_Init      i2c.o
    0x08003f54   0x08003f54   0x000000d8   Code   RO          322    i.MX_TIM1_Init      tim.o
    0x0800402c   0x0800402c   0x0000006c   Code   RO          323    i.MX_TIM3_Init      tim.o
    0x08004098   0x08004098   0x00000038   Code   RO          375    i.MX_USART1_UART_Init  usart.o
    0x080040d0   0x080040d0   0x00000038   Code   RO          376    i.MX_USART2_UART_Init  usart.o
    0x08004108   0x08004108   0x00000004   Code   RO          424    i.MemManage_Handler  stm32f1xx_it.o
    0x0800410c   0x0800410c   0x00000004   Code   RO          425    i.NMI_Handler       stm32f1xx_it.o
    0x08004110   0x08004110   0x00000028   Code   RO         1775    i.RCC_Delay         stm32f1xx_hal_rcc.o
    0x08004138   0x08004138   0x0000002c   Code   RO         3777    i.StartDisplayTask  app_display.o
    0x08004164   0x08004164   0x0000000e   Code   RO         3809    i.StartKeyTask      app_key.o
    0x08004172   0x08004172   0x00000002   PAD
    0x08004174   0x08004174   0x00000034   Code   RO         3864    i.StartModbusTask   app_modbus_run.o
    0x080041a8   0x080041a8   0x000001a0   Code   RO         3700    i.Stepper_CalculateNextStep  stepper.o
    0x08004348   0x08004348   0x0000016c   Code   RO         3701    i.Stepper_Config    stepper.o
    0x080044b4   0x080044b4   0x00000040   Code   RO         3702    i.Stepper_Start     stepper.o
    0x080044f4   0x080044f4   0x0000001c   Code   RO         3703    i.Stepper_Stop      stepper.o
    0x08004510   0x08004510   0x00000016   Code   RO         5714    i.SysTick_Handler   cmsis_os2.o
    0x08004526   0x08004526   0x00000066   Code   RO           15    i.SystemClock_Config  main.o
    0x0800458c   0x0800458c   0x00000002   Code   RO         3446    i.SystemInit        system_stm32f1xx.o
    0x0800458e   0x0800458e   0x00000002   PAD
    0x08004590   0x08004590   0x00000010   Code   RO          426    i.TIM1_CC_IRQHandler  stm32f1xx_it.o
    0x080045a0   0x080045a0   0x00000028   Code   RO         4346    i.TIM3_IRQHandler   porttimer.o
    0x080045c8   0x080045c8   0x00000010   Code   RO          427    i.TIM4_IRQHandler   stm32f1xx_it.o
    0x080045d8   0x080045d8   0x00000084   Code   RO          698    i.TIM_Base_SetConfig  stm32f1xx_hal_tim.o
    0x0800465c   0x0800465c   0x00000022   Code   RO          699    i.TIM_CCxChannelCmd  stm32f1xx_hal_tim.o
    0x0800467e   0x0800467e   0x00000016   Code   RO          709    i.TIM_ETR_SetConfig  stm32f1xx_hal_tim.o
    0x08004694   0x08004694   0x00000012   Code   RO          710    i.TIM_ITRx_SetConfig  stm32f1xx_hal_tim.o
    0x080046a6   0x080046a6   0x00000002   PAD
    0x080046a8   0x080046a8   0x00000060   Code   RO          711    i.TIM_OC1_SetConfig  stm32f1xx_hal_tim.o
    0x08004708   0x08004708   0x00000068   Code   RO          712    i.TIM_OC2_SetConfig  stm32f1xx_hal_tim.o
    0x08004770   0x08004770   0x00000068   Code   RO          713    i.TIM_OC3_SetConfig  stm32f1xx_hal_tim.o
    0x080047d8   0x080047d8   0x00000048   Code   RO          714    i.TIM_OC4_SetConfig  stm32f1xx_hal_tim.o
    0x08004820   0x08004820   0x00000026   Code   RO          716    i.TIM_TI1_ConfigInputStage  stm32f1xx_hal_tim.o
    0x08004846   0x08004846   0x00000028   Code   RO          718    i.TIM_TI2_ConfigInputStage  stm32f1xx_hal_tim.o
    0x0800486e   0x0800486e   0x00000014   Code   RO         3115    i.UART_DMAAbortOnError  stm32f1xx_hal_uart.o
    0x08004882   0x08004882   0x0000006c   Code   RO         3125    i.UART_EndRxTransfer  stm32f1xx_hal_uart.o
    0x080048ee   0x080048ee   0x00000020   Code   RO         3126    i.UART_EndTransmit_IT  stm32f1xx_hal_uart.o
    0x0800490e   0x0800490e   0x000000fc   Code   RO         3128    i.UART_Receive_IT   stm32f1xx_hal_uart.o
    0x08004a0a   0x08004a0a   0x00000002   PAD
    0x08004a0c   0x08004a0c   0x000000fc   Code   RO         3129    i.UART_SetConfig    stm32f1xx_hal_uart.o
    0x08004b08   0x08004b08   0x00000060   Code   RO         3132    i.UART_Transmit_IT  stm32f1xx_hal_uart.o
    0x08004b68   0x08004b68   0x0000008c   Code   RO         3133    i.UART_WaitOnFlagUntilTimeout  stm32f1xx_hal_uart.o
    0x08004bf4   0x08004bf4   0x00000044   Code   RO         4277    i.USART2_IRQHandler  portserial.o
    0x08004c38   0x08004c38   0x00000004   Code   RO          428    i.UsageFault_Handler  stm32f1xx_it.o
    0x08004c3c   0x08004c3c   0x0000002c   Code   RO         3654    i.W24C02_ReadByte   w24c02.o
    0x08004c68   0x08004c68   0x00000030   Code   RO         3656    i.W24C02_WriteByte  w24c02.o
    0x08004c98   0x08004c98   0x00000020   Code   RO         6488    i.__0printf$3       mc_w.l(printf3.o)
    0x08004cb8   0x08004cb8   0x00000010   Code   RO         2082    i.__NVIC_GetPriorityGrouping  stm32f1xx_hal_cortex.o
    0x08004cc8   0x08004cc8   0x00000028   Code   RO         2083    i.__NVIC_SetPriority  stm32f1xx_hal_cortex.o
    0x08004cf0   0x08004cf0   0x00000006   Code   RO         5716    i.__get_IPSR        cmsis_os2.o
    0x08004cf6   0x08004cf6   0x0000000e   Code   RO         6735    i.__scatterload_copy  mc_w.l(handlers.o)
    0x08004d04   0x08004d04   0x00000002   Code   RO         6736    i.__scatterload_null  mc_w.l(handlers.o)
    0x08004d06   0x08004d06   0x0000000e   Code   RO         6737    i.__scatterload_zeroinit  mc_w.l(handlers.o)
    0x08004d14   0x08004d14   0x0000000c   Code   RO         6713    i.__set_errno       mc_w.l(errno.o)
    0x08004d20   0x08004d20   0x000001b8   Code   RO         6495    i._printf_core      mc_w.l(printf3.o)
    0x08004ed8   0x08004ed8   0x00000040   Code   RO         4390    i.eMBASCIIInit      mbascii.o
    0x08004f18   0x08004f18   0x0000004c   Code   RO         4391    i.eMBASCIIReceive   mbascii.o
    0x08004f64   0x08004f64   0x0000007c   Code   RO         4392    i.eMBASCIISend      mbascii.o
    0x08004fe0   0x08004fe0   0x0000001c   Code   RO         4393    i.eMBASCIIStart     mbascii.o
    0x08004ffc   0x08004ffc   0x00000010   Code   RO         4394    i.eMBASCIIStop      mbascii.o
    0x0800500c   0x0800500c   0x00000028   Code   RO         3906    i.eMBEnable         mb.o
    0x08005034   0x08005034   0x000000ae   Code   RO         4224    i.eMBFuncReadCoils  mbfunccoils.o
    0x080050e2   0x080050e2   0x000000ac   Code   RO         4209    i.eMBFuncReadDiscreteInputs  mbfuncdisc.o
    0x0800518e   0x0800518e   0x0000008c   Code   RO         4179    i.eMBFuncReadHoldingRegister  mbfuncholding.o
    0x0800521a   0x0800521a   0x0000008c   Code   RO         4167    i.eMBFuncReadInputRegister  mbfuncinput.o
    0x080052a6   0x080052a6   0x000000d4   Code   RO         4180    i.eMBFuncReadWriteMultipleHoldingRegister  mbfuncholding.o
    0x0800537a   0x0800537a   0x00000002   PAD
    0x0800537c   0x0800537c   0x00000028   Code   RO         4146    i.eMBFuncReportSlaveID  mbfuncother.o
    0x080053a4   0x080053a4   0x00000070   Code   RO         4225    i.eMBFuncWriteCoil  mbfunccoils.o
    0x08005414   0x08005414   0x00000042   Code   RO         4181    i.eMBFuncWriteHoldingRegister  mbfuncholding.o
    0x08005456   0x08005456   0x00000090   Code   RO         4226    i.eMBFuncWriteMultipleCoils  mbfunccoils.o
    0x080054e6   0x080054e6   0x0000006e   Code   RO         4182    i.eMBFuncWriteMultipleHoldingRegister  mbfuncholding.o
    0x08005554   0x08005554   0x00000144   Code   RO         3907    i.eMBInit           mb.o
    0x08005698   0x08005698   0x00000138   Code   RO         3908    i.eMBPoll           mb.o
    0x080057d0   0x080057d0   0x00000050   Code   RO         4058    i.eMBRTUInit        mbrtu.o
    0x08005820   0x08005820   0x00000050   Code   RO         4059    i.eMBRTUReceive     mbrtu.o
    0x08005870   0x08005870   0x00000088   Code   RO         4060    i.eMBRTUSend        mbrtu.o
    0x080058f8   0x080058f8   0x0000001c   Code   RO         4061    i.eMBRTUStart       mbrtu.o
    0x08005914   0x08005914   0x00000010   Code   RO         4062    i.eMBRTUStop        mbrtu.o
    0x08005924   0x08005924   0x00000174   Code   RO         3979    i.eMBRegCoilsCB     port.o
    0x08005a98   0x08005a98   0x0000008c   Code   RO         3980    i.eMBRegDiscreteCB  port.o
    0x08005b24   0x08005b24   0x00000088   Code   RO         3981    i.eMBRegHoldingCB   port.o
    0x08005bac   0x08005bac   0x00000040   Code   RO         3982    i.eMBRegInputCB     port.o
    0x08005bec   0x08005bec   0x0000001c   Code   RO         3483    i.fputc             com_debug.o
    0x08005c08   0x08005c08   0x00000050   Code   RO         4472    i.key_clicked       key.o
    0x08005c58   0x08005c58   0x00000030   Code   RO           16    i.main              main.o
    0x08005c88   0x08005c88   0x0000001e   Code   RO         5717    i.osDelay           cmsis_os2.o
    0x08005ca6   0x08005ca6   0x00000002   PAD
    0x08005ca8   0x08005ca8   0x0000002c   Code   RO         5731    i.osKernelInitialize  cmsis_os2.o
    0x08005cd4   0x08005cd4   0x00000060   Code   RO         5734    i.osKernelStart     cmsis_os2.o
    0x08005d34   0x08005d34   0x00000062   Code   RO         5754    i.osMutexAcquire    cmsis_os2.o
    0x08005d96   0x08005d96   0x000000b2   Code   RO         5757    i.osMutexNew        cmsis_os2.o
    0x08005e48   0x08005e48   0x0000004e   Code   RO         5758    i.osMutexRelease    cmsis_os2.o
    0x08005e96   0x08005e96   0x000000b8   Code   RO         5776    i.osThreadNew       cmsis_os2.o
    0x08005f4e   0x08005f4e   0x00000002   PAD
    0x08005f50   0x08005f50   0x0000007c   Code   RO         5151    i.prvAddCurrentTaskToDelayedList  tasks.o
    0x08005fcc   0x08005fcc   0x000000b8   Code   RO         5152    i.prvAddNewTaskToReadyList  tasks.o
    0x08006084   0x08006084   0x00000074   Code   RO         5527    i.prvCheckForValidListAndQueue  timers.o
    0x080060f8   0x080060f8   0x00000048   Code   RO         5153    i.prvCheckTasksWaitingTermination  tasks.o
    0x08006140   0x08006140   0x0000002a   Code   RO         4741    i.prvCopyDataFromQueue  queue.o
    0x0800616a   0x0800616a   0x0000007e   Code   RO         4742    i.prvCopyDataToQueue  queue.o
    0x080061e8   0x080061e8   0x00000050   Code   RO         5154    i.prvDeleteTCB      tasks.o
    0x08006238   0x08006238   0x00000014   Code   RO         4743    i.prvGetDisinheritPriorityAfterTimeout  queue.o
    0x0800624c   0x0800624c   0x00000028   Code   RO         5528    i.prvGetNextExpireTime  timers.o
    0x08006274   0x08006274   0x0000007c   Code   RO         6244    i.prvHeapInit       heap_4.o
    0x080062f0   0x080062f0   0x00000028   Code   RO         5155    i.prvIdleTask       tasks.o
    0x08006318   0x08006318   0x0000001e   Code   RO         4744    i.prvInitialiseMutex  queue.o
    0x08006336   0x08006336   0x0000002a   Code   RO         4745    i.prvInitialiseNewQueue  queue.o
    0x08006360   0x08006360   0x000000be   Code   RO         5156    i.prvInitialiseNewTask  tasks.o
    0x0800641e   0x0800641e   0x00000002   PAD
    0x08006420   0x08006420   0x00000068   Code   RO         5157    i.prvInitialiseTaskLists  tasks.o
    0x08006488   0x08006488   0x00000068   Code   RO         6245    i.prvInsertBlockIntoFreeList  heap_4.o
    0x080064f0   0x080064f0   0x00000058   Code   RO         5530    i.prvInsertTimerInActiveList  timers.o
    0x08006548   0x08006548   0x0000001a   Code   RO         4746    i.prvIsQueueEmpty   queue.o
    0x08006562   0x08006562   0x0000001e   Code   RO         4747    i.prvIsQueueFull    queue.o
    0x08006580   0x08006580   0x00000074   Code   RO         5531    i.prvProcessExpiredTimer  timers.o
    0x080065f4   0x080065f4   0x00000164   Code   RO         5532    i.prvProcessReceivedCommands  timers.o
    0x08006758   0x08006758   0x00000074   Code   RO         5533    i.prvProcessTimerOrBlockTask  timers.o
    0x080067cc   0x080067cc   0x00000034   Code   RO         5159    i.prvResetNextTaskUnblockTime  tasks.o
    0x08006800   0x08006800   0x0000002c   Code   RO         5534    i.prvSampleTimeNow  timers.o
    0x0800682c   0x0800682c   0x000000a4   Code   RO         5535    i.prvSwitchTimerLists  timers.o
    0x080068d0   0x080068d0   0x00000040   Code   RO         6300    i.prvTaskExitError  port_1.o
    0x08006910   0x08006910   0x0000001a   Code   RO         5536    i.prvTimerTask      timers.o
    0x0800692a   0x0800692a   0x0000007e   Code   RO         4748    i.prvUnlockQueue    queue.o
    0x080069a8   0x080069a8   0x00000022   Code   RO         4122    i.prveMBError2Exception  mbutils.o
    0x080069ca   0x080069ca   0x00000024   Code   RO         4395    i.prvucMBBIN2CHAR   mbascii.o
    0x080069ee   0x080069ee   0x00000026   Code   RO         4396    i.prvucMBCHAR2BIN   mbascii.o
    0x08006a14   0x08006a14   0x00000020   Code   RO         4397    i.prvucMBLRC        mbascii.o
    0x08006a34   0x08006a34   0x00000010   Code   RO         4347    i.prvvTIMERExpiredISR  porttimer.o
    0x08006a44   0x08006a44   0x00000010   Code   RO         4278    i.prvvUARTRxISR     portserial.o
    0x08006a54   0x08006a54   0x00000010   Code   RO         4279    i.prvvUARTTxReadyISR  portserial.o
    0x08006a64   0x08006a64   0x0000014c   Code   RO         6246    i.pvPortMalloc      heap_4.o
    0x08006bb0   0x08006bb0   0x00000020   Code   RO         5162    i.pvTaskIncrementMutexHeldCount  tasks.o
    0x08006bd0   0x08006bd0   0x00000024   Code   RO         6301    i.pxPortInitialiseStack  port_1.o
    0x08006bf4   0x08006bf4   0x0000004c   Code   RO         6377    i.sqrt              m_ws.l(sqrt.o)
    0x08006c40   0x08006c40   0x00000038   Code   RO         4044    i.usMBCRC16         mbcrc.o
    0x08006c78   0x08006c78   0x00000028   Code   RO         4701    i.uxListRemove      list.o
    0x08006ca0   0x08006ca0   0x00000018   Code   RO         5788    i.vApplicationGetIdleTaskMemory  cmsis_os2.o
    0x08006cb8   0x08006cb8   0x00000018   Code   RO         5789    i.vApplicationGetTimerTaskMemory  cmsis_os2.o
    0x08006cd0   0x08006cd0   0x0000001a   Code   RO         4702    i.vListInitialise   list.o
    0x08006cea   0x08006cea   0x00000006   Code   RO         4703    i.vListInitialiseItem  list.o
    0x08006cf0   0x08006cf0   0x00000034   Code   RO         4704    i.vListInsert       list.o
    0x08006d24   0x08006d24   0x00000018   Code   RO         4705    i.vListInsertEnd    list.o
    0x08006d3c   0x08006d3c   0x00000050   Code   RO         4280    i.vMBPortSerialEnable  portserial.o
    0x08006d8c   0x08006d8c   0x00000010   Code   RO         4381    i.vMBPortTimersDisable  porttimer.o
    0x08006d9c   0x08006d9c   0x00000020   Code   RO         4375    i.vMBPortTimersEnable  porttimer.o
    0x08006dbc   0x08006dbc   0x00000054   Code   RO         6303    i.vPortEnterCritical  port_1.o
    0x08006e10   0x08006e10   0x0000003c   Code   RO         6304    i.vPortExitCritical  port_1.o
    0x08006e4c   0x08006e4c   0x000000a4   Code   RO         6247    i.vPortFree         heap_4.o
    0x08006ef0   0x08006ef0   0x00000028   Code   RO         6305    i.vPortSetupTimerInterrupt  port_1.o
    0x08006f18   0x08006f18   0x00000078   Code   RO         6306    i.vPortValidateInterruptPriority  port_1.o
    0x08006f90   0x08006f90   0x0000002c   Code   RO         4754    i.vQueueAddToRegistry  queue.o
    0x08006fbc   0x08006fbc   0x0000004a   Code   RO         4758    i.vQueueWaitForMessageRestricted  queue.o
    0x08007006   0x08007006   0x00000002   PAD
    0x08007008   0x08007008   0x0000005c   Code   RO         5172    i.vTaskDelay        tasks.o
    0x08007064   0x08007064   0x00000018   Code   RO         5177    i.vTaskInternalSetTimeOutState  tasks.o
    0x0800707c   0x0800707c   0x0000000c   Code   RO         5178    i.vTaskMissedYield  tasks.o
    0x08007088   0x08007088   0x00000038   Code   RO         5180    i.vTaskPlaceOnEventList  tasks.o
    0x080070c0   0x080070c0   0x00000040   Code   RO         5181    i.vTaskPlaceOnEventListRestricted  tasks.o
    0x08007100   0x08007100   0x000000d0   Code   RO         5183    i.vTaskPriorityDisinheritAfterTimeout  tasks.o
    0x080071d0   0x080071d0   0x000000b8   Code   RO         5189    i.vTaskStartScheduler  tasks.o
    0x08007288   0x08007288   0x00000010   Code   RO         5191    i.vTaskSuspendAll   tasks.o
    0x08007298   0x08007298   0x00000090   Code   RO         5192    i.vTaskSwitchContext  tasks.o
    0x08007328   0x08007328   0x00000128   Code   RO         4398    i.xMBASCIIReceiveFSM  mbascii.o
    0x08007450   0x08007450   0x0000002c   Code   RO         4399    i.xMBASCIITimerT1SExpired  mbascii.o
    0x0800747c   0x0800747c   0x000000f0   Code   RO         4400    i.xMBASCIITransmitFSM  mbascii.o
    0x0800756c   0x0800756c   0x00000024   Code   RO         4248    i.xMBPortEventGet   portevent.o
    0x08007590   0x08007590   0x00000010   Code   RO         4249    i.xMBPortEventInit  portevent.o
    0x080075a0   0x080075a0   0x00000018   Code   RO         4250    i.xMBPortEventPost  portevent.o
    0x080075b8   0x080075b8   0x00000010   Code   RO         4281    i.xMBPortSerialGetByte  portserial.o
    0x080075c8   0x080075c8   0x00000008   Code   RO         4282    i.xMBPortSerialInit  portserial.o
    0x080075d0   0x080075d0   0x00000010   Code   RO         4283    i.xMBPortSerialPutByte  portserial.o
    0x080075e0   0x080075e0   0x00000006   Code   RO         4348    i.xMBPortTimersInit  porttimer.o
    0x080075e6   0x080075e6   0x00000002   PAD
    0x080075e8   0x080075e8   0x00000088   Code   RO         4063    i.xMBRTUReceiveFSM  mbrtu.o
    0x08007670   0x08007670   0x00000040   Code   RO         4064    i.xMBRTUTimerT35Expired  mbrtu.o
    0x080076b0   0x080076b0   0x0000006c   Code   RO         4065    i.xMBRTUTransmitFSM  mbrtu.o
    0x0800771c   0x0800771c   0x000000f8   Code   RO         6307    i.xPortStartScheduler  port_1.o
    0x08007814   0x08007814   0x00000034   Code   RO         6308    i.xPortSysTickHandler  port_1.o
    0x08007848   0x08007848   0x00000022   Code   RO         4761    i.xQueueCreateMutex  queue.o
    0x0800786a   0x0800786a   0x0000002a   Code   RO         4762    i.xQueueCreateMutexStatic  queue.o
    0x08007894   0x08007894   0x0000005a   Code   RO         4763    i.xQueueGenericCreate  queue.o
    0x080078ee   0x080078ee   0x000000e0   Code   RO         4764    i.xQueueGenericCreateStatic  queue.o
    0x080079ce   0x080079ce   0x00000002   PAD
    0x080079d0   0x080079d0   0x00000098   Code   RO         4765    i.xQueueGenericReset  queue.o
    0x08007a68   0x08007a68   0x000001a8   Code   RO         4766    i.xQueueGenericSend  queue.o
    0x08007c10   0x08007c10   0x000000fc   Code   RO         4767    i.xQueueGenericSendFromISR  queue.o
    0x08007d0c   0x08007d0c   0x00000048   Code   RO         4771    i.xQueueGiveMutexRecursive  queue.o
    0x08007d54   0x08007d54   0x00000168   Code   RO         4776    i.xQueueReceive     queue.o
    0x08007ebc   0x08007ebc   0x000001b8   Code   RO         4778    i.xQueueSemaphoreTake  queue.o
    0x08008074   0x08008074   0x0000004e   Code   RO         4779    i.xQueueTakeMutexRecursive  queue.o
    0x080080c2   0x080080c2   0x00000002   PAD
    0x080080c4   0x080080c4   0x0000008c   Code   RO         5194    i.xTaskCheckForTimeOut  tasks.o
    0x08008150   0x08008150   0x00000064   Code   RO         5195    i.xTaskCreate       tasks.o
    0x080081b4   0x080081b4   0x000000ba   Code   RO         5196    i.xTaskCreateStatic  tasks.o
    0x0800826e   0x0800826e   0x00000002   PAD
    0x08008270   0x08008270   0x0000000c   Code   RO         5199    i.xTaskGetCurrentTaskHandle  tasks.o
    0x0800827c   0x0800827c   0x00000020   Code   RO         5200    i.xTaskGetSchedulerState  tasks.o
    0x0800829c   0x0800829c   0x0000000c   Code   RO         5201    i.xTaskGetTickCount  tasks.o
    0x080082a8   0x080082a8   0x00000144   Code   RO         5203    i.xTaskIncrementTick  tasks.o
    0x080083ec   0x080083ec   0x000000a4   Code   RO         5206    i.xTaskPriorityDisinherit  tasks.o
    0x08008490   0x08008490   0x000000a4   Code   RO         5207    i.xTaskPriorityInherit  tasks.o
    0x08008534   0x08008534   0x00000098   Code   RO         5208    i.xTaskRemoveFromEventList  tasks.o
    0x080085cc   0x080085cc   0x00000104   Code   RO         5209    i.xTaskResumeAll    tasks.o
    0x080086d0   0x080086d0   0x00000078   Code   RO         5545    i.xTimerCreateTimerTask  timers.o
    0x08008748   0x08008748   0x00000084   Code   RO         5546    i.xTimerGenericCommand  timers.o
    0x080087cc   0x080087cc   0x0000007c   Data   RO          223    .constdata          freertos.o
    0x08008848   0x08008848   0x00000012   Data   RO         1776    .constdata          stm32f1xx_hal_rcc.o
    0x0800885a   0x0800885a   0x00000018   Data   RO         3447    .constdata          system_stm32f1xx.o
    0x08008872   0x08008872   0x00001ac8   Data   RO         3534    .constdata          int_oled.o
    0x0800a33a   0x0800a33a   0x00000200   Data   RO         4045    .constdata          mbcrc.o
    0x0800a53a   0x0800a53a   0x00000002   PAD
    0x0800a53c   0x0800a53c   0x00000031   Data   RO          224    .conststring        freertos.o
    0x0800a56d   0x0800a56d   0x00000003   PAD
    0x0800a570   0x0800a570   0x00000020   Data   RO         6733    Region$$Table       anon$$obj.o


    Execution Region RW_IRAM1 (Exec base: 0x20000000, Load base: 0x0800a590, Size: 0x00003230, Max: 0x00005000, ABSOLUTE, COMPRESSED[0x00000070])

    Exec Addr    Load Addr    Size         Type   Attr      Idx    E Section Name        Object

    0x20000000   COMPRESSED   0x00000014   Data   RW          225    .data               freertos.o
    0x20000014   COMPRESSED   0x00000009   Data   RW         1612    .data               stm32f1xx_hal.o
    0x2000001d   COMPRESSED   0x00000003   PAD
    0x20000020   COMPRESSED   0x00000004   Data   RW         3448    .data               system_stm32f1xx.o
    0x20000024   COMPRESSED   0x0000002d   Data   RW         3704    .data               stepper.o
    0x20000051   COMPRESSED   0x00000003   PAD
    0x20000054   COMPRESSED   0x000000b5   Data   RW         3910    .data               mb.o
    0x20000109   COMPRESSED   0x00000001   PAD
    0x2000010a   COMPRESSED   0x00000028   Data   RW         3985    .data               port.o
    0x20000132   COMPRESSED   0x00000002   PAD
    0x20000134   COMPRESSED   0x0000000c   Data   RW         4067    .data               mbrtu.o
    0x20000140   COMPRESSED   0x00000002   Data   RW         4149    .data               mbfuncother.o
    0x20000142   COMPRESSED   0x00000002   Data   RW         4251    .data               portevent.o
    0x20000144   COMPRESSED   0x00000014   Data   RW         4401    .data               mbascii.o
    0x20000158   COMPRESSED   0x00000005   Data   RW         4473    .data               key.o
    0x2000015d   COMPRESSED   0x00000002   Data   RW         4508    .data               app_state.o
    0x2000015f   COMPRESSED   0x00000001   Data   RW         4547    .data               storage_svc.o
    0x20000160   COMPRESSED   0x0000003c   Data   RW         5212    .data               tasks.o
    0x2000019c   COMPRESSED   0x00000014   Data   RW         5554    .data               timers.o
    0x200001b0   COMPRESSED   0x00000004   Data   RW         5791    .data               cmsis_os2.o
    0x200001b4   COMPRESSED   0x00000020   Data   RW         6253    .data               heap_4.o
    0x200001d4   COMPRESSED   0x0000000c   Data   RW         6309    .data               port_1.o
    0x200001e0   COMPRESSED   0x00000004   Data   RW         6702    .data               mc_w.l(stdout.o)
    0x200001e4   COMPRESSED   0x00000004   Data   RW         6714    .data               mc_w.l(errno.o)
    0x200001e8        -       0x00000054   Zero   RW          280    .bss                i2c.o
    0x2000023c        -       0x00000090   Zero   RW          324    .bss                tim.o
    0x200002cc        -       0x00000090   Zero   RW          377    .bss                usart.o
    0x2000035c        -       0x00000048   Zero   RW          531    .bss                stm32f1xx_hal_timebase_tim.o
    0x200003a4        -       0x00000480   Zero   RW         3533    .bss                int_oled.o
    0x20000824        -       0x00000014   Zero   RW         3984    .bss                port.o
    0x20000838        -       0x00000100   Zero   RW         4066    .bss                mbrtu.o
    0x20000938        -       0x00000020   Zero   RW         4148    .bss                mbfuncother.o
    0x20000958        -       0x00000040   Zero   RW         4780    .bss                queue.o
    0x20000998        -       0x000004c4   Zero   RW         5211    .bss                tasks.o
    0x20000e5c        -       0x00000118   Zero   RW         5553    .bss                timers.o
    0x20000f74        -       0x000006b8   Zero   RW         5790    .bss                cmsis_os2.o
    0x2000162c        -       0x00001800   Zero   RW         6252    .bss                heap_4.o
    0x20002e2c   COMPRESSED   0x00000004   PAD
    0x20002e30        -       0x00000400   Zero   RW            1    STACK               startup_stm32f103xb.o


==============================================================================

Image component sizes


      Code (inc. data)   RO Data    RW Data    ZI Data      Debug   Object Name

        44          6          0          0          0        499   app_display.o
       334         20          0          0          0       1073   app_key.o
       184         26          0          0          0       1043   app_modbus_run.o
       244         26          0          2          0       1258   app_state.o
       784         38          0          4       1720      60910   cmsis_os2.o
        28          6          0          0          0        504   com_debug.o
         0          0          0          0          0      18116   event_groups.o
       116         50        173         20          0       1589   freertos.o
       252         14          0          0          0        983   gpio.o
       724         74          0         32       6144       4735   heap_4.o
       180         26          0          0         84       1589   i2c.o
      1272         44       6856          0       1152       8184   int_oled.o
       176         18          0          5          0       2167   key.o
       148          0          0          0          0       3390   list.o
       180          6          0          0          0     446724   main.o
       676        154          0        181          0       6272   mb.o
       994         92          0         20          0       8311   mbascii.o
        56          8        512          0          0       1228   mbcrc.o
       430          0          0          0          0       3794   mbfunccoils.o
       172          0          0          0          0       1620   mbfuncdisc.o
       528          0          0          0          0       5027   mbfuncholding.o
       140          0          0          0          0       1571   mbfuncinput.o
        40         10          0          2         32       1399   mbfuncother.o
       648         72          0         12        256       6163   mbrtu.o
        34          0          0          0          0        580   mbutils.o
       712         90          0         40         20       4997   port.o
       854         78          0         12          0      11253   port_1.o
        76         24          0          2          0       2152   portevent.o
       220         34          0          0          0       5705   portserial.o
       110         20          0          0          0       2459   porttimer.o
      2728         26          0          0         64      23768   queue.o
        36          8        236          0       1024        800   startup_stm32f103xb.o
      1036         88          0         45          0       7836   stepper.o
       116         24          0          9          0       5214   stm32f1xx_hal.o
       252         22          0          0          0      28642   stm32f1xx_hal_cortex.o
       262          4          0          0          0       1743   stm32f1xx_hal_dma.o
       828         34          0          0          0       3295   stm32f1xx_hal_gpio.o
      3684         64          0          0          0      13544   stm32f1xx_hal_i2c.o
        96         10          0          0          0        886   stm32f1xx_hal_msp.o
      1816        108         18          0          0       6545   stm32f1xx_hal_rcc.o
      2330         62          0          0          0      16485   stm32f1xx_hal_tim.o
       252         14          0          0          0       3193   stm32f1xx_hal_tim_ex.o
       180         22          0          0         72       1451   stm32f1xx_hal_timebase_tim.o
      1956          8          0          0          0      11000   stm32f1xx_hal_uart.o
        54         12          0          0          0       5280   stm32f1xx_it.o
        96         12          0          1          0        787   storage_svc.o
         0          0          0          0          0        392   stream_buffer.o
         2          0         24          4          0       1107   system_stm32f1xx.o
      3224        386          0         60       1220      29519   tasks.o
       536         44          0          0        144       3057   tim.o
      1318        124          0         20        280      32611   timers.o
       368         36          0          0        144       2267   usart.o
        92         12          0          0          0       1097   w24c02.o

    ----------------------------------------------------------------------
     31662       2056       7856        480      12360     815814   Object Totals
         0          0         32          0          0          0   (incl. Generated)
        44          0          5          9          4          0   (incl. Padding)

    ----------------------------------------------------------------------

      Code (inc. data)   RO Data    RW Data    ZI Data      Debug   Library Member Name

        76          0          0          0          0         84   sqrt.o
        86          0          0          0          0          0   __dczerorl2.o
         0          0          0          0          0          0   entry.o
         0          0          0          0          0          0   entry10a.o
         0          0          0          0          0          0   entry11a.o
         4          0          0          0          0          0   entry12b.o
         8          4          0          0          0          0   entry2.o
         4          0          0          0          0          0   entry5.o
         0          0          0          0          0          0   entry7b.o
         0          0          0          0          0          0   entry8b.o
         8          4          0          0          0          0   entry9a.o
        12          6          0          4          0         68   errno.o
        30          0          0          0          0          0   handlers.o
        36          8          0          0          0         68   init.o
         0          0          0          0          0          0   iusefp.o
        30          0          0          0          0         68   llshl.o
        36          0          0          0          0         68   llsshr.o
        32          0          0          0          0         68   llushr.o
        36          0          0          0          0         68   memcpya.o
        36          0          0          0          0        108   memseta.o
       472         14          0          0          0        184   printf3.o
         0          0          0          4          0          0   stdout.o
        22          0          0          0          0         68   strrchr.o
        44          0          0          0          0         80   uidiv.o
        20          0          0          0          0         68   cfcmple.o
        20          0          0          0          0         68   cfrcmple.o
        56          0          0          0          0         88   d2f.o
       334          0          0          0          0        148   dadd.o
       222          0          0          0          0        100   ddiv.o
       186          0          0          0          0        176   depilogue.o
        50          0          0          0          0         76   dfixui.o
        26          0          0          0          0         76   dfltui.o
       228          0          0          0          0         96   dmul.o
       162          0          0          0          0        100   dsqrt.o
        38          0          0          0          0         68   f2d.o
       176          0          0          0          0        140   fadd.o
       124          0          0          0          0         88   fdiv.o
       110          0          0          0          0        168   fepilogue.o
        40          0          0          0          0         68   ffixui.o
       100          0          0          0          0         76   fmul.o

    ----------------------------------------------------------------------
      2866         36          0          8          0       2536   Library Totals
         2          0          0          0          0          0   (incl. Padding)

    ----------------------------------------------------------------------

      Code (inc. data)   RO Data    RW Data    ZI Data      Debug   Library Name

        76          0          0          0          0         84   m_ws.l
       896         36          0          8          0        848   mc_w.l
      1892          0          0          0          0       1604   mf_w.l

    ----------------------------------------------------------------------
      2866         36          0          8          0       2536   Library Totals

    ----------------------------------------------------------------------

==============================================================================


      Code (inc. data)   RO Data    RW Data    ZI Data      Debug   

     34528       2092       7856        488      12360     803294   Grand Totals
     34528       2092       7856        112      12360     803294   ELF Image Totals (compressed)
     34528       2092       7856        112          0          0   ROM Totals

==============================================================================

    Total RO  Size (Code + RO Data)                42384 (  41.39kB)
    Total RW  Size (RW Data + ZI Data)             12848 (  12.55kB)
    Total ROM Size (Code + RO Data + RW Data)      42496 (  41.50kB)

==============================================================================

