Component: ARM Compiler 5.06 update 7 (build 960) Tool: armlink [4d3601]

==============================================================================

Section Cross References

    startup_stm32f103xb.o(RESET) refers to startup_stm32f103xb.o(STACK) for __initial_sp
    startup_stm32f103xb.o(RESET) refers to startup_stm32f103xb.o(.text) for Reset_Handler
    startup_stm32f103xb.o(RESET) refers to stm32f1xx_it.o(i.NMI_Handler) for NMI_Handler
    startup_stm32f103xb.o(RESET) refers to stm32f1xx_it.o(i.HardFault_Handler) for HardFault_Handler
    startup_stm32f103xb.o(RESET) refers to stm32f1xx_it.o(i.MemManage_Handler) for MemManage_Handler
    startup_stm32f103xb.o(RESET) refers to stm32f1xx_it.o(i.BusFault_Handler) for BusFault_Handler
    startup_stm32f103xb.o(RESET) refers to stm32f1xx_it.o(i.UsageFault_Handler) for UsageFault_Handler
    startup_stm32f103xb.o(RESET) refers to stm32f1xx_it.o(i.SVC_Handler) for SVC_Handler
    startup_stm32f103xb.o(RESET) refers to stm32f1xx_it.o(i.DebugMon_Handler) for DebugMon_Handler
    startup_stm32f103xb.o(RESET) refers to stm32f1xx_it.o(i.PendSV_Handler) for PendSV_Handler
    startup_stm32f103xb.o(RESET) refers to stm32f1xx_it.o(i.SysTick_Handler) for SysTick_Handler
    startup_stm32f103xb.o(RESET) refers to stm32f1xx_it.o(i.EXTI3_IRQHandler) for EXTI3_IRQHandler
    startup_stm32f103xb.o(RESET) refers to stm32f1xx_it.o(i.EXTI4_IRQHandler) for EXTI4_IRQHandler
    startup_stm32f103xb.o(RESET) refers to stm32f1xx_it.o(i.EXTI9_5_IRQHandler) for EXTI9_5_IRQHandler
    startup_stm32f103xb.o(RESET) refers to stm32f1xx_it.o(i.TIM1_CC_IRQHandler) for TIM1_CC_IRQHandler
    startup_stm32f103xb.o(RESET) refers to stm32f1xx_it.o(i.EXTI15_10_IRQHandler) for EXTI15_10_IRQHandler
    startup_stm32f103xb.o(.text) refers to system_stm32f1xx.o(i.SystemInit) for SystemInit
    startup_stm32f103xb.o(.text) refers to entry.o(.ARM.Collect$$$$00000000) for __main
    main.o(i.SystemClock_Config) refers to memseta.o(.text) for __aeabi_memclr4
    main.o(i.SystemClock_Config) refers to stm32f1xx_hal_rcc.o(i.HAL_RCC_OscConfig) for HAL_RCC_OscConfig
    main.o(i.SystemClock_Config) refers to main.o(i.Error_Handler) for Error_Handler
    main.o(i.SystemClock_Config) refers to stm32f1xx_hal_rcc.o(i.HAL_RCC_ClockConfig) for HAL_RCC_ClockConfig
    main.o(i.main) refers to stm32f1xx_hal.o(i.HAL_Init) for HAL_Init
    main.o(i.main) refers to main.o(i.SystemClock_Config) for SystemClock_Config
    main.o(i.main) refers to gpio.o(i.MX_GPIO_Init) for MX_GPIO_Init
    main.o(i.main) refers to i2c.o(i.MX_I2C2_Init) for MX_I2C2_Init
    main.o(i.main) refers to usart.o(i.MX_USART1_UART_Init) for MX_USART1_UART_Init
    main.o(i.main) refers to tim.o(i.MX_TIM1_Init) for MX_TIM1_Init
    main.o(i.main) refers to app_display.o(i.App_ID_Init) for App_ID_Init
    main.o(i.main) refers to app_display.o(i.App_OLED_Init) for App_OLED_Init
    main.o(i.main) refers to app_display.o(i.App_OLED_Show) for App_OLED_Show
    main.o(i.main) refers to app_key.o(i.App_KeyFunction) for App_KeyFunction
    gpio.o(i.MX_GPIO_Init) refers to stm32f1xx_hal_gpio.o(i.HAL_GPIO_WritePin) for HAL_GPIO_WritePin
    gpio.o(i.MX_GPIO_Init) refers to stm32f1xx_hal_gpio.o(i.HAL_GPIO_Init) for HAL_GPIO_Init
    gpio.o(i.MX_GPIO_Init) refers to stm32f1xx_hal_cortex.o(i.HAL_NVIC_SetPriority) for HAL_NVIC_SetPriority
    gpio.o(i.MX_GPIO_Init) refers to stm32f1xx_hal_cortex.o(i.HAL_NVIC_EnableIRQ) for HAL_NVIC_EnableIRQ
    i2c.o(i.HAL_I2C_MspDeInit) refers to stm32f1xx_hal_gpio.o(i.HAL_GPIO_DeInit) for HAL_GPIO_DeInit
    i2c.o(i.HAL_I2C_MspInit) refers to stm32f1xx_hal_gpio.o(i.HAL_GPIO_Init) for HAL_GPIO_Init
    i2c.o(i.MX_I2C2_Init) refers to stm32f1xx_hal_i2c.o(i.HAL_I2C_Init) for HAL_I2C_Init
    i2c.o(i.MX_I2C2_Init) refers to main.o(i.Error_Handler) for Error_Handler
    i2c.o(i.MX_I2C2_Init) refers to i2c.o(.bss) for hi2c2
    tim.o(i.HAL_TIM_Base_MspDeInit) refers to stm32f1xx_hal_cortex.o(i.HAL_NVIC_DisableIRQ) for HAL_NVIC_DisableIRQ
    tim.o(i.HAL_TIM_Base_MspInit) refers to stm32f1xx_hal_cortex.o(i.HAL_NVIC_SetPriority) for HAL_NVIC_SetPriority
    tim.o(i.HAL_TIM_Base_MspInit) refers to stm32f1xx_hal_cortex.o(i.HAL_NVIC_EnableIRQ) for HAL_NVIC_EnableIRQ
    tim.o(i.HAL_TIM_MspPostInit) refers to stm32f1xx_hal_gpio.o(i.HAL_GPIO_Init) for HAL_GPIO_Init
    tim.o(i.MX_TIM1_Init) refers to memseta.o(.text) for __aeabi_memclr4
    tim.o(i.MX_TIM1_Init) refers to stm32f1xx_hal_tim.o(i.HAL_TIM_Base_Init) for HAL_TIM_Base_Init
    tim.o(i.MX_TIM1_Init) refers to main.o(i.Error_Handler) for Error_Handler
    tim.o(i.MX_TIM1_Init) refers to stm32f1xx_hal_tim.o(i.HAL_TIM_ConfigClockSource) for HAL_TIM_ConfigClockSource
    tim.o(i.MX_TIM1_Init) refers to stm32f1xx_hal_tim.o(i.HAL_TIM_OC_Init) for HAL_TIM_OC_Init
    tim.o(i.MX_TIM1_Init) refers to stm32f1xx_hal_tim_ex.o(i.HAL_TIMEx_MasterConfigSynchronization) for HAL_TIMEx_MasterConfigSynchronization
[...]
    Removing stm32f1xx_hal_uart.o(i.HAL_UART_Abort), (278 bytes).
    Removing stm32f1xx_hal_uart.o(i.HAL_UART_AbortCpltCallback), (2 bytes).
    Removing stm32f1xx_hal_uart.o(i.HAL_UART_AbortReceive), (194 bytes).
    Removing stm32f1xx_hal_uart.o(i.HAL_UART_AbortReceiveCpltCallback), (2 bytes).
    Removing stm32f1xx_hal_uart.o(i.HAL_UART_AbortReceive_IT), (216 bytes).
    Removing stm32f1xx_hal_uart.o(i.HAL_UART_AbortTransmit), (124 bytes).
    Removing stm32f1xx_hal_uart.o(i.HAL_UART_AbortTransmitCpltCallback), (2 bytes).
    Removing stm32f1xx_hal_uart.o(i.HAL_UART_AbortTransmit_IT), (144 bytes).
    Removing stm32f1xx_hal_uart.o(i.HAL_UART_Abort_IT), (328 bytes).
    Removing stm32f1xx_hal_uart.o(i.HAL_UART_DMAPause), (166 bytes).
    Removing stm32f1xx_hal_uart.o(i.HAL_UART_DMAResume), (170 bytes).
    Removing stm32f1xx_hal_uart.o(i.HAL_UART_DMAStop), (138 bytes).
    Removing stm32f1xx_hal_uart.o(i.HAL_UART_DeInit), (62 bytes).
    Removing stm32f1xx_hal_uart.o(i.HAL_UART_ErrorCallback), (2 bytes).
    Removing stm32f1xx_hal_uart.o(i.HAL_UART_GetError), (6 bytes).
    Removing stm32f1xx_hal_uart.o(i.HAL_UART_GetState), (20 bytes).
    Removing stm32f1xx_hal_uart.o(i.HAL_UART_IRQHandler), (740 bytes).
    Removing stm32f1xx_hal_uart.o(i.HAL_UART_MspDeInit), (2 bytes).
    Removing stm32f1xx_hal_uart.o(i.HAL_UART_MspInit), (2 bytes).
    Removing stm32f1xx_hal_uart.o(i.HAL_UART_Receive), (194 bytes).
    Removing stm32f1xx_hal_uart.o(i.HAL_UART_Receive_DMA), (44 bytes).
    Removing stm32f1xx_hal_uart.o(i.HAL_UART_Receive_IT), (44 bytes).
    Removing stm32f1xx_hal_uart.o(i.HAL_UART_RxCpltCallback), (2 bytes).
    Removing stm32f1xx_hal_uart.o(i.HAL_UART_RxHalfCpltCallback), (2 bytes).
    Removing stm32f1xx_hal_uart.o(i.HAL_UART_Transmit_DMA), (140 bytes).
    Removing stm32f1xx_hal_uart.o(i.HAL_UART_Transmit_IT), (56 bytes).
    Removing stm32f1xx_hal_uart.o(i.HAL_UART_TxCpltCallback), (2 bytes).
    Removing stm32f1xx_hal_uart.o(i.HAL_UART_TxHalfCpltCallback), (2 bytes).
    Removing stm32f1xx_hal_uart.o(i.UART_DMAAbortOnError), (20 bytes).
    Removing stm32f1xx_hal_uart.o(i.UART_DMAError), (80 bytes).
    Removing stm32f1xx_hal_uart.o(i.UART_DMAReceiveCplt), (180 bytes).
    Removing stm32f1xx_hal_uart.o(i.UART_DMARxAbortCallback), (56 bytes).
    Removing stm32f1xx_hal_uart.o(i.UART_DMARxHalfCplt), (36 bytes).
    Removing stm32f1xx_hal_uart.o(i.UART_DMARxOnlyAbortCallback), (28 bytes).
    Removing stm32f1xx_hal_uart.o(i.UART_DMATransmitCplt), (88 bytes).
    Removing stm32f1xx_hal_uart.o(i.UART_DMATxAbortCallback), (56 bytes).
    Removing stm32f1xx_hal_uart.o(i.UART_DMATxHalfCplt), (14 bytes).
    Removing stm32f1xx_hal_uart.o(i.UART_DMATxOnlyAbortCallback), (24 bytes).
    Removing stm32f1xx_hal_uart.o(i.UART_EndTransmit_IT), (32 bytes).
    Removing stm32f1xx_hal_uart.o(i.UART_EndTxTransfer), (38 bytes).
    Removing stm32f1xx_hal_uart.o(i.UART_Receive_IT), (252 bytes).
    Removing stm32f1xx_hal_uart.o(i.UART_Start_Receive_DMA), (200 bytes).
    Removing stm32f1xx_hal_uart.o(i.UART_Start_Receive_IT), (64 bytes).
    Removing stm32f1xx_hal_uart.o(i.UART_Transmit_IT), (96 bytes).
    Removing system_stm32f1xx.o(.rev16_text), (4 bytes).
    Removing system_stm32f1xx.o(.revsh_text), (4 bytes).
    Removing system_stm32f1xx.o(.rrx_text), (6 bytes).
    Removing system_stm32f1xx.o(i.SystemCoreClockUpdate), (164 bytes).
    Removing com_debug.o(.rev16_text), (4 bytes).
    Removing com_debug.o(.revsh_text), (4 bytes).
    Removing com_debug.o(.rrx_text), (6 bytes).
    Removing com_debug.o(i.Com_debug_init), (2 bytes).
    Removing int_oled.o(.rev16_text), (4 bytes).
    Removing int_oled.o(.revsh_text), (4 bytes).
    Removing int_oled.o(.rrx_text), (6 bytes).
    Removing int_oled.o(i.Inf_OLED_ColorTurn), (28 bytes).
    Removing int_oled.o(i.Inf_OLED_DisPlay_Off), (28 bytes).
    Removing int_oled.o(i.Inf_OLED_DisPlay_On), (28 bytes).
    Removing int_oled.o(i.Inf_OLED_DisplayTurn), (44 bytes).
    Removing int_oled.o(i.Inf_OLED_DrawCircle), (168 bytes).
    Removing int_oled.o(i.Inf_OLED_DrawLine), (172 bytes).
    Removing int_oled.o(i.Inf_OLED_ScrollDisplay), (172 bytes).
    Removing int_oled.o(i.Inf_OLED_ShowPicture), (214 bytes).
    Removing w24c02.o(.rev16_text), (4 bytes).
    Removing w24c02.o(.revsh_text), (4 bytes).
    Removing w24c02.o(.rrx_text), (6 bytes).
    Removing w24c02.o(i.W24C02_ReadBytes), (36 bytes).
    Removing w24c02.o(i.W24C02_WriteBytes), (232 bytes).
    Removing stepper.o(.rev16_text), (4 bytes).
    Removing stepper.o(.revsh_text), (4 bytes).
    Removing stepper.o(.rrx_text), (6 bytes).
    Removing app_display.o(.rev16_text), (4 bytes).
    Removing app_display.o(.revsh_text), (4 bytes).
    Removing app_display.o(.rrx_text), (6 bytes).
    Removing app_key.o(.rev16_text), (4 bytes).
    Removing app_key.o(.revsh_text), (4 bytes).
    Removing app_key.o(.rrx_text), (6 bytes).
    Removing dfixul.o(.text), (48 bytes).
    Removing cdcmple.o(.text), (48 bytes).
    Removing cdrcmple.o(.text), (48 bytes).

488 unused section(s) (total 49552 bytes) removed from the image.

==============================================================================

Image Symbol Table

    Local Symbols

    Symbol Name                              Value     Ov Type        Size  Object(Section)

    ../Core/Src/gpio.c                       0x00000000   Number         0  gpio.o ABSOLUTE
    ../Core/Src/i2c.c                        0x00000000   Number         0  i2c.o ABSOLUTE
    ../Core/Src/main.c                       0x00000000   Number         0  main.o ABSOLUTE
    ../Core/Src/stm32f1xx_hal_msp.c          0x00000000   Number         0  stm32f1xx_hal_msp.o ABSOLUTE
    ../Core/Src/stm32f1xx_it.c               0x00000000   Number         0  stm32f1xx_it.o ABSOLUTE
    ../Core/Src/system_stm32f1xx.c           0x00000000   Number         0  system_stm32f1xx.o ABSOLUTE
    ../Core/Src/tim.c                        0x00000000   Number         0  tim.o ABSOLUTE
    ../Core/Src/usart.c                      0x00000000   Number         0  usart.o ABSOLUTE
    ../Drivers/STM32F1xx_HAL_Driver/Src/stm32f1xx_hal.c 0x00000000   Number         0  stm32f1xx_hal.o ABSOLUTE
    ../Drivers/STM32F1xx_HAL_Driver/Src/stm32f1xx_hal_cortex.c 0x00000000   Number         0  stm32f1xx_hal_cortex.o ABSOLUTE
    ../Drivers/STM32F1xx_HAL_Driver/Src/stm32f1xx_hal_dma.c 0x00000000   Number         0  stm32f1xx_hal_dma.o ABSOLUTE
    ../Drivers/STM32F1xx_HAL_Driver/Src/stm32f1xx_hal_exti.c 0x00000000   Number         0  stm32f1xx_hal_exti.o ABSOLUTE
    ../Drivers/STM32F1xx_HAL_Driver/Src/stm32f1xx_hal_flash.c 0x00000000   Number         0  stm32f1xx_hal_flash.o ABSOLUTE
    ../Drivers/STM32F1xx_HAL_Driver/Src/stm32f1xx_hal_flash_ex.c 0x00000000   Number         0  stm32f1xx_hal_flash_ex.o ABSOLUTE
    ../Drivers/STM32F1xx_HAL_Driver/Src/stm32f1xx_hal_gpio.c 0x00000000   Number         0  stm32f1xx_hal_gpio.o ABSOLUTE
    ../Drivers/STM32F1xx_HAL_Driver/Src/stm32f1xx_hal_gpio_ex.c 0x00000000   Number         0  stm32f1xx_hal_gpio_ex.o ABSOLUTE
    ../Drivers/STM32F1xx_HAL_Driver/Src/stm32f1xx_hal_i2c.c 0x00000000   Number         0  stm32f1xx_hal_i2c.o ABSOLUTE
    ../Drivers/STM32F1xx_HAL_Driver/Src/stm32f1xx_hal_pwr.c 0x00000000   Number         0  stm32f1xx_hal_pwr.o ABSOLUTE
    ../Drivers/STM32F1xx_HAL_Driver/Src/stm32f1xx_hal_rcc.c 0x00000000   Number         0  stm32f1xx_hal_rcc.o ABSOLUTE
    ../Drivers/STM32F1xx_HAL_Driver/Src/stm32f1xx_hal_rcc_ex.c 0x00000000   Number         0  stm32f1xx_hal_rcc_ex.o ABSOLUTE
    ../Drivers/STM32F1xx_HAL_Driver/Src/stm32f1xx_hal_tim.c 0x00000000   Number         0  stm32f1xx_hal_tim.o ABSOLUTE
    ../Drivers/STM32F1xx_HAL_Driver/Src/stm32f1xx_hal_tim_ex.c 0x00000000   Number         0  stm32f1xx_hal_tim_ex.o ABSOLUTE
    ../Drivers/STM32F1xx_HAL_Driver/Src/stm32f1xx_hal_uart.c 0x00000000   Number         0  stm32f1xx_hal_uart.o ABSOLUTE
    ../clib/microlib/division.c              0x00000000   Number         0  uidiv.o ABSOLUTE
    ../clib/microlib/division.c              0x00000000   Number         0  uldiv.o ABSOLUTE
    ../clib/microlib/errno.c                 0x00000000   Number         0  errno.o ABSOLUTE
    ../clib/microlib/init/entry.s            0x00000000   Number         0  entry9b.o ABSOLUTE
    ../clib/microlib/init/entry.s            0x00000000   Number         0  entry12b.o ABSOLUTE
    ../clib/microlib/init/entry.s            0x00000000   Number         0  entry.o ABSOLUTE
    ../clib/microlib/init/entry.s            0x00000000   Number         0  entry7b.o ABSOLUTE
    ../clib/microlib/init/entry.s            0x00000000   Number         0  entry8b.o ABSOLUTE
    ../clib/microlib/init/entry.s            0x00000000   Number         0  entry8a.o ABSOLUTE
    ../clib/microlib/init/entry.s            0x00000000   Number         0  entry2.o ABSOLUTE
    ../clib/microlib/init/entry.s            0x00000000   Number         0  entry11b.o ABSOLUTE
    ../clib/microlib/init/entry.s            0x00000000   Number         0  entry11a.o ABSOLUTE
    ../clib/microlib/init/entry.s            0x00000000   Number         0  entry10b.o ABSOLUTE
    ../clib/microlib/init/entry.s            0x00000000   Number         0  entry5.o ABSOLUTE
    ../clib/microlib/init/entry.s            0x00000000   Number         0  entry12a.o ABSOLUTE
    ../clib/microlib/init/entry.s            0x00000000   Number         0  entry10a.o ABSOLUTE
    ../clib/microlib/init/entry.s            0x00000000   Number         0  entry7a.o ABSOLUTE
    ../clib/microlib/init/entry.s            0x00000000   Number         0  entry9a.o ABSOLUTE
    ../clib/microlib/longlong.c              0x00000000   Number         0  llushr.o ABSOLUTE
    ../clib/microlib/longlong.c              0x00000000   Number         0  llshl.o ABSOLUTE
    ../clib/microlib/longlong.c              0x00000000   Number         0  llsshr.o ABSOLUTE
    ../clib/microlib/printf/printf.c         0x00000000   Number         0  printfb.o ABSOLUTE
    ../clib/microlib/printf/printf.c         0x00000000   Number         0  printf5.o ABSOLUTE
    ../clib/microlib/printf/printf.c         0x00000000   Number         0  printf8.o ABSOLUTE
    ../clib/microlib/printf/printf.c         0x00000000   Number         0  printfa.o ABSOLUTE
    ../clib/microlib/printf/printf.c         0x00000000   Number         0  printf0.o ABSOLUTE
    ../clib/microlib/printf/printf.c         0x00000000   Number         0  printf1.o ABSOLUTE
    ../clib/microlib/printf/printf.c         0x00000000   Number         0  printf2.o ABSOLUTE
    ../clib/microlib/printf/printf.c         0x00000000   Number         0  printf3.o ABSOLUTE
    ../clib/microlib/printf/printf.c         0x00000000   Number         0  printf4.o ABSOLUTE
    ../clib/microlib/printf/printf.c         0x00000000   Number         0  printf6.o ABSOLUTE
    ../clib/microlib/printf/printf.c         0x00000000   Number         0  printf7.o ABSOLUTE
    ../clib/microlib/printf/stubs.s          0x00000000   Number         0  stubs.o ABSOLUTE
    ../clib/microlib/stdio/streams.c         0x00000000   Number         0  stdout.o ABSOLUTE
    ../clib/microlib/string/memset.c         0x00000000   Number         0  memseta.o ABSOLUTE
    ../clib/microlib/string/strrchr.c        0x00000000   Number         0  strrchr.o ABSOLUTE
    ../clib/microlib/stubs.s                 0x00000000   Number         0  iusefp.o ABSOLUTE
    ../fplib/microlib/d2f.c                  0x00000000   Number         0  d2f.o ABSOLUTE
    ../fplib/microlib/f2d.c                  0x00000000   Number         0  f2d.o ABSOLUTE
    ../fplib/microlib/fpadd.c                0x00000000   Number         0  dadd.o ABSOLUTE
    ../fplib/microlib/fpadd.c                0x00000000   Number         0  fadd.o ABSOLUTE
    ../fplib/microlib/fpdiv.c                0x00000000   Number         0  fdiv.o ABSOLUTE
    ../fplib/microlib/fpdiv.c                0x00000000   Number         0  ddiv.o ABSOLUTE
    ../fplib/microlib/fpepilogue.c           0x00000000   Number         0  depilogue.o ABSOLUTE
    ../fplib/microlib/fpepilogue.c           0x00000000   Number         0  fepilogue.o ABSOLUTE
    ../fplib/microlib/fpfix.c                0x00000000   Number         0  dfixui.o ABSOLUTE
    ../fplib/microlib/fpfix.c                0x00000000   Number         0  dfixul.o ABSOLUTE
    ../fplib/microlib/fpfix.c                0x00000000   Number         0  ffixui.o ABSOLUTE
    ../fplib/microlib/fpflt.c                0x00000000   Number         0  dfltui.o ABSOLUTE
    ../fplib/microlib/fpmul.c                0x00000000   Number         0  fmul.o ABSOLUTE
    ../fplib/microlib/fpmul.c                0x00000000   Number         0  dmul.o ABSOLUTE
    ../fplib/microlib/fpsqrt.c               0x00000000   Number         0  dsqrt.o ABSOLUTE
    ../mathlib/sqrt.c                        0x00000000   Number         0  sqrt_x.o ABSOLUTE
    ../mathlib/sqrt.c                        0x00000000   Number         0  sqrt.o ABSOLUTE
    ..\Core\Src\gpio.c                       0x00000000   Number         0  gpio.o ABSOLUTE
    ..\Core\Src\i2c.c                        0x00000000   Number         0  i2c.o ABSOLUTE
    ..\Core\Src\main.c                       0x00000000   Number         0  main.o ABSOLUTE
    ..\Core\Src\stm32f1xx_hal_msp.c          0x00000000   Number         0  stm32f1xx_hal_msp.o ABSOLUTE
    ..\Core\Src\stm32f1xx_it.c               0x00000000   Number         0  stm32f1xx_it.o ABSOLUTE
    ..\Core\Src\system_stm32f1xx.c           0x00000000   Number         0  system_stm32f1xx.o ABSOLUTE
    ..\Core\Src\tim.c                        0x00000000   Number         0  tim.o ABSOLUTE
    ..\Core\Src\usart.c                      0x00000000   Number         0  usart.o ABSOLUTE
    ..\Drivers\STM32F1xx_HAL_Driver\Src\stm32f1xx_hal.c 0x00000000   Number         0  stm32f1xx_hal.o ABSOLUTE
    ..\Drivers\STM32F1xx_HAL_Driver\Src\stm32f1xx_hal_cortex.c 0x00000000   Number         0  stm32f1xx_hal_cortex.o ABSOLUTE
    ..\Drivers\STM32F1xx_HAL_Driver\Src\stm32f1xx_hal_dma.c 0x00000000   Number         0  stm32f1xx_hal_dma.o ABSOLUTE
    ..\Drivers\STM32F1xx_HAL_Driver\Src\stm32f1xx_hal_exti.c 0x00000000   Number         0  stm32f1xx_hal_exti.o ABSOLUTE
    ..\Drivers\STM32F1xx_HAL_Driver\Src\stm32f1xx_hal_flash.c 0x00000000   Number         0  stm32f1xx_hal_flash.o ABSOLUTE
    ..\Drivers\STM32F1xx_HAL_Driver\Src\stm32f1xx_hal_flash_ex.c 0x00000000   Number         0  stm32f1xx_hal_flash_ex.o ABSOLUTE
    ..\Drivers\STM32F1xx_HAL_Driver\Src\stm32f1xx_hal_gpio.c 0x00000000   Number         0  stm32f1xx_hal_gpio.o ABSOLUTE
    ..\Drivers\STM32F1xx_HAL_Driver\Src\stm32f1xx_hal_gpio_ex.c 0x00000000   Number         0  stm32f1xx_hal_gpio_ex.o ABSOLUTE
    ..\Drivers\STM32F1xx_HAL_Driver\Src\stm32f1xx_hal_i2c.c 0x00000000   Number         0  stm32f1xx_hal_i2c.o ABSOLUTE
    ..\Drivers\STM32F1xx_HAL_Driver\Src\stm32f1xx_hal_pwr.c 0x00000000   Number         0  stm32f1xx_hal_pwr.o ABSOLUTE
    ..\Drivers\STM32F1xx_HAL_Driver\Src\stm32f1xx_hal_rcc.c 0x00000000   Number         0  stm32f1xx_hal_rcc.o ABSOLUTE
    ..\Drivers\STM32F1xx_HAL_Driver\Src\stm32f1xx_hal_rcc_ex.c 0x00000000   Number         0  stm32f1xx_hal_rcc_ex.o ABSOLUTE
    ..\Drivers\STM32F1xx_HAL_Driver\Src\stm32f1xx_hal_tim.c 0x00000000   Number         0  stm32f1xx_hal_tim.o ABSOLUTE
    ..\Drivers\STM32F1xx_HAL_Driver\Src\stm32f1xx_hal_tim_ex.c 0x00000000   Number         0  stm32f1xx_hal_tim_ex.o ABSOLUTE
    ..\Drivers\STM32F1xx_HAL_Driver\Src\stm32f1xx_hal_uart.c 0x00000000   Number         0  stm32f1xx_hal_uart.o ABSOLUTE
    application\App_display.c                0x00000000   Number         0  app_display.o ABSOLUTE
    application\App_key.c                    0x00000000   Number         0  app_key.o ABSOLUTE
    application\\App_display.c               0x00000000   Number         0  app_display.o ABSOLUTE
    application\\App_key.c                   0x00000000   Number         0  app_key.o ABSOLUTE
    cdcmple.s                                0x00000000   Number         0  cdcmple.o ABSOLUTE
    cdrcmple.s                               0x00000000   Number         0  cdrcmple.o ABSOLUTE
    cfcmple.s                                0x00000000   Number         0  cfcmple.o ABSOLUTE
    cfrcmple.s                               0x00000000   Number         0  cfrcmple.o ABSOLUTE
    common\\com_debug.c                      0x00000000   Number         0  com_debug.o ABSOLUTE
    common\com_debug.c                       0x00000000   Number         0  com_debug.o ABSOLUTE
    dc.s                                     0x00000000   Number         0  dc.o ABSOLUTE
    handlers.s                               0x00000000   Number         0  handlers.o ABSOLUTE
    init.s                                   0x00000000   Number         0  init.o ABSOLUTE
    interface\Int_oled.c                     0x00000000   Number         0  int_oled.o ABSOLUTE
    interface\W24C02.c                       0x00000000   Number         0  w24c02.o ABSOLUTE
    interface\\Int_oled.c                    0x00000000   Number         0  int_oled.o ABSOLUTE
    interface\\W24C02.c                      0x00000000   Number         0  w24c02.o ABSOLUTE
    interface\\stepper.c                     0x00000000   Number         0  stepper.o ABSOLUTE
    interface\stepper.c                      0x00000000   Number         0  stepper.o ABSOLUTE
    startup_stm32f103xb.s                    0x00000000   Number         0  startup_stm32f103xb.o ABSOLUTE
    RESET                                    0x08000000   Section      236  startup_stm32f103xb.o(RESET)
    .ARM.Collect$$$$00000000                 0x080000ec   Section        0  entry.o(.ARM.Collect$$$$00000000)
    .ARM.Collect$$$$00000001                 0x080000ec   Section        4  entry2.o(.ARM.Collect$$$$00000001)
    .ARM.Collect$$$$00000004                 0x080000f0   Section        4  entry5.o(.ARM.Collect$$$$00000004)
    .ARM.Collect$$$$00000008                 0x080000f4   Section        0  entry7b.o(.ARM.Collect$$$$00000008)
    .ARM.Collect$$$$0000000A                 0x080000f4   Section        0  entry8b.o(.ARM.Collect$$$$0000000A)
    .ARM.Collect$$$$0000000B                 0x080000f4   Section        8  entry9a.o(.ARM.Collect$$$$0000000B)
    .ARM.Collect$$$$0000000E                 0x080000fc   Section        4  entry12b.o(.ARM.Collect$$$$0000000E)
    .ARM.Collect$$$$0000000F                 0x08000100   Section        0  entry10a.o(.ARM.Collect$$$$0000000F)
    .ARM.Collect$$$$00000011                 0x08000100   Section        0  entry11a.o(.ARM.Collect$$$$00000011)
    .ARM.Collect$$$$00002712                 0x08000100   Section        4  entry2.o(.ARM.Collect$$$$00002712)
    __lit__00000000                          0x08000100   Data           4  entry2.o(.ARM.Collect$$$$00002712)
    .text                                    0x08000104   Section       36  startup_stm32f103xb.o(.text)
    .text                                    0x08000128   Section        0  llushr.o(.text)
    .text                                    0x08000148   Section        0  memseta.o(.text)
    .text                                    0x0800016c   Section        0  fadd.o(.text)
    .text                                    0x0800021c   Section        0  fmul.o(.text)
    .text                                    0x08000280   Section        0  fdiv.o(.text)
    .text                                    0x080002fc   Section        0  dadd.o(.text)
    .text                                    0x0800044a   Section        0  dmul.o(.text)
    .text                                    0x0800052e   Section        0  ddiv.o(.text)
    .text                                    0x0800060c   Section        0  dfltui.o(.text)
    .text                                    0x08000626   Section        0  ffixui.o(.text)
    .text                                    0x0800064e   Section        0  dfixui.o(.text)
    .text                                    0x08000680   Section        0  f2d.o(.text)
    .text                                    0x080006a6   Section        0  d2f.o(.text)
    .text                                    0x080006e0   Section       20  cfcmple.o(.text)
    .text                                    0x080006f4   Section       20  cfrcmple.o(.text)
    .text                                    0x08000708   Section        0  uidiv.o(.text)
    .text                                    0x08000734   Section        0  llshl.o(.text)
    .text                                    0x08000752   Section        0  llsshr.o(.text)
    .text                                    0x08000776   Section        0  iusefp.o(.text)
    .text                                    0x08000776   Section        0  fepilogue.o(.text)
    .text                                    0x080007e4   Section        0  depilogue.o(.text)
    .text                                    0x0800089e   Section        0  dsqrt.o(.text)
    .text                                    0x08000940   Section       36  init.o(.text)
    i.App_ID_Init                            0x08000964   Section        0  app_display.o(i.App_ID_Init)
    i.App_KeyFunction                        0x080009a8   Section        0  app_key.o(i.App_KeyFunction)
    i.App_OLED_Init                          0x08000aac   Section        0  app_display.o(i.App_OLED_Init)
    i.App_OLED_Show                          0x08000ab4   Section        0  app_display.o(i.App_OLED_Show)
    i.BusFault_Handler                       0x08000ba4   Section        0  stm32f1xx_it.o(i.BusFault_Handler)
    i.DebugMon_Handler                       0x08000ba8   Section        0  stm32f1xx_it.o(i.DebugMon_Handler)
    i.EXTI15_10_IRQHandler                   0x08000baa   Section        0  stm32f1xx_it.o(i.EXTI15_10_IRQHandler)
    i.EXTI3_IRQHandler                       0x08000bb6   Section        0  stm32f1xx_it.o(i.EXTI3_IRQHandler)
    i.EXTI4_IRQHandler                       0x08000bc0   Section        0  stm32f1xx_it.o(i.EXTI4_IRQHandler)
    i.EXTI9_5_IRQHandler                     0x08000bca   Section        0  stm32f1xx_it.o(i.EXTI9_5_IRQHandler)
    i.Error_Handler                          0x08000bd4   Section        0  main.o(i.Error_Handler)
    i.HAL_Delay                              0x08000bdc   Section        0  stm32f1xx_hal.o(i.HAL_Delay)
    i.HAL_GPIO_EXTI_Callback                 0x08000c04   Section        0  stm32f1xx_it.o(i.HAL_GPIO_EXTI_Callback)
    i.HAL_GPIO_EXTI_IRQHandler               0x08000cb0   Section        0  stm32f1xx_hal_gpio.o(i.HAL_GPIO_EXTI_IRQHandler)
    i.HAL_GPIO_Init                          0x08000ccc   Section        0  stm32f1xx_hal_gpio.o(i.HAL_GPIO_Init)
    i.HAL_GPIO_ReadPin                       0x08000fec   Section        0  stm32f1xx_hal_gpio.o(i.HAL_GPIO_ReadPin)
    i.HAL_GPIO_WritePin                      0x08000ffc   Section        0  stm32f1xx_hal_gpio.o(i.HAL_GPIO_WritePin)
    i.HAL_GetTick                            0x08001008   Section        0  stm32f1xx_hal.o(i.HAL_GetTick)
    i.HAL_I2C_Init                           0x08001014   Section        0  stm32f1xx_hal_i2c.o(i.HAL_I2C_Init)
    i.HAL_I2C_Master_Transmit                0x080011e4   Section        0  stm32f1xx_hal_i2c.o(i.HAL_I2C_Master_Transmit)
    i.HAL_I2C_Mem_Read                       0x08001354   Section        0  stm32f1xx_hal_i2c.o(i.HAL_I2C_Mem_Read)
    i.HAL_I2C_Mem_Write                      0x080016c8   Section        0  stm32f1xx_hal_i2c.o(i.HAL_I2C_Mem_Write)
    i.HAL_I2C_MspInit                        0x0800182c   Section        0  i2c.o(i.HAL_I2C_MspInit)
    i.HAL_IncTick                            0x080018a4   Section        0  stm32f1xx_hal.o(i.HAL_IncTick)
    i.HAL_Init                               0x080018bc   Section        0  stm32f1xx_hal.o(i.HAL_Init)
    i.HAL_InitTick                           0x080018e4   Section        0  stm32f1xx_hal.o(i.HAL_InitTick)
    i.HAL_MspInit                            0x08001930   Section        0  stm32f1xx_hal_msp.o(i.HAL_MspInit)
    i.HAL_NVIC_EnableIRQ                     0x08001984   Section        0  stm32f1xx_hal_cortex.o(i.HAL_NVIC_EnableIRQ)
    i.HAL_NVIC_SetPriority                   0x080019a4   Section        0  stm32f1xx_hal_cortex.o(i.HAL_NVIC_SetPriority)
    i.HAL_NVIC_SetPriorityGrouping           0x08001a20   Section        0  stm32f1xx_hal_cortex.o(i.HAL_NVIC_SetPriorityGrouping)
    i.HAL_RCC_ClockConfig                    0x08001a48   Section        0  stm32f1xx_hal_rcc.o(i.HAL_RCC_ClockConfig)
    i.HAL_RCC_GetHCLKFreq                    0x08001bd4   Section        0  stm32f1xx_hal_rcc.o(i.HAL_RCC_GetHCLKFreq)
    i.HAL_RCC_GetPCLK1Freq                   0x08001be0   Section        0  stm32f1xx_hal_rcc.o(i.HAL_RCC_GetPCLK1Freq)
    i.HAL_RCC_GetPCLK2Freq                   0x08001c00   Section        0  stm32f1xx_hal_rcc.o(i.HAL_RCC_GetPCLK2Freq)
    i.HAL_RCC_GetSysClockFreq                0x08001c20   Section        0  stm32f1xx_hal_rcc.o(i.HAL_RCC_GetSysClockFreq)
    i.HAL_RCC_OscConfig                      0x08001c90   Section        0  stm32f1xx_hal_rcc.o(i.HAL_RCC_OscConfig)
    i.HAL_SYSTICK_Config                     0x080020f4   Section        0  stm32f1xx_hal_cortex.o(i.HAL_SYSTICK_Config)
    i.HAL_TIMEx_BreakCallback                0x08002128   Section        0  stm32f1xx_hal_tim_ex.o(i.HAL_TIMEx_BreakCallback)
    i.HAL_TIMEx_CommutCallback               0x0800212a   Section        0  stm32f1xx_hal_tim_ex.o(i.HAL_TIMEx_CommutCallback)
    i.HAL_TIMEx_ConfigBreakDeadTime          0x0800212c   Section        0  stm32f1xx_hal_tim_ex.o(i.HAL_TIMEx_ConfigBreakDeadTime)
    i.HAL_TIMEx_MasterConfigSynchronization  0x080021a0   Section        0  stm32f1xx_hal_tim_ex.o(i.HAL_TIMEx_MasterConfigSynchronization)
    i.HAL_TIM_Base_Init                      0x08002224   Section        0  stm32f1xx_hal_tim.o(i.HAL_TIM_Base_Init)
    i.HAL_TIM_Base_MspInit                   0x0800228c   Section        0  tim.o(i.HAL_TIM_Base_MspInit)
    i.HAL_TIM_ConfigClockSource              0x080022d0   Section        0  stm32f1xx_hal_tim.o(i.HAL_TIM_ConfigClockSource)
    i.HAL_TIM_IC_CaptureCallback             0x080023dc   Section        0  stm32f1xx_hal_tim.o(i.HAL_TIM_IC_CaptureCallback)
    i.HAL_TIM_IRQHandler                     0x080023de   Section        0  stm32f1xx_hal_tim.o(i.HAL_TIM_IRQHandler)
    i.HAL_TIM_MspPostInit                    0x0800254c   Section        0  tim.o(i.HAL_TIM_MspPostInit)
    i.HAL_TIM_OC_ConfigChannel               0x080025a4   Section        0  stm32f1xx_hal_tim.o(i.HAL_TIM_OC_ConfigChannel)
    i.HAL_TIM_OC_DelayElapsedCallback        0x08002614   Section        0  stepper.o(i.HAL_TIM_OC_DelayElapsedCallback)
    i.HAL_TIM_OC_Init                        0x080026b8   Section        0  stm32f1xx_hal_tim.o(i.HAL_TIM_OC_Init)
    i.HAL_TIM_OC_MspInit                     0x0800271e   Section        0  stm32f1xx_hal_tim.o(i.HAL_TIM_OC_MspInit)
    i.HAL_TIM_OC_Start_IT                    0x08002720   Section        0  stm32f1xx_hal_tim.o(i.HAL_TIM_OC_Start_IT)
    i.HAL_TIM_OC_Stop_IT                     0x08002844   Section        0  stm32f1xx_hal_tim.o(i.HAL_TIM_OC_Stop_IT)
    i.HAL_TIM_PWM_PulseFinishedCallback      0x08002934   Section        0  stm32f1xx_hal_tim.o(i.HAL_TIM_PWM_PulseFinishedCallback)
    i.HAL_TIM_PeriodElapsedCallback          0x08002936   Section        0  stm32f1xx_hal_tim.o(i.HAL_TIM_PeriodElapsedCallback)
    i.HAL_TIM_TriggerCallback                0x08002938   Section        0  stm32f1xx_hal_tim.o(i.HAL_TIM_TriggerCallback)
    i.HAL_UART_Init                          0x0800293a   Section        0  stm32f1xx_hal_uart.o(i.HAL_UART_Init)
    i.HAL_UART_MspInit                       0x080029b0   Section        0  usart.o(i.HAL_UART_MspInit)
    i.HAL_UART_Transmit                      0x08002a38   Section        0  stm32f1xx_hal_uart.o(i.HAL_UART_Transmit)
    i.HardFault_Handler                      0x08002af6   Section        0  stm32f1xx_it.o(i.HardFault_Handler)
    i.I2C_IsAcknowledgeFailed                0x08002afa   Section        0  stm32f1xx_hal_i2c.o(i.I2C_IsAcknowledgeFailed)
    I2C_IsAcknowledgeFailed                  0x08002afb   Thumb Code    62  stm32f1xx_hal_i2c.o(i.I2C_IsAcknowledgeFailed)
    i.I2C_MasterRequestWrite                 0x08002b38   Section        0  stm32f1xx_hal_i2c.o(i.I2C_MasterRequestWrite)
    I2C_MasterRequestWrite                   0x08002b39   Thumb Code   186  stm32f1xx_hal_i2c.o(i.I2C_MasterRequestWrite)
    i.I2C_RequestMemoryRead                  0x08002bf8   Section        0  stm32f1xx_hal_i2c.o(i.I2C_RequestMemoryRead)
    I2C_RequestMemoryRead                    0x08002bf9   Thumb Code   348  stm32f1xx_hal_i2c.o(i.I2C_RequestMemoryRead)
    i.I2C_RequestMemoryWrite                 0x08002d58   Section        0  stm32f1xx_hal_i2c.o(i.I2C_RequestMemoryWrite)
    I2C_RequestMemoryWrite                   0x08002d59   Thumb Code   220  stm32f1xx_hal_i2c.o(i.I2C_RequestMemoryWrite)
    i.I2C_WaitOnBTFFlagUntilTimeout          0x08002e38   Section        0  stm32f1xx_hal_i2c.o(i.I2C_WaitOnBTFFlagUntilTimeout)
    I2C_WaitOnBTFFlagUntilTimeout            0x08002e39   Thumb Code   102  stm32f1xx_hal_i2c.o(i.I2C_WaitOnBTFFlagUntilTimeout)
    i.I2C_WaitOnFlagUntilTimeout             0x08002e9e   Section        0  stm32f1xx_hal_i2c.o(i.I2C_WaitOnFlagUntilTimeout)
    I2C_WaitOnFlagUntilTimeout               0x08002e9f   Thumb Code   190  stm32f1xx_hal_i2c.o(i.I2C_WaitOnFlagUntilTimeout)
    i.I2C_WaitOnMasterAddressFlagUntilTimeout 0x08002f5c   Section        0  stm32f1xx_hal_i2c.o(i.I2C_WaitOnMasterAddressFlagUntilTimeout)
    I2C_WaitOnMasterAddressFlagUntilTimeout  0x08002f5d   Thumb Code   250  stm32f1xx_hal_i2c.o(i.I2C_WaitOnMasterAddressFlagUntilTimeout)
    i.I2C_WaitOnRXNEFlagUntilTimeout         0x08003056   Section        0  stm32f1xx_hal_i2c.o(i.I2C_WaitOnRXNEFlagUntilTimeout)
    I2C_WaitOnRXNEFlagUntilTimeout           0x08003057   Thumb Code   138  stm32f1xx_hal_i2c.o(i.I2C_WaitOnRXNEFlagUntilTimeout)
    i.I2C_WaitOnTXEFlagUntilTimeout          0x080030e0   Section        0  stm32f1xx_hal_i2c.o(i.I2C_WaitOnTXEFlagUntilTimeout)
    I2C_WaitOnTXEFlagUntilTimeout            0x080030e1   Thumb Code   102  stm32f1xx_hal_i2c.o(i.I2C_WaitOnTXEFlagUntilTimeout)
    i.Inf_OLED_Clear                         0x08003148   Section        0  int_oled.o(i.Inf_OLED_Clear)
    i.Inf_OLED_DrawPoint                     0x08003178   Section        0  int_oled.o(i.Inf_OLED_DrawPoint)
    i.Inf_OLED_Init                          0x080031f0   Section        0  int_oled.o(i.Inf_OLED_Init)
    i.Inf_OLED_Pow                           0x080032e0   Section        0  int_oled.o(i.Inf_OLED_Pow)
    i.Inf_OLED_Refresh                       0x080032f8   Section        0  int_oled.o(i.Inf_OLED_Refresh)
    i.Inf_OLED_ShowChar                      0x08003344   Section        0  int_oled.o(i.Inf_OLED_ShowChar)
    i.Inf_OLED_ShowChinese                   0x08003480   Section        0  int_oled.o(i.Inf_OLED_ShowChinese)
    i.Inf_OLED_ShowNum                       0x08003540   Section        0  int_oled.o(i.Inf_OLED_ShowNum)
    i.Inf_OLED_ShowString                    0x080035cc   Section        0  int_oled.o(i.Inf_OLED_ShowString)
    i.Inf_OLED_WR_Byte                       0x08003618   Section        0  int_oled.o(i.Inf_OLED_WR_Byte)
    i.MX_GPIO_Init                           0x08003644   Section        0  gpio.o(i.MX_GPIO_Init)
    i.MX_I2C2_Init                           0x08003784   Section        0  i2c.o(i.MX_I2C2_Init)
    i.MX_TIM1_Init                           0x080037c0   Section        0  tim.o(i.MX_TIM1_Init)
    i.MX_USART1_UART_Init                    0x08003898   Section        0  usart.o(i.MX_USART1_UART_Init)
    i.MemManage_Handler                      0x080038d0   Section        0  stm32f1xx_it.o(i.MemManage_Handler)
    i.NMI_Handler                            0x080038d4   Section        0  stm32f1xx_it.o(i.NMI_Handler)
    i.PendSV_Handler                         0x080038d8   Section        0  stm32f1xx_it.o(i.PendSV_Handler)
    i.RCC_Delay                              0x080038dc   Section        0  stm32f1xx_hal_rcc.o(i.RCC_Delay)
    RCC_Delay                                0x080038dd   Thumb Code    36  stm32f1xx_hal_rcc.o(i.RCC_Delay)
    i.SVC_Handler                            0x08003904   Section        0  stm32f1xx_it.o(i.SVC_Handler)
    i.Stepper_CalculateNextStep              0x08003908   Section        0  stepper.o(i.Stepper_CalculateNextStep)
    i.Stepper_Config                         0x08003aa8   Section        0  stepper.o(i.Stepper_Config)
    i.Stepper_Start                          0x08003c14   Section        0  stepper.o(i.Stepper_Start)
    i.Stepper_Stop                           0x08003c44   Section        0  stepper.o(i.Stepper_Stop)
    i.SysTick_Handler                        0x08003c54   Section        0  stm32f1xx_it.o(i.SysTick_Handler)
    i.SystemClock_Config                     0x08003c5c   Section        0  main.o(i.SystemClock_Config)
    i.SystemInit                             0x08003cc2   Section        0  system_stm32f1xx.o(i.SystemInit)
    i.TIM1_CC_IRQHandler                     0x08003cc4   Section        0  stm32f1xx_it.o(i.TIM1_CC_IRQHandler)
    i.TIM_Base_SetConfig                     0x08003cd4   Section        0  stm32f1xx_hal_tim.o(i.TIM_Base_SetConfig)
    i.TIM_CCxChannelCmd                      0x08003d58   Section        0  stm32f1xx_hal_tim.o(i.TIM_CCxChannelCmd)
    i.TIM_ETR_SetConfig                      0x08003d7a   Section        0  stm32f1xx_hal_tim.o(i.TIM_ETR_SetConfig)
    i.TIM_ITRx_SetConfig                     0x08003d90   Section        0  stm32f1xx_hal_tim.o(i.TIM_ITRx_SetConfig)
    TIM_ITRx_SetConfig                       0x08003d91   Thumb Code    18  stm32f1xx_hal_tim.o(i.TIM_ITRx_SetConfig)
    i.TIM_OC1_SetConfig                      0x08003da4   Section        0  stm32f1xx_hal_tim.o(i.TIM_OC1_SetConfig)
    TIM_OC1_SetConfig                        0x08003da5   Thumb Code    90  stm32f1xx_hal_tim.o(i.TIM_OC1_SetConfig)
    i.TIM_OC2_SetConfig                      0x08003e04   Section        0  stm32f1xx_hal_tim.o(i.TIM_OC2_SetConfig)
    i.TIM_OC3_SetConfig                      0x08003e6c   Section        0  stm32f1xx_hal_tim.o(i.TIM_OC3_SetConfig)
    TIM_OC3_SetConfig                        0x08003e6d   Thumb Code    98  stm32f1xx_hal_tim.o(i.TIM_OC3_SetConfig)
    i.TIM_OC4_SetConfig                      0x08003ed4   Section        0  stm32f1xx_hal_tim.o(i.TIM_OC4_SetConfig)
    TIM_OC4_SetConfig                        0x08003ed5   Thumb Code    68  stm32f1xx_hal_tim.o(i.TIM_OC4_SetConfig)
    i.TIM_TI1_ConfigInputStage               0x08003f1c   Section        0  stm32f1xx_hal_tim.o(i.TIM_TI1_ConfigInputStage)
    TIM_TI1_ConfigInputStage                 0x08003f1d   Thumb Code    38  stm32f1xx_hal_tim.o(i.TIM_TI1_ConfigInputStage)
    i.TIM_TI2_ConfigInputStage               0x08003f42   Section        0  stm32f1xx_hal_tim.o(i.TIM_TI2_ConfigInputStage)
    TIM_TI2_ConfigInputStage                 0x08003f43   Thumb Code    40  stm32f1xx_hal_tim.o(i.TIM_TI2_ConfigInputStage)
    i.UART_EndRxTransfer                     0x08003f6a   Section        0  stm32f1xx_hal_uart.o(i.UART_EndRxTransfer)
    UART_EndRxTransfer                       0x08003f6b   Thumb Code   108  stm32f1xx_hal_uart.o(i.UART_EndRxTransfer)
    i.UART_SetConfig                         0x08003fd8   Section        0  stm32f1xx_hal_uart.o(i.UART_SetConfig)
    UART_SetConfig                           0x08003fd9   Thumb Code   248  stm32f1xx_hal_uart.o(i.UART_SetConfig)
    i.UART_WaitOnFlagUntilTimeout            0x080040d4   Section        0  stm32f1xx_hal_uart.o(i.UART_WaitOnFlagUntilTimeout)
    UART_WaitOnFlagUntilTimeout              0x080040d5   Thumb Code   140  stm32f1xx_hal_uart.o(i.UART_WaitOnFlagUntilTimeout)
    i.UsageFault_Handler                     0x08004160   Section        0  stm32f1xx_it.o(i.UsageFault_Handler)
    i.W24C02_ReadByte                        0x08004164   Section        0  w24c02.o(i.W24C02_ReadByte)
    i.W24C02_WriteByte                       0x08004190   Section        0  w24c02.o(i.W24C02_WriteByte)
    i.__0printf$3                            0x080041c0   Section        0  printf3.o(i.__0printf$3)
    i.__NVIC_GetPriorityGrouping             0x080041e0   Section        0  stm32f1xx_hal_cortex.o(i.__NVIC_GetPriorityGrouping)
    __NVIC_GetPriorityGrouping               0x080041e1   Thumb Code    10  stm32f1xx_hal_cortex.o(i.__NVIC_GetPriorityGrouping)
    i.__NVIC_SetPriority                     0x080041f0   Section        0  stm32f1xx_hal_cortex.o(i.__NVIC_SetPriority)
    __NVIC_SetPriority                       0x080041f1   Thumb Code    32  stm32f1xx_hal_cortex.o(i.__NVIC_SetPriority)
    i.__scatterload_copy                     0x08004218   Section       14  handlers.o(i.__scatterload_copy)
    i.__scatterload_null                     0x08004226   Section        2  handlers.o(i.__scatterload_null)
    i.__scatterload_zeroinit                 0x08004228   Section       14  handlers.o(i.__scatterload_zeroinit)
    i.__set_errno                            0x08004238   Section        0  errno.o(i.__set_errno)
    i._printf_core                           0x08004244   Section        0  printf3.o(i._printf_core)
    _printf_core                             0x08004245   Thumb Code   436  printf3.o(i._printf_core)
    i.fputc                                  0x080043fc   Section        0  com_debug.o(i.fputc)
    i.main                                   0x08004418   Section        0  main.o(i.main)
    i.sqrt                                   0x08004444   Section        0  sqrt.o(i.sqrt)
    .constdata                               0x08004490   Section       18  stm32f1xx_hal_rcc.o(.constdata)
    aPLLMULFactorTable                       0x08004490   Data          16  stm32f1xx_hal_rcc.o(.constdata)
    aPredivFactorTable                       0x080044a0   Data           2  stm32f1xx_hal_rcc.o(.constdata)
    .constdata                               0x080044a2   Section       24  system_stm32f1xx.o(.constdata)
    .constdata                               0x080044ba   Section     6856  int_oled.o(.constdata)
    .data                                    0x20000000   Section        1  stm32f1xx_it.o(.data)
    .data                                    0x20000004   Section        9  stm32f1xx_hal.o(.data)
    .data                                    0x20000010   Section        4  system_stm32f1xx.o(.data)
    .data                                    0x20000014   Section       45  stepper.o(.data)
    .data                                    0x20000041   Section        3  app_display.o(.data)
    .data                                    0x20000044   Section        4  stdout.o(.data)
    .data                                    0x20000048   Section        4  errno.o(.data)
    _errno                                   0x20000048   Data           4  errno.o(.data)
    .bss                                     0x2000004c   Section       84  i2c.o(.bss)
    .bss                                     0x200000a0   Section       72  tim.o(.bss)
    .bss                                     0x200000e8   Section       72  usart.o(.bss)
    .bss                                     0x20000130   Section     1152  int_oled.o(.bss)
    STACK                                    0x200005b0   Section     1024  startup_stm32f103xb.o(STACK)

    Global Symbols

    Symbol Name                              Value     Ov Type        Size  Object(Section)

    BuildAttributes$$THM_ISAv4$P$D$K$B$S$PE$A:L22UL41UL21$X:L11$S22US41US21$IEEE1$IW$USESV6$~STKCKD$USESV7$~SHL$OTIME$ROPI$IEEEJ$EBA8$MICROLIB$REQ8$PRES8$EABIv2 0x00000000   Number         0  anon$$obj.o ABSOLUTE
    __ARM_use_no_argv                        0x00000000   Number         0  main.o ABSOLUTE
    _printf_a                                0x00000000   Number         0  stubs.o ABSOLUTE
    _printf_c                                0x00000000   Number         0  stubs.o ABSOLUTE
    _printf_charcount                        0x00000000   Number         0  stubs.o ABSOLUTE
    _printf_d                                0x00000000   Number         0  stubs.o ABSOLUTE
    _printf_e                                0x00000000   Number         0  stubs.o ABSOLUTE
    _printf_f                                0x00000000   Number         0  stubs.o ABSOLUTE
    _printf_flags                            0x00000000   Number         0  stubs.o ABSOLUTE
    _printf_fp_dec                           0x00000000   Number         0  stubs.o ABSOLUTE
    _printf_fp_hex                           0x00000000   Number         0  stubs.o ABSOLUTE
    _printf_g                                0x00000000   Number         0  stubs.o ABSOLUTE
    _printf_i                                0x00000000   Number         0  stubs.o ABSOLUTE
    _printf_int_dec                          0x00000000   Number         0  stubs.o ABSOLUTE
    _printf_l                                0x00000000   Number         0  stubs.o ABSOLUTE
    _printf_lc                               0x00000000   Number         0  stubs.o ABSOLUTE
    _printf_ll                               0x00000000   Number         0  stubs.o ABSOLUTE
    _printf_lld                              0x00000000   Number         0  stubs.o ABSOLUTE
    _printf_lli                              0x00000000   Number         0  stubs.o ABSOLUTE
    _printf_llo                              0x00000000   Number         0  stubs.o ABSOLUTE
    _printf_llu                              0x00000000   Number         0  stubs.o ABSOLUTE
    _printf_llx                              0x00000000   Number         0  stubs.o ABSOLUTE
    _printf_longlong_dec                     0x00000000   Number         0  stubs.o ABSOLUTE
    _printf_longlong_hex                     0x00000000   Number         0  stubs.o ABSOLUTE
    _printf_longlong_oct                     0x00000000   Number         0  stubs.o ABSOLUTE
    _printf_ls                               0x00000000   Number         0  stubs.o ABSOLUTE
    _printf_mbtowc                           0x00000000   Number         0  stubs.o ABSOLUTE
    _printf_n                                0x00000000   Number         0  stubs.o ABSOLUTE
    _printf_o                                0x00000000   Number         0  stubs.o ABSOLUTE
    _printf_p                                0x00000000   Number         0  stubs.o ABSOLUTE
    _printf_percent                          0x00000000   Number         0  stubs.o ABSOLUTE
    _printf_pre_padding                      0x00000000   Number         0  stubs.o ABSOLUTE
    _printf_return_value                     0x00000000   Number         0  stubs.o ABSOLUTE
    _printf_s                                0x00000000   Number         0  stubs.o ABSOLUTE
    _printf_sizespec                         0x00000000   Number         0  stubs.o ABSOLUTE
    _printf_str                              0x00000000   Number         0  stubs.o ABSOLUTE
    _printf_truncate_signed                  0x00000000   Number         0  stubs.o ABSOLUTE
    _printf_truncate_unsigned                0x00000000   Number         0  stubs.o ABSOLUTE
    _printf_u                                0x00000000   Number         0  stubs.o ABSOLUTE
    _printf_wc                               0x00000000   Number         0  stubs.o ABSOLUTE
    _printf_wctomb                           0x00000000   Number         0  stubs.o ABSOLUTE
    _printf_widthprec                        0x00000000   Number         0  stubs.o ABSOLUTE
    _printf_x                                0x00000000   Number         0  stubs.o ABSOLUTE
    __arm_fini_                               - Undefined Weak Reference
    __cpp_initialize__aeabi_                  - Undefined Weak Reference
    __cxa_finalize                            - Undefined Weak Reference
    __decompress                              - Undefined Weak Reference
    _clock_init                               - Undefined Weak Reference
    _microlib_exit                            - Undefined Weak Reference
    __Vectors_Size                           0x000000ec   Number         0  startup_stm32f103xb.o ABSOLUTE
    __Vectors                                0x08000000   Data           4  startup_stm32f103xb.o(RESET)
    __Vectors_End                            0x080000ec   Data           0  startup_stm32f103xb.o(RESET)
    __main                                   0x080000ed   Thumb Code     0  entry.o(.ARM.Collect$$$$00000000)
    _main_stk                                0x080000ed   Thumb Code     0  entry2.o(.ARM.Collect$$$$00000001)
    _main_scatterload                        0x080000f1   Thumb Code     0  entry5.o(.ARM.Collect$$$$00000004)
    __main_after_scatterload                 0x080000f5   Thumb Code     0  entry5.o(.ARM.Collect$$$$00000004)
    _main_clock                              0x080000f5   Thumb Code     0  entry7b.o(.ARM.Collect$$$$00000008)
    _main_cpp_init                           0x080000f5   Thumb Code     0  entry8b.o(.ARM.Collect$$$$0000000A)
    _main_init                               0x080000f5   Thumb Code     0  entry9a.o(.ARM.Collect$$$$0000000B)
    __rt_lib_shutdown_fini                   0x080000fd   Thumb Code     0  entry12b.o(.ARM.Collect$$$$0000000E)
    __rt_final_cpp                           0x08000101   Thumb Code     0  entry10a.o(.ARM.Collect$$$$0000000F)
    __rt_final_exit                          0x08000101   Thumb Code     0  entry11a.o(.ARM.Collect$$$$00000011)
    Reset_Handler                            0x08000105   Thumb Code     8  startup_stm32f103xb.o(.text)
    ADC1_2_IRQHandler                        0x0800011f   Thumb Code     0  startup_stm32f103xb.o(.text)
    CAN1_RX1_IRQHandler                      0x0800011f   Thumb Code     0  startup_stm32f103xb.o(.text)
    CAN1_SCE_IRQHandler                      0x0800011f   Thumb Code     0  startup_stm32f103xb.o(.text)
    DMA1_Channel1_IRQHandler                 0x0800011f   Thumb Code     0  startup_stm32f103xb.o(.text)
    DMA1_Channel2_IRQHandler                 0x0800011f   Thumb Code     0  startup_stm32f103xb.o(.text)
    DMA1_Channel3_IRQHandler                 0x0800011f   Thumb Code     0  startup_stm32f103xb.o(.text)
    DMA1_Channel4_IRQHandler                 0x0800011f   Thumb Code     0  startup_stm32f103xb.o(.text)
    DMA1_Channel5_IRQHandler                 0x0800011f   Thumb Code     0  startup_stm32f103xb.o(.text)
    DMA1_Channel6_IRQHandler                 0x0800011f   Thumb Code     0  startup_stm32f103xb.o(.text)
    DMA1_Channel7_IRQHandler                 0x0800011f   Thumb Code     0  startup_stm32f103xb.o(.text)
    EXTI0_IRQHandler                         0x0800011f   Thumb Code     0  startup_stm32f103xb.o(.text)
    EXTI1_IRQHandler                         0x0800011f   Thumb Code     0  startup_stm32f103xb.o(.text)
    EXTI2_IRQHandler                         0x0800011f   Thumb Code     0  startup_stm32f103xb.o(.text)
    FLASH_IRQHandler                         0x0800011f   Thumb Code     0  startup_stm32f103xb.o(.text)
    I2C1_ER_IRQHandler                       0x0800011f   Thumb Code     0  startup_stm32f103xb.o(.text)
    I2C1_EV_IRQHandler                       0x0800011f   Thumb Code     0  startup_stm32f103xb.o(.text)
    I2C2_ER_IRQHandler                       0x0800011f   Thumb Code     0  startup_stm32f103xb.o(.text)
    I2C2_EV_IRQHandler                       0x0800011f   Thumb Code     0  startup_stm32f103xb.o(.text)
    PVD_IRQHandler                           0x0800011f   Thumb Code     0  startup_stm32f103xb.o(.text)
    RCC_IRQHandler                           0x0800011f   Thumb Code     0  startup_stm32f103xb.o(.text)
    RTC_Alarm_IRQHandler                     0x0800011f   Thumb Code     0  startup_stm32f103xb.o(.text)
    RTC_IRQHandler                           0x0800011f   Thumb Code     0  startup_stm32f103xb.o(.text)
    SPI1_IRQHandler                          0x0800011f   Thumb Code     0  startup_stm32f103xb.o(.text)
    SPI2_IRQHandler                          0x0800011f   Thumb Code     0  startup_stm32f103xb.o(.text)
    TAMPER_IRQHandler                        0x0800011f   Thumb Code     0  startup_stm32f103xb.o(.text)
    TIM1_BRK_IRQHandler                      0x0800011f   Thumb Code     0  startup_stm32f103xb.o(.text)
    TIM1_TRG_COM_IRQHandler                  0x0800011f   Thumb Code     0  startup_stm32f103xb.o(.text)
    TIM1_UP_IRQHandler                       0x0800011f   Thumb Code     0  startup_stm32f103xb.o(.text)
    TIM2_IRQHandler                          0x0800011f   Thumb Code     0  startup_stm32f103xb.o(.text)
    TIM3_IRQHandler                          0x0800011f   Thumb Code     0  startup_stm32f103xb.o(.text)
    TIM4_IRQHandler                          0x0800011f   Thumb Code     0  startup_stm32f103xb.o(.text)
    USART1_IRQHandler                        0x0800011f   Thumb Code     0  startup_stm32f103xb.o(.text)
    USART2_IRQHandler                        0x0800011f   Thumb Code     0  startup_stm32f103xb.o(.text)
    USART3_IRQHandler                        0x0800011f   Thumb Code     0  startup_stm32f103xb.o(.text)
    USBWakeUp_IRQHandler                     0x0800011f   Thumb Code     0  startup_stm32f103xb.o(.text)
    USB_HP_CAN1_TX_IRQHandler                0x0800011f   Thumb Code     0  startup_stm32f103xb.o(.text)
    USB_LP_CAN1_RX0_IRQHandler               0x0800011f   Thumb Code     0  startup_stm32f103xb.o(.text)
    WWDG_IRQHandler                          0x0800011f   Thumb Code     0  startup_stm32f103xb.o(.text)
    __aeabi_llsr                             0x08000129   Thumb Code    32  llushr.o(.text)
    _ll_ushift_r                             0x08000129   Thumb Code     0  llushr.o(.text)
    __aeabi_memset                           0x08000149   Thumb Code    14  memseta.o(.text)
    __aeabi_memset4                          0x08000149   Thumb Code     0  memseta.o(.text)
    __aeabi_memset8                          0x08000149   Thumb Code     0  memseta.o(.text)
    __aeabi_memclr                           0x08000157   Thumb Code     4  memseta.o(.text)
    __aeabi_memclr4                          0x08000157   Thumb Code     0  memseta.o(.text)
    __aeabi_memclr8                          0x08000157   Thumb Code     0  memseta.o(.text)
    _memset$wrapper                          0x0800015b   Thumb Code    18  memseta.o(.text)
    __aeabi_fadd                             0x0800016d   Thumb Code   164  fadd.o(.text)
    __aeabi_fsub                             0x08000211   Thumb Code     6  fadd.o(.text)
    __aeabi_frsub                            0x08000217   Thumb Code     6  fadd.o(.text)
    __aeabi_fmul                             0x0800021d   Thumb Code   100  fmul.o(.text)
    __aeabi_fdiv                             0x08000281   Thumb Code   124  fdiv.o(.text)
    __aeabi_dadd                             0x080002fd   Thumb Code   322  dadd.o(.text)
    __aeabi_dsub                             0x0800043f   Thumb Code     6  dadd.o(.text)
    __aeabi_drsub                            0x08000445   Thumb Code     6  dadd.o(.text)
    __aeabi_dmul                             0x0800044b   Thumb Code   228  dmul.o(.text)
    __aeabi_ddiv                             0x0800052f   Thumb Code   222  ddiv.o(.text)
    __aeabi_ui2d                             0x0800060d   Thumb Code    26  dfltui.o(.text)
    __aeabi_f2uiz                            0x08000627   Thumb Code    40  ffixui.o(.text)
    __aeabi_d2uiz                            0x0800064f   Thumb Code    50  dfixui.o(.text)
    __aeabi_f2d                              0x08000681   Thumb Code    38  f2d.o(.text)
    __aeabi_d2f                              0x080006a7   Thumb Code    56  d2f.o(.text)
    __aeabi_cfcmpeq                          0x080006e1   Thumb Code     0  cfcmple.o(.text)
    __aeabi_cfcmple                          0x080006e1   Thumb Code    20  cfcmple.o(.text)
    __aeabi_cfrcmple                         0x080006f5   Thumb Code    20  cfrcmple.o(.text)
    __aeabi_uidiv                            0x08000709   Thumb Code     0  uidiv.o(.text)
    __aeabi_uidivmod                         0x08000709   Thumb Code    44  uidiv.o(.text)
    __aeabi_llsl                             0x08000735   Thumb Code    30  llshl.o(.text)
    _ll_shift_l                              0x08000735   Thumb Code     0  llshl.o(.text)
    __aeabi_lasr                             0x08000753   Thumb Code    36  llsshr.o(.text)
    _ll_sshift_r                             0x08000753   Thumb Code     0  llsshr.o(.text)
    __I$use$fp                               0x08000777   Thumb Code     0  iusefp.o(.text)
    _float_round                             0x08000777   Thumb Code    18  fepilogue.o(.text)
    _float_epilogue                          0x08000789   Thumb Code    92  fepilogue.o(.text)
    _double_round                            0x080007e5   Thumb Code    30  depilogue.o(.text)
    _double_epilogue                         0x08000803   Thumb Code   156  depilogue.o(.text)
    _dsqrt                                   0x0800089f   Thumb Code   162  dsqrt.o(.text)
    __scatterload                            0x08000941   Thumb Code    28  init.o(.text)
    __scatterload_rt2                        0x08000941   Thumb Code     0  init.o(.text)
    App_ID_Init                              0x08000965   Thumb Code    56  app_display.o(i.App_ID_Init)
    App_KeyFunction                          0x080009a9   Thumb Code   244  app_key.o(i.App_KeyFunction)
    App_OLED_Init                            0x08000aad   Thumb Code     8  app_display.o(i.App_OLED_Init)
    App_OLED_Show                            0x08000ab5   Thumb Code   216  app_display.o(i.App_OLED_Show)
    BusFault_Handler                         0x08000ba5   Thumb Code     4  stm32f1xx_it.o(i.BusFault_Handler)
    DebugMon_Handler                         0x08000ba9   Thumb Code     2  stm32f1xx_it.o(i.DebugMon_Handler)
    EXTI15_10_IRQHandler                     0x08000bab   Thumb Code    12  stm32f1xx_it.o(i.EXTI15_10_IRQHandler)
    EXTI3_IRQHandler                         0x08000bb7   Thumb Code    10  stm32f1xx_it.o(i.EXTI3_IRQHandler)
    EXTI4_IRQHandler                         0x08000bc1   Thumb Code    10  stm32f1xx_it.o(i.EXTI4_IRQHandler)
    EXTI9_5_IRQHandler                       0x08000bcb   Thumb Code    10  stm32f1xx_it.o(i.EXTI9_5_IRQHandler)
    Error_Handler                            0x08000bd5   Thumb Code     6  main.o(i.Error_Handler)
    HAL_Delay                                0x08000bdd   Thumb Code    36  stm32f1xx_hal.o(i.HAL_Delay)
    HAL_GPIO_EXTI_Callback                   0x08000c05   Thumb Code   126  stm32f1xx_it.o(i.HAL_GPIO_EXTI_Callback)
    HAL_GPIO_EXTI_IRQHandler                 0x08000cb1   Thumb Code    24  stm32f1xx_hal_gpio.o(i.HAL_GPIO_EXTI_IRQHandler)
    HAL_GPIO_Init                            0x08000ccd   Thumb Code   766  stm32f1xx_hal_gpio.o(i.HAL_GPIO_Init)
    HAL_GPIO_ReadPin                         0x08000fed   Thumb Code    16  stm32f1xx_hal_gpio.o(i.HAL_GPIO_ReadPin)
    HAL_GPIO_WritePin                        0x08000ffd   Thumb Code    12  stm32f1xx_hal_gpio.o(i.HAL_GPIO_WritePin)
    HAL_GetTick                              0x08001009   Thumb Code     6  stm32f1xx_hal.o(i.HAL_GetTick)
    HAL_I2C_Init                             0x08001015   Thumb Code   446  stm32f1xx_hal_i2c.o(i.HAL_I2C_Init)
    HAL_I2C_Master_Transmit                  0x080011e5   Thumb Code   360  stm32f1xx_hal_i2c.o(i.HAL_I2C_Master_Transmit)
    HAL_I2C_Mem_Read                         0x08001355   Thumb Code   868  stm32f1xx_hal_i2c.o(i.HAL_I2C_Mem_Read)
    HAL_I2C_Mem_Write                        0x080016c9   Thumb Code   348  stm32f1xx_hal_i2c.o(i.HAL_I2C_Mem_Write)
    HAL_I2C_MspInit                          0x0800182d   Thumb Code   106  i2c.o(i.HAL_I2C_MspInit)
    HAL_IncTick                              0x080018a5   Thumb Code    16  stm32f1xx_hal.o(i.HAL_IncTick)
    HAL_Init                                 0x080018bd   Thumb Code    34  stm32f1xx_hal.o(i.HAL_Init)
    HAL_InitTick                             0x080018e5   Thumb Code    64  stm32f1xx_hal.o(i.HAL_InitTick)
    HAL_MspInit                              0x08001931   Thumb Code    76  stm32f1xx_hal_msp.o(i.HAL_MspInit)
    HAL_NVIC_EnableIRQ                       0x08001985   Thumb Code    32  stm32f1xx_hal_cortex.o(i.HAL_NVIC_EnableIRQ)
    HAL_NVIC_SetPriority                     0x080019a5   Thumb Code   124  stm32f1xx_hal_cortex.o(i.HAL_NVIC_SetPriority)
    HAL_NVIC_SetPriorityGrouping             0x08001a21   Thumb Code    32  stm32f1xx_hal_cortex.o(i.HAL_NVIC_SetPriorityGrouping)
    HAL_RCC_ClockConfig                      0x08001a49   Thumb Code   376  stm32f1xx_hal_rcc.o(i.HAL_RCC_ClockConfig)
    HAL_RCC_GetHCLKFreq                      0x08001bd5   Thumb Code     6  stm32f1xx_hal_rcc.o(i.HAL_RCC_GetHCLKFreq)
    HAL_RCC_GetPCLK1Freq                     0x08001be1   Thumb Code    22  stm32f1xx_hal_rcc.o(i.HAL_RCC_GetPCLK1Freq)
    HAL_RCC_GetPCLK2Freq                     0x08001c01   Thumb Code    22  stm32f1xx_hal_rcc.o(i.HAL_RCC_GetPCLK2Freq)
    HAL_RCC_GetSysClockFreq                  0x08001c21   Thumb Code    92  stm32f1xx_hal_rcc.o(i.HAL_RCC_GetSysClockFreq)
    HAL_RCC_OscConfig                        0x08001c91   Thumb Code  1114  stm32f1xx_hal_rcc.o(i.HAL_RCC_OscConfig)
    HAL_SYSTICK_Config                       0x080020f5   Thumb Code    52  stm32f1xx_hal_cortex.o(i.HAL_SYSTICK_Config)
    HAL_TIMEx_BreakCallback                  0x08002129   Thumb Code     2  stm32f1xx_hal_tim_ex.o(i.HAL_TIMEx_BreakCallback)
    HAL_TIMEx_CommutCallback                 0x0800212b   Thumb Code     2  stm32f1xx_hal_tim_ex.o(i.HAL_TIMEx_CommutCallback)
    HAL_TIMEx_ConfigBreakDeadTime            0x0800212d   Thumb Code   116  stm32f1xx_hal_tim_ex.o(i.HAL_TIMEx_ConfigBreakDeadTime)
    HAL_TIMEx_MasterConfigSynchronization    0x080021a1   Thumb Code   118  stm32f1xx_hal_tim_ex.o(i.HAL_TIMEx_MasterConfigSynchronization)
    HAL_TIM_Base_Init                        0x08002225   Thumb Code   102  stm32f1xx_hal_tim.o(i.HAL_TIM_Base_Init)
    HAL_TIM_Base_MspInit                     0x0800228d   Thumb Code    58  tim.o(i.HAL_TIM_Base_MspInit)
    HAL_TIM_ConfigClockSource                0x080022d1   Thumb Code   268  stm32f1xx_hal_tim.o(i.HAL_TIM_ConfigClockSource)
    HAL_TIM_IC_CaptureCallback               0x080023dd   Thumb Code     2  stm32f1xx_hal_tim.o(i.HAL_TIM_IC_CaptureCallback)
    HAL_TIM_IRQHandler                       0x080023df   Thumb Code   364  stm32f1xx_hal_tim.o(i.HAL_TIM_IRQHandler)
    HAL_TIM_MspPostInit                      0x0800254d   Thumb Code    74  tim.o(i.HAL_TIM_MspPostInit)
    HAL_TIM_OC_ConfigChannel                 0x080025a5   Thumb Code   112  stm32f1xx_hal_tim.o(i.HAL_TIM_OC_ConfigChannel)
    HAL_TIM_OC_DelayElapsedCallback          0x08002615   Thumb Code   138  stepper.o(i.HAL_TIM_OC_DelayElapsedCallback)
    HAL_TIM_OC_Init                          0x080026b9   Thumb Code   102  stm32f1xx_hal_tim.o(i.HAL_TIM_OC_Init)
    HAL_TIM_OC_MspInit                       0x0800271f   Thumb Code     2  stm32f1xx_hal_tim.o(i.HAL_TIM_OC_MspInit)
    HAL_TIM_OC_Start_IT                      0x08002721   Thumb Code   280  stm32f1xx_hal_tim.o(i.HAL_TIM_OC_Start_IT)
    HAL_TIM_OC_Stop_IT                       0x08002845   Thumb Code   236  stm32f1xx_hal_tim.o(i.HAL_TIM_OC_Stop_IT)
    HAL_TIM_PWM_PulseFinishedCallback        0x08002935   Thumb Code     2  stm32f1xx_hal_tim.o(i.HAL_TIM_PWM_PulseFinishedCallback)
    HAL_TIM_PeriodElapsedCallback            0x08002937   Thumb Code     2  stm32f1xx_hal_tim.o(i.HAL_TIM_PeriodElapsedCallback)
    HAL_TIM_TriggerCallback                  0x08002939   Thumb Code     2  stm32f1xx_hal_tim.o(i.HAL_TIM_TriggerCallback)
    HAL_UART_Init                            0x0800293b   Thumb Code   118  stm32f1xx_hal_uart.o(i.HAL_UART_Init)
    HAL_UART_MspInit                         0x080029b1   Thumb Code   122  usart.o(i.HAL_UART_MspInit)
    HAL_UART_Transmit                        0x08002a39   Thumb Code   190  stm32f1xx_hal_uart.o(i.HAL_UART_Transmit)
    HardFault_Handler                        0x08002af7   Thumb Code     4  stm32f1xx_it.o(i.HardFault_Handler)
    Inf_OLED_Clear                           0x08003149   Thumb Code    42  int_oled.o(i.Inf_OLED_Clear)
    Inf_OLED_DrawPoint                       0x08003179   Thumb Code   114  int_oled.o(i.Inf_OLED_DrawPoint)
    Inf_OLED_Init                            0x080031f1   Thumb Code   240  int_oled.o(i.Inf_OLED_Init)
    Inf_OLED_Pow                             0x080032e1   Thumb Code    22  int_oled.o(i.Inf_OLED_Pow)
    Inf_OLED_Refresh                         0x080032f9   Thumb Code    70  int_oled.o(i.Inf_OLED_Refresh)
    Inf_OLED_ShowChar                        0x08003345   Thumb Code   300  int_oled.o(i.Inf_OLED_ShowChar)
    Inf_OLED_ShowChinese                     0x08003481   Thumb Code   186  int_oled.o(i.Inf_OLED_ShowChinese)
    Inf_OLED_ShowNum                         0x08003541   Thumb Code   140  int_oled.o(i.Inf_OLED_ShowNum)
    Inf_OLED_ShowString                      0x080035cd   Thumb Code    74  int_oled.o(i.Inf_OLED_ShowString)
    Inf_OLED_WR_Byte                         0x08003619   Thumb Code    40  int_oled.o(i.Inf_OLED_WR_Byte)
    MX_GPIO_Init                             0x08003645   Thumb Code   302  gpio.o(i.MX_GPIO_Init)
    MX_I2C2_Init                             0x08003785   Thumb Code    48  i2c.o(i.MX_I2C2_Init)
    MX_TIM1_Init                             0x080037c1   Thumb Code   206  tim.o(i.MX_TIM1_Init)
    MX_USART1_UART_Init                      0x08003899   Thumb Code    46  usart.o(i.MX_USART1_UART_Init)
    MemManage_Handler                        0x080038d1   Thumb Code     4  stm32f1xx_it.o(i.MemManage_Handler)
    NMI_Handler                              0x080038d5   Thumb Code     4  stm32f1xx_it.o(i.NMI_Handler)
    PendSV_Handler                           0x080038d9   Thumb Code     2  stm32f1xx_it.o(i.PendSV_Handler)
    SVC_Handler                              0x08003905   Thumb Code     2  stm32f1xx_it.o(i.SVC_Handler)
    Stepper_CalculateNextStep                0x08003909   Thumb Code   404  stepper.o(i.Stepper_CalculateNextStep)
    Stepper_Config                           0x08003aa9   Thumb Code   344  stepper.o(i.Stepper_Config)
    Stepper_Start                            0x08003c15   Thumb Code    34  stepper.o(i.Stepper_Start)
    Stepper_Stop                             0x08003c45   Thumb Code    12  stepper.o(i.Stepper_Stop)
    SysTick_Handler                          0x08003c55   Thumb Code     8  stm32f1xx_it.o(i.SysTick_Handler)
    SystemClock_Config                       0x08003c5d   Thumb Code   102  main.o(i.SystemClock_Config)
    SystemInit                               0x08003cc3   Thumb Code     2  system_stm32f1xx.o(i.SystemInit)
    TIM1_CC_IRQHandler                       0x08003cc5   Thumb Code    10  stm32f1xx_it.o(i.TIM1_CC_IRQHandler)
    TIM_Base_SetConfig                       0x08003cd5   Thumb Code   120  stm32f1xx_hal_tim.o(i.TIM_Base_SetConfig)
    TIM_CCxChannelCmd                        0x08003d59   Thumb Code    34  stm32f1xx_hal_tim.o(i.TIM_CCxChannelCmd)
    TIM_ETR_SetConfig                        0x08003d7b   Thumb Code    22  stm32f1xx_hal_tim.o(i.TIM_ETR_SetConfig)
    TIM_OC2_SetConfig                        0x08003e05   Thumb Code   100  stm32f1xx_hal_tim.o(i.TIM_OC2_SetConfig)
    UsageFault_Handler                       0x08004161   Thumb Code     4  stm32f1xx_it.o(i.UsageFault_Handler)
    W24C02_ReadByte                          0x08004165   Thumb Code    38  w24c02.o(i.W24C02_ReadByte)
    W24C02_WriteByte                         0x08004191   Thumb Code    42  w24c02.o(i.W24C02_WriteByte)
    __0printf$3                              0x080041c1   Thumb Code    22  printf3.o(i.__0printf$3)
    __1printf$3                              0x080041c1   Thumb Code     0  printf3.o(i.__0printf$3)
    __2printf                                0x080041c1   Thumb Code     0  printf3.o(i.__0printf$3)
    __scatterload_copy                       0x08004219   Thumb Code    14  handlers.o(i.__scatterload_copy)
    __scatterload_null                       0x08004227   Thumb Code     2  handlers.o(i.__scatterload_null)
    __scatterload_zeroinit                   0x08004229   Thumb Code    14  handlers.o(i.__scatterload_zeroinit)
    __set_errno                              0x08004239   Thumb Code     6  errno.o(i.__set_errno)
    fputc                                    0x080043fd   Thumb Code    22  com_debug.o(i.fputc)
    main                                     0x08004419   Thumb Code    44  main.o(i.main)
    sqrt                                     0x08004445   Thumb Code    76  sqrt.o(i.sqrt)
    AHBPrescTable                            0x080044a2   Data          16  system_stm32f1xx.o(.constdata)
    APBPrescTable                            0x080044b2   Data           8  system_stm32f1xx.o(.constdata)
    asc2_0806                                0x080044ba   Data         552  int_oled.o(.constdata)
    asc2_1206                                0x080046e2   Data        1140  int_oled.o(.constdata)
    asc2_1608                                0x08004b56   Data        1520  int_oled.o(.constdata)
    asc2_2412                                0x08005146   Data        3420  int_oled.o(.constdata)
    Hzk1                                     0x08005ea2   Data         224  int_oled.o(.constdata)
    Region$$Table$$Base                      0x08005f84   Number         0  anon$$obj.o(Region$$Table)
    Region$$Table$$Limit                     0x08005fa4   Number         0  anon$$obj.o(Region$$Table)
    key_state                                0x20000000   Data           1  stm32f1xx_it.o(.data)
    uwTick                                   0x20000004   Data           4  stm32f1xx_hal.o(.data)
    uwTickPrio                               0x20000008   Data           4  stm32f1xx_hal.o(.data)
    uwTickFreq                               0x2000000c   Data           1  stm32f1xx_hal.o(.data)
    SystemCoreClock                          0x20000010   Data           4  system_stm32f1xx.o(.data)
    step_interval                            0x20000014   Data           4  stepper.o(.data)
    step_remainder                           0x20000018   Data           4  stepper.o(.data)
    stepper_motor                            0x2000001c   Data          36  stepper.o(.data)
    double_flag                              0x20000040   Data           1  stepper.o(.data)
    machine_ID                               0x20000041   Data           1  app_display.o(.data)
    display_flag                             0x20000042   Data           1  app_display.o(.data)
    set_circle                               0x20000043   Data           1  app_display.o(.data)
    __stdout                                 0x20000044   Data           4  stdout.o(.data)
    hi2c2                                    0x2000004c   Data          84  i2c.o(.bss)
    htim1                                    0x200000a0   Data          72  tim.o(.bss)
    huart1                                   0x200000e8   Data          72  usart.o(.bss)
    OLED_GRAM                                0x20000130   Data        1152  int_oled.o(.bss)
    __initial_sp                             0x200009b0   Data           0  startup_stm32f103xb.o(STACK)



==============================================================================

Memory Map of the image

  Image Entry point : 0x080000ed

  Load Region LR_IROM1 (Base: 0x08000000, Size: 0x00005ff0, Max: 0x00010000, ABSOLUTE)

    Execution Region ER_IROM1 (Exec base: 0x08000000, Load base: 0x08000000, Size: 0x00005fa4, Max: 0x00010000, ABSOLUTE)

    Exec Addr    Load Addr    Size         Type   Attr      Idx    E Section Name        Object

    0x08000000   0x08000000   0x000000ec   Data   RO            3    RESET               startup_stm32f103xb.o
    0x080000ec   0x080000ec   0x00000000   Code   RO         3740  * .ARM.Collect$$$$00000000  mc_w.l(entry.o)
    0x080000ec   0x080000ec   0x00000004   Code   RO         4036    .ARM.Collect$$$$00000001  mc_w.l(entry2.o)
    0x080000f0   0x080000f0   0x00000004   Code   RO         4039    .ARM.Collect$$$$00000004  mc_w.l(entry5.o)
    0x080000f4   0x080000f4   0x00000000   Code   RO         4041    .ARM.Collect$$$$00000008  mc_w.l(entry7b.o)
    0x080000f4   0x080000f4   0x00000000   Code   RO         4043    .ARM.Collect$$$$0000000A  mc_w.l(entry8b.o)
    0x080000f4   0x080000f4   0x00000008   Code   RO         4044    .ARM.Collect$$$$0000000B  mc_w.l(entry9a.o)
    0x080000fc   0x080000fc   0x00000004   Code   RO         4051    .ARM.Collect$$$$0000000E  mc_w.l(entry12b.o)
    0x08000100   0x08000100   0x00000000   Code   RO         4046    .ARM.Collect$$$$0000000F  mc_w.l(entry10a.o)
    0x08000100   0x08000100   0x00000000   Code   RO         4048    .ARM.Collect$$$$00000011  mc_w.l(entry11a.o)
    0x08000100   0x08000100   0x00000004   Code   RO         4037    .ARM.Collect$$$$00002712  mc_w.l(entry2.o)
    0x08000104   0x08000104   0x00000024   Code   RO            4    .text               startup_stm32f103xb.o
    0x08000128   0x08000128   0x00000020   Code   RO         3743    .text               mc_w.l(llushr.o)
    0x08000148   0x08000148   0x00000024   Code   RO         3745    .text               mc_w.l(memseta.o)
    0x0800016c   0x0800016c   0x000000b0   Code   RO         4010    .text               mf_w.l(fadd.o)
    0x0800021c   0x0800021c   0x00000064   Code   RO         4012    .text               mf_w.l(fmul.o)
    0x08000280   0x08000280   0x0000007c   Code   RO         4014    .text               mf_w.l(fdiv.o)
    0x080002fc   0x080002fc   0x0000014e   Code   RO         4016    .text               mf_w.l(dadd.o)
    0x0800044a   0x0800044a   0x000000e4   Code   RO         4018    .text               mf_w.l(dmul.o)
    0x0800052e   0x0800052e   0x000000de   Code   RO         4020    .text               mf_w.l(ddiv.o)
    0x0800060c   0x0800060c   0x0000001a   Code   RO         4022    .text               mf_w.l(dfltui.o)
    0x08000626   0x08000626   0x00000028   Code   RO         4024    .text               mf_w.l(ffixui.o)
    0x0800064e   0x0800064e   0x00000032   Code   RO         4026    .text               mf_w.l(dfixui.o)
    0x08000680   0x08000680   0x00000026   Code   RO         4028    .text               mf_w.l(f2d.o)
    0x080006a6   0x080006a6   0x00000038   Code   RO         4030    .text               mf_w.l(d2f.o)
    0x080006de   0x080006de   0x00000002   PAD
    0x080006e0   0x080006e0   0x00000014   Code   RO         4032    .text               mf_w.l(cfcmple.o)
    0x080006f4   0x080006f4   0x00000014   Code   RO         4034    .text               mf_w.l(cfrcmple.o)
    0x08000708   0x08000708   0x0000002c   Code   RO         4053    .text               mc_w.l(uidiv.o)
    0x08000734   0x08000734   0x0000001e   Code   RO         4057    .text               mc_w.l(llshl.o)
    0x08000752   0x08000752   0x00000024   Code   RO         4059    .text               mc_w.l(llsshr.o)
    0x08000776   0x08000776   0x00000000   Code   RO         4068    .text               mc_w.l(iusefp.o)
    0x08000776   0x08000776   0x0000006e   Code   RO         4069    .text               mf_w.l(fepilogue.o)
    0x080007e4   0x080007e4   0x000000ba   Code   RO         4071    .text               mf_w.l(depilogue.o)
    0x0800089e   0x0800089e   0x000000a2   Code   RO         4073    .text               mf_w.l(dsqrt.o)
    0x08000940   0x08000940   0x00000024   Code   RO         4081    .text               mc_w.l(init.o)
    0x08000964   0x08000964   0x00000044   Code   RO         3662    i.App_ID_Init       app_display.o
    0x080009a8   0x080009a8   0x00000104   Code   RO         3704    i.App_KeyFunction   app_key.o
    0x08000aac   0x08000aac   0x00000008   Code   RO         3663    i.App_OLED_Init     app_display.o
    0x08000ab4   0x08000ab4   0x000000f0   Code   RO         3664    i.App_OLED_Show     app_display.o
    0x08000ba4   0x08000ba4   0x00000004   Code   RO          336    i.BusFault_Handler  stm32f1xx_it.o
    0x08000ba8   0x08000ba8   0x00000002   Code   RO          337    i.DebugMon_Handler  stm32f1xx_it.o
    0x08000baa   0x08000baa   0x0000000c   Code   RO          338    i.EXTI15_10_IRQHandler  stm32f1xx_it.o
    0x08000bb6   0x08000bb6   0x0000000a   Code   RO          339    i.EXTI3_IRQHandler  stm32f1xx_it.o
    0x08000bc0   0x08000bc0   0x0000000a   Code   RO          340    i.EXTI4_IRQHandler  stm32f1xx_it.o
    0x08000bca   0x08000bca   0x0000000a   Code   RO          341    i.EXTI9_5_IRQHandler  stm32f1xx_it.o
    0x08000bd4   0x08000bd4   0x00000006   Code   RO           13    i.Error_Handler     main.o
    0x08000bda   0x08000bda   0x00000002   PAD
    0x08000bdc   0x08000bdc   0x00000028   Code   RO          995    i.HAL_Delay         stm32f1xx_hal.o
    0x08000c04   0x08000c04   0x000000ac   Code   RO          342    i.HAL_GPIO_EXTI_Callback  stm32f1xx_it.o
    0x08000cb0   0x08000cb0   0x0000001c   Code   RO         1309    i.HAL_GPIO_EXTI_IRQHandler  stm32f1xx_hal_gpio.o
    0x08000ccc   0x08000ccc   0x00000320   Code   RO         1310    i.HAL_GPIO_Init     stm32f1xx_hal_gpio.o
    0x08000fec   0x08000fec   0x00000010   Code   RO         1312    i.HAL_GPIO_ReadPin  stm32f1xx_hal_gpio.o
    0x08000ffc   0x08000ffc   0x0000000c   Code   RO         1314    i.HAL_GPIO_WritePin  stm32f1xx_hal_gpio.o
    0x08001008   0x08001008   0x0000000c   Code   RO          999    i.HAL_GetTick       stm32f1xx_hal.o
    0x08001014   0x08001014   0x000001d0   Code   RO          522    i.HAL_I2C_Init      stm32f1xx_hal_i2c.o
    0x080011e4   0x080011e4   0x00000170   Code   RO          535    i.HAL_I2C_Master_Transmit  stm32f1xx_hal_i2c.o
    0x08001354   0x08001354   0x00000374   Code   RO          540    i.HAL_I2C_Mem_Read  stm32f1xx_hal_i2c.o
    0x080016c8   0x080016c8   0x00000164   Code   RO          543    i.HAL_I2C_Mem_Write  stm32f1xx_hal_i2c.o
    0x0800182c   0x0800182c   0x00000078   Code   RO          205    i.HAL_I2C_MspInit   i2c.o
    0x080018a4   0x080018a4   0x00000018   Code   RO         1005    i.HAL_IncTick       stm32f1xx_hal.o
    0x080018bc   0x080018bc   0x00000028   Code   RO         1006    i.HAL_Init          stm32f1xx_hal.o
    0x080018e4   0x080018e4   0x0000004c   Code   RO         1007    i.HAL_InitTick      stm32f1xx_hal.o
    0x08001930   0x08001930   0x00000054   Code   RO          451    i.HAL_MspInit       stm32f1xx_hal_msp.o
    0x08001984   0x08001984   0x00000020   Code   RO         1470    i.HAL_NVIC_EnableIRQ  stm32f1xx_hal_cortex.o
    0x080019a4   0x080019a4   0x0000007c   Code   RO         1476    i.HAL_NVIC_SetPriority  stm32f1xx_hal_cortex.o
    0x08001a20   0x08001a20   0x00000028   Code   RO         1477    i.HAL_NVIC_SetPriorityGrouping  stm32f1xx_hal_cortex.o
    0x08001a48   0x08001a48   0x0000018c   Code   RO         1163    i.HAL_RCC_ClockConfig  stm32f1xx_hal_rcc.o
    0x08001bd4   0x08001bd4   0x0000000c   Code   RO         1168    i.HAL_RCC_GetHCLKFreq  stm32f1xx_hal_rcc.o
    0x08001be0   0x08001be0   0x00000020   Code   RO         1170    i.HAL_RCC_GetPCLK1Freq  stm32f1xx_hal_rcc.o
    0x08001c00   0x08001c00   0x00000020   Code   RO         1171    i.HAL_RCC_GetPCLK2Freq  stm32f1xx_hal_rcc.o
    0x08001c20   0x08001c20   0x00000070   Code   RO         1172    i.HAL_RCC_GetSysClockFreq  stm32f1xx_hal_rcc.o
    0x08001c90   0x08001c90   0x00000464   Code   RO         1175    i.HAL_RCC_OscConfig  stm32f1xx_hal_rcc.o
    0x080020f4   0x080020f4   0x00000034   Code   RO         1481    i.HAL_SYSTICK_Config  stm32f1xx_hal_cortex.o
    0x08002128   0x08002128   0x00000002   Code   RO         2713    i.HAL_TIMEx_BreakCallback  stm32f1xx_hal_tim_ex.o
    0x0800212a   0x0800212a   0x00000002   Code   RO         2714    i.HAL_TIMEx_CommutCallback  stm32f1xx_hal_tim_ex.o
    0x0800212c   0x0800212c   0x00000074   Code   RO         2716    i.HAL_TIMEx_ConfigBreakDeadTime  stm32f1xx_hal_tim_ex.o
    0x080021a0   0x080021a0   0x00000084   Code   RO         2732    i.HAL_TIMEx_MasterConfigSynchronization  stm32f1xx_hal_tim_ex.o
    0x08002224   0x08002224   0x00000066   Code   RO         1998    i.HAL_TIM_Base_Init  stm32f1xx_hal_tim.o
    0x0800228a   0x0800228a   0x00000002   PAD
    0x0800228c   0x0800228c   0x00000044   Code   RO          247    i.HAL_TIM_Base_MspInit  tim.o
    0x080022d0   0x080022d0   0x0000010c   Code   RO         2007    i.HAL_TIM_ConfigClockSource  stm32f1xx_hal_tim.o
    0x080023dc   0x080023dc   0x00000002   Code   RO         2032    i.HAL_TIM_IC_CaptureCallback  stm32f1xx_hal_tim.o
    0x080023de   0x080023de   0x0000016c   Code   RO         2046    i.HAL_TIM_IRQHandler  stm32f1xx_hal_tim.o
    0x0800254a   0x0800254a   0x00000002   PAD
    0x0800254c   0x0800254c   0x00000058   Code   RO          248    i.HAL_TIM_MspPostInit  tim.o
    0x080025a4   0x080025a4   0x00000070   Code   RO         2047    i.HAL_TIM_OC_ConfigChannel  stm32f1xx_hal_tim.o
    0x08002614   0x08002614   0x000000a4   Code   RO         3604    i.HAL_TIM_OC_DelayElapsedCallback  stepper.o
    0x080026b8   0x080026b8   0x00000066   Code   RO         2051    i.HAL_TIM_OC_Init   stm32f1xx_hal_tim.o
    0x0800271e   0x0800271e   0x00000002   Code   RO         2053    i.HAL_TIM_OC_MspInit  stm32f1xx_hal_tim.o
    0x08002720   0x08002720   0x00000124   Code   RO         2056    i.HAL_TIM_OC_Start_IT  stm32f1xx_hal_tim.o
    0x08002844   0x08002844   0x000000f0   Code   RO         2059    i.HAL_TIM_OC_Stop_IT  stm32f1xx_hal_tim.o
    0x08002934   0x08002934   0x00000002   Code   RO         2076    i.HAL_TIM_PWM_PulseFinishedCallback  stm32f1xx_hal_tim.o
    0x08002936   0x08002936   0x00000002   Code   RO         2084    i.HAL_TIM_PeriodElapsedCallback  stm32f1xx_hal_tim.o
    0x08002938   0x08002938   0x00000002   Code   RO         2089    i.HAL_TIM_TriggerCallback  stm32f1xx_hal_tim.o
    0x0800293a   0x0800293a   0x00000076   Code   RO         3010    i.HAL_UART_Init     stm32f1xx_hal_uart.o
    0x080029b0   0x080029b0   0x00000088   Code   RO          295    i.HAL_UART_MspInit  usart.o
    0x08002a38   0x08002a38   0x000000be   Code   RO         3018    i.HAL_UART_Transmit  stm32f1xx_hal_uart.o
    0x08002af6   0x08002af6   0x00000004   Code   RO          343    i.HardFault_Handler  stm32f1xx_it.o
    0x08002afa   0x08002afa   0x0000003e   Code   RO          566    i.I2C_IsAcknowledgeFailed  stm32f1xx_hal_i2c.o
    0x08002b38   0x08002b38   0x000000c0   Code   RO          570    i.I2C_MasterRequestWrite  stm32f1xx_hal_i2c.o
    0x08002bf8   0x08002bf8   0x00000160   Code   RO          577    i.I2C_RequestMemoryRead  stm32f1xx_hal_i2c.o
    0x08002d58   0x08002d58   0x000000e0   Code   RO          578    i.I2C_RequestMemoryWrite  stm32f1xx_hal_i2c.o
    0x08002e38   0x08002e38   0x00000066   Code   RO          586    i.I2C_WaitOnBTFFlagUntilTimeout  stm32f1xx_hal_i2c.o
    0x08002e9e   0x08002e9e   0x000000be   Code   RO          587    i.I2C_WaitOnFlagUntilTimeout  stm32f1xx_hal_i2c.o
    0x08002f5c   0x08002f5c   0x000000fa   Code   RO          588    i.I2C_WaitOnMasterAddressFlagUntilTimeout  stm32f1xx_hal_i2c.o
    0x08003056   0x08003056   0x0000008a   Code   RO          589    i.I2C_WaitOnRXNEFlagUntilTimeout  stm32f1xx_hal_i2c.o
    0x080030e0   0x080030e0   0x00000066   Code   RO          592    i.I2C_WaitOnTXEFlagUntilTimeout  stm32f1xx_hal_i2c.o
    0x08003146   0x08003146   0x00000002   PAD
    0x08003148   0x08003148   0x00000030   Code   RO         3423    i.Inf_OLED_Clear    int_oled.o
    0x08003178   0x08003178   0x00000078   Code   RO         3430    i.Inf_OLED_DrawPoint  int_oled.o
    0x080031f0   0x080031f0   0x000000f0   Code   RO         3431    i.Inf_OLED_Init     int_oled.o
    0x080032e0   0x080032e0   0x00000016   Code   RO         3432    i.Inf_OLED_Pow      int_oled.o
    0x080032f6   0x080032f6   0x00000002   PAD
    0x080032f8   0x080032f8   0x0000004c   Code   RO         3433    i.Inf_OLED_Refresh  int_oled.o
    0x08003344   0x08003344   0x0000013c   Code   RO         3435    i.Inf_OLED_ShowChar  int_oled.o
    0x08003480   0x08003480   0x000000c0   Code   RO         3436    i.Inf_OLED_ShowChinese  int_oled.o
    0x08003540   0x08003540   0x0000008c   Code   RO         3437    i.Inf_OLED_ShowNum  int_oled.o
    0x080035cc   0x080035cc   0x0000004a   Code   RO         3439    i.Inf_OLED_ShowString  int_oled.o
    0x08003616   0x08003616   0x00000002   PAD
    0x08003618   0x08003618   0x0000002c   Code   RO         3440    i.Inf_OLED_WR_Byte  int_oled.o
    0x08003644   0x08003644   0x00000140   Code   RO          180    i.MX_GPIO_Init      gpio.o
    0x08003784   0x08003784   0x0000003c   Code   RO          206    i.MX_I2C2_Init      i2c.o
    0x080037c0   0x080037c0   0x000000d8   Code   RO          249    i.MX_TIM1_Init      tim.o
    0x08003898   0x08003898   0x00000038   Code   RO          296    i.MX_USART1_UART_Init  usart.o
    0x080038d0   0x080038d0   0x00000004   Code   RO          344    i.MemManage_Handler  stm32f1xx_it.o
    0x080038d4   0x080038d4   0x00000004   Code   RO          345    i.NMI_Handler       stm32f1xx_it.o
    0x080038d8   0x080038d8   0x00000002   Code   RO          346    i.PendSV_Handler    stm32f1xx_it.o
    0x080038da   0x080038da   0x00000002   PAD
    0x080038dc   0x080038dc   0x00000028   Code   RO         1176    i.RCC_Delay         stm32f1xx_hal_rcc.o
    0x08003904   0x08003904   0x00000002   Code   RO          347    i.SVC_Handler       stm32f1xx_it.o
    0x08003906   0x08003906   0x00000002   PAD
    0x08003908   0x08003908   0x000001a0   Code   RO         3605    i.Stepper_CalculateNextStep  stepper.o
    0x08003aa8   0x08003aa8   0x0000016c   Code   RO         3606    i.Stepper_Config    stepper.o
    0x08003c14   0x08003c14   0x00000030   Code   RO         3607    i.Stepper_Start     stepper.o
    0x08003c44   0x08003c44   0x00000010   Code   RO         3608    i.Stepper_Stop      stepper.o
    0x08003c54   0x08003c54   0x00000008   Code   RO          348    i.SysTick_Handler   stm32f1xx_it.o
    0x08003c5c   0x08003c5c   0x00000066   Code   RO           14    i.SystemClock_Config  main.o
    0x08003cc2   0x08003cc2   0x00000002   Code   RO         3354    i.SystemInit        system_stm32f1xx.o
    0x08003cc4   0x08003cc4   0x00000010   Code   RO          349    i.TIM1_CC_IRQHandler  stm32f1xx_it.o
    0x08003cd4   0x08003cd4   0x00000084   Code   RO         2091    i.TIM_Base_SetConfig  stm32f1xx_hal_tim.o
    0x08003d58   0x08003d58   0x00000022   Code   RO         2092    i.TIM_CCxChannelCmd  stm32f1xx_hal_tim.o
    0x08003d7a   0x08003d7a   0x00000016   Code   RO         2102    i.TIM_ETR_SetConfig  stm32f1xx_hal_tim.o
    0x08003d90   0x08003d90   0x00000012   Code   RO         2103    i.TIM_ITRx_SetConfig  stm32f1xx_hal_tim.o
    0x08003da2   0x08003da2   0x00000002   PAD
    0x08003da4   0x08003da4   0x00000060   Code   RO         2104    i.TIM_OC1_SetConfig  stm32f1xx_hal_tim.o
    0x08003e04   0x08003e04   0x00000068   Code   RO         2105    i.TIM_OC2_SetConfig  stm32f1xx_hal_tim.o
    0x08003e6c   0x08003e6c   0x00000068   Code   RO         2106    i.TIM_OC3_SetConfig  stm32f1xx_hal_tim.o
    0x08003ed4   0x08003ed4   0x00000048   Code   RO         2107    i.TIM_OC4_SetConfig  stm32f1xx_hal_tim.o
    0x08003f1c   0x08003f1c   0x00000026   Code   RO         2109    i.TIM_TI1_ConfigInputStage  stm32f1xx_hal_tim.o
    0x08003f42   0x08003f42   0x00000028   Code   RO         2111    i.TIM_TI2_ConfigInputStage  stm32f1xx_hal_tim.o
    0x08003f6a   0x08003f6a   0x0000006c   Code   RO         3033    i.UART_EndRxTransfer  stm32f1xx_hal_uart.o
    0x08003fd6   0x08003fd6   0x00000002   PAD
    0x08003fd8   0x08003fd8   0x000000fc   Code   RO         3037    i.UART_SetConfig    stm32f1xx_hal_uart.o
    0x080040d4   0x080040d4   0x0000008c   Code   RO         3041    i.UART_WaitOnFlagUntilTimeout  stm32f1xx_hal_uart.o
    0x08004160   0x08004160   0x00000004   Code   RO          350    i.UsageFault_Handler  stm32f1xx_it.o
    0x08004164   0x08004164   0x0000002c   Code   RO         3559    i.W24C02_ReadByte   w24c02.o
    0x08004190   0x08004190   0x00000030   Code   RO         3561    i.W24C02_WriteByte  w24c02.o
    0x080041c0   0x080041c0   0x00000020   Code   RO         3838    i.__0printf$3       mc_w.l(printf3.o)
    0x080041e0   0x080041e0   0x00000010   Code   RO         1483    i.__NVIC_GetPriorityGrouping  stm32f1xx_hal_cortex.o
    0x080041f0   0x080041f0   0x00000028   Code   RO         1484    i.__NVIC_SetPriority  stm32f1xx_hal_cortex.o
    0x08004218   0x08004218   0x0000000e   Code   RO         4085    i.__scatterload_copy  mc_w.l(handlers.o)
    0x08004226   0x08004226   0x00000002   Code   RO         4086    i.__scatterload_null  mc_w.l(handlers.o)
    0x08004228   0x08004228   0x0000000e   Code   RO         4087    i.__scatterload_zeroinit  mc_w.l(handlers.o)
    0x08004236   0x08004236   0x00000002   PAD
    0x08004238   0x08004238   0x0000000c   Code   RO         4063    i.__set_errno       mc_w.l(errno.o)
    0x08004244   0x08004244   0x000001b8   Code   RO         3845    i._printf_core      mc_w.l(printf3.o)
    0x080043fc   0x080043fc   0x0000001c   Code   RO         3391    i.fputc             com_debug.o
    0x08004418   0x08004418   0x0000002c   Code   RO           15    i.main              main.o
    0x08004444   0x08004444   0x0000004c   Code   RO         3733    i.sqrt              m_ws.l(sqrt.o)
    0x08004490   0x08004490   0x00000012   Data   RO         1177    .constdata          stm32f1xx_hal_rcc.o
    0x080044a2   0x080044a2   0x00000018   Data   RO         3355    .constdata          system_stm32f1xx.o
    0x080044ba   0x080044ba   0x00001ac8   Data   RO         3442    .constdata          int_oled.o
    0x08005f82   0x08005f82   0x00000002   PAD
    0x08005f84   0x08005f84   0x00000020   Data   RO         4083    Region$$Table       anon$$obj.o


    Execution Region RW_IRAM1 (Exec base: 0x20000000, Load base: 0x08005fa4, Size: 0x000009b0, Max: 0x00005000, ABSOLUTE)

    Exec Addr    Load Addr    Size         Type   Attr      Idx    E Section Name        Object

    0x20000000   0x08005fa4   0x00000001   Data   RW          351    .data               stm32f1xx_it.o
    0x20000001   0x08005fa5   0x00000003   PAD
    0x20000004   0x08005fa8   0x00000009   Data   RW         1013    .data               stm32f1xx_hal.o
    0x2000000d   0x08005fb1   0x00000003   PAD
    0x20000010   0x08005fb4   0x00000004   Data   RW         3356    .data               system_stm32f1xx.o
    0x20000014   0x08005fb8   0x0000002d   Data   RW         3609    .data               stepper.o
    0x20000041   0x08005fe5   0x00000003   Data   RW         3665    .data               app_display.o
    0x20000044   0x08005fe8   0x00000004   Data   RW         4052    .data               mc_w.l(stdout.o)
    0x20000048   0x08005fec   0x00000004   Data   RW         4064    .data               mc_w.l(errno.o)
    0x2000004c        -       0x00000054   Zero   RW          207    .bss                i2c.o
    0x200000a0        -       0x00000048   Zero   RW          250    .bss                tim.o
    0x200000e8        -       0x00000048   Zero   RW          297    .bss                usart.o
    0x20000130        -       0x00000480   Zero   RW         3441    .bss                int_oled.o
    0x200005b0        -       0x00000400   Zero   RW            1    STACK               startup_stm32f103xb.o


==============================================================================

Image component sizes


      Code (inc. data)   RO Data    RW Data    ZI Data      Debug   Object Name

       316         36          0          3          0       1815   app_display.o
       260         16          0          0          0        594   app_key.o
        28          6          0          0          0        504   com_debug.o
       320         18          0          0          0       1015   gpio.o
       180         26          0          0         84       1589   i2c.o
      1272         44       6856          0       1152       8184   int_oled.o
       152          0          0          0          0     436800   main.o
        36          8        236          0       1024        800   startup_stm32f103xb.o
      1008         76          0         45          0       4231   stepper.o
       192         36          0          9          0       5853   stm32f1xx_hal.o
       304         22          0          0          0      29379   stm32f1xx_hal_cortex.o
       856         38          0          0          0       3894   stm32f1xx_hal_gpio.o
      3684         64          0          0          0      13544   stm32f1xx_hal_i2c.o
        84          8          0          0          0        886   stm32f1xx_hal_msp.o
      1748         98         18          0          0       5932   stm32f1xx_hal_rcc.o
      2150         48          0          0          0      15750   stm32f1xx_hal_tim.o
       252         14          0          0          0       3193   stm32f1xx_hal_tim_ex.o
       808          4          0          0          0       4344   stm32f1xx_hal_uart.o
       264         52          0          1          0       7014   stm32f1xx_it.o
         2          0         24          4          0       1107   system_stm32f1xx.o
       372         34          0          0         72       2380   tim.o
       192         24          0          0         72       1638   usart.o
        92         12          0          0          0       1097   w24c02.o

    ----------------------------------------------------------------------
     14592        684       7168         68       2404     551543   Object Totals
         0          0         32          0          0          0   (incl. Generated)
        20          0          2          6          0          0   (incl. Padding)

    ----------------------------------------------------------------------

      Code (inc. data)   RO Data    RW Data    ZI Data      Debug   Library Member Name

        76          0          0          0          0         84   sqrt.o
         0          0          0          0          0          0   entry.o
         0          0          0          0          0          0   entry10a.o
         0          0          0          0          0          0   entry11a.o
         4          0          0          0          0          0   entry12b.o
         8          4          0          0          0          0   entry2.o
         4          0          0          0          0          0   entry5.o
         0          0          0          0          0          0   entry7b.o
         0          0          0          0          0          0   entry8b.o
         8          4          0          0          0          0   entry9a.o
        12          6          0          4          0         68   errno.o
        30          0          0          0          0          0   handlers.o
        36          8          0          0          0         68   init.o
         0          0          0          0          0          0   iusefp.o
        30          0          0          0          0         68   llshl.o
        36          0          0          0          0         68   llsshr.o
        32          0          0          0          0         68   llushr.o
        36          0          0          0          0        108   memseta.o
       472         14          0          0          0        184   printf3.o
         0          0          0          4          0          0   stdout.o
        44          0          0          0          0         80   uidiv.o
        20          0          0          0          0         68   cfcmple.o
        20          0          0          0          0         68   cfrcmple.o
        56          0          0          0          0         88   d2f.o
       334          0          0          0          0        148   dadd.o
       222          0          0          0          0        100   ddiv.o
       186          0          0          0          0        176   depilogue.o
        50          0          0          0          0         76   dfixui.o
        26          0          0          0          0         76   dfltui.o
       228          0          0          0          0         96   dmul.o
       162          0          0          0          0        100   dsqrt.o
        38          0          0          0          0         68   f2d.o
       176          0          0          0          0        140   fadd.o
       124          0          0          0          0         88   fdiv.o
       110          0          0          0          0        168   fepilogue.o
        40          0          0          0          0         68   ffixui.o
       100          0          0          0          0         76   fmul.o

    ----------------------------------------------------------------------
      2724         36          0          8          0       2400   Library Totals
         4          0          0          0          0          0   (incl. Padding)

    ----------------------------------------------------------------------

      Code (inc. data)   RO Data    RW Data    ZI Data      Debug   Library Name

        76          0          0          0          0         84   m_ws.l
       752         36          0          8          0        712   mc_w.l
      1892          0          0          0          0       1604   mf_w.l

    ----------------------------------------------------------------------
      2724         36          0          8          0       2400   Library Totals

    ----------------------------------------------------------------------

==============================================================================


      Code (inc. data)   RO Data    RW Data    ZI Data      Debug   

     17316        720       7168         76       2404     547075   Grand Totals
     17316        720       7168         76       2404     547075   ELF Image Totals
     17316        720       7168         76          0          0   ROM Totals

==============================================================================

    Total RO  Size (Code + RO Data)                24484 (  23.91kB)
    Total RW  Size (RW Data + ZI Data)              2480 (   2.42kB)
    Total ROM Size (Code + RO Data + RW Data)      24560 (  23.98kB)

==============================================================================

